Component: ARM Compiler 5.06 update 6 (build 750) Tool: armlink [4d35ed]

==============================================================================

Section Cross References

    startup_stm32f071xb.o(STACK) refers (Special) to heapauxi.o(.text) for __use_two_region_memory
    startup_stm32f071xb.o(HEAP) refers (Special) to heapauxi.o(.text) for __use_two_region_memory
    startup_stm32f071xb.o(RESET) refers (Special) to heapauxi.o(.text) for __use_two_region_memory
    startup_stm32f071xb.o(RESET) refers to startup_stm32f071xb.o(STACK) for __initial_sp
    startup_stm32f071xb.o(RESET) refers to startup_stm32f071xb.o(.text) for Reset_Handler
    startup_stm32f071xb.o(RESET) refers to stm32f0xx_it.o(i.NMI_Handler) for NMI_Handler
    startup_stm32f071xb.o(RESET) refers to stm32f0xx_it.o(i.HardFault_Handler) for HardFault_Handler
    startup_stm32f071xb.o(RESET) refers to stm32f0xx_it.o(i.SVC_Handler) for SVC_Handler
    startup_stm32f071xb.o(RESET) refers to stm32f0xx_it.o(i.PendSV_Handler) for PendSV_Handler
    startup_stm32f071xb.o(RESET) refers to stm32f0xx_it.o(i.SysTick_Handler) for SysTick_Handler
    startup_stm32f071xb.o(.text) refers (Special) to heapauxi.o(.text) for __use_two_region_memory
    startup_stm32f071xb.o(.text) refers to system_stm32f0xx.o(i.SystemInit) for SystemInit
    startup_stm32f071xb.o(.text) refers to __main.o(!!!main) for __main
    startup_stm32f071xb.o(.text) refers to startup_stm32f071xb.o(HEAP) for Heap_Mem
    startup_stm32f071xb.o(.text) refers to startup_stm32f071xb.o(STACK) for Stack_Mem
    stm32f0xx_it.o(.ARM.exidx) refers to stm32f0xx_it.o(i.NMI_Handler) for i.NMI_Handler
    stm32f0xx_it.o(.ARM.exidx) refers to stm32f0xx_it.o(i.HardFault_Handler) for i.HardFault_Handler
    stm32f0xx_it.o(.ARM.exidx) refers to stm32f0xx_it.o(i.SVC_Handler) for i.SVC_Handler
    stm32f0xx_it.o(.ARM.exidx) refers to stm32f0xx_it.o(i.PendSV_Handler) for i.PendSV_Handler
    stm32f0xx_it.o(.ARM.exidx) refers to stm32f0xx_it.o(i.SysTick_Handler) for i.SysTick_Handler
    retarget.o(i._sys_read) refers to retarget.o(i.UART_read) for UART_read
    retarget.o(i._sys_read) refers to retarget.o(i.UART_write) for UART_write
    retarget.o(i._sys_write) refers to retarget.o(i.UART_write) for UART_write
    retarget.o(i._ttywrch) refers to retarget.o(i.UART_write) for UART_write
    retarget.o(.ARM.exidx) refers to retarget.o(i.UART_read) for i.UART_read
    retarget.o(.ARM.exidx) refers to retarget.o(i.UART_write) for i.UART_write
    retarget.o(.ARM.exidx) refers to retarget.o(i._sys_open) for i._sys_open
    retarget.o(.ARM.exidx) refers to retarget.o(i._sys_close) for i._sys_close
    retarget.o(.ARM.exidx) refers to retarget.o(i._sys_write) for i._sys_write
    retarget.o(.ARM.exidx) refers to retarget.o(i._sys_read) for i._sys_read
    retarget.o(.ARM.exidx) refers to retarget.o(i._ttywrch) for i._ttywrch
    retarget.o(.ARM.exidx) refers to retarget.o(i._sys_istty) for i._sys_istty
    retarget.o(.ARM.exidx) refers to retarget.o(i._sys_seek) for i._sys_seek
    retarget.o(.ARM.exidx) refers to retarget.o(i._sys_ensure) for i._sys_ensure
    retarget.o(.ARM.exidx) refers to retarget.o(i._sys_flen) for i._sys_flen
    retarget.o(.ARM.exidx) refers to retarget.o(i._sys_tmpnam) for i._sys_tmpnam
    retarget.o(.ARM.exidx) refers to retarget.o(i._sys_exit) for i._sys_exit
    main.o(i.$Sub$$main) refers to main.o(i._Z19MX_USART2_UART_Initv) for MX_USART2_UART_Init()
    main.o(i.$Sub$$main) refers to main.o(i.main) for $Super$$main
    main.o(i._Z12MX_GPIO_Initv) refers to main.o(i._Z24LL_AHB1_GRP1_EnableClockj) for LL_AHB1_GRP1_EnableClock(unsigned)
    main.o(i._Z18SystemClock_Configv) refers to main.o(i.Error_Handler) for Error_Handler
    main.o(i._Z18SystemClock_Configv) refers to stm32f0xx_ll_utils.o(i.LL_Init1msTick) for LL_Init1msTick
    main.o(i._Z18SystemClock_Configv) refers to stm32f0xx_ll_utils.o(i.LL_SetSystemCoreClock) for LL_SetSystemCoreClock
    main.o(i._Z19MX_USART2_UART_Initv) refers to rt_memclr.o(.text) for __aeabi_memclr4
    main.o(i._Z19MX_USART2_UART_Initv) refers to main.o(i._Z24LL_APB1_GRP1_EnableClockj) for LL_APB1_GRP1_EnableClock(unsigned)
    main.o(i._Z19MX_USART2_UART_Initv) refers to main.o(i._Z24LL_AHB1_GRP1_EnableClockj) for LL_AHB1_GRP1_EnableClock(unsigned)
    main.o(i._Z19MX_USART2_UART_Initv) refers to stm32f0xx_ll_gpio.o(i.LL_GPIO_Init) for LL_GPIO_Init
    main.o(i._Z19MX_USART2_UART_Initv) refers to stm32f0xx_ll_usart.o(i.LL_USART_Init) for LL_USART_Init
    main.o(i._ZN10STM32_TEST8TestGPIO8GPIOINITEv) refers to main.o(i._Z12MX_GPIO_Initv) for MX_GPIO_Init()
    main.o(i._ZN10STM32_TEST8TestGPIO8GPIOINITEv) refers to main.o(i._Z19MX_USART2_UART_Initv) for MX_USART2_UART_Init()
    main.o(i._ZN10STM32_TEST8TestGPIOC1Et) refers to noretval__2printf.o(.text) for __2printf
    main.o(i._ZN10STM32_TEST8TestGPIOC1Ev) refers to noretval__2printf.o(.text) for __2printf
[...]
    fseek.o(.text) refers to retarget.o(i._sys_istty) for _sys_istty
    fseek.o(.text) refers to ftell.o(.text) for _ftell_internal
    fseek.o(.text) refers to retarget.o(i._sys_flen) for _sys_flen
    fseek.o(.text) refers to stdio.o(.text) for _seterr
    stdio.o(.text) refers to retarget.o(i._sys_seek) for _sys_seek
    stdio.o(.text) refers to retarget.o(i._sys_write) for _sys_write
    fwritefast.o(.text) refers to stdio.o(.text) for _writebuf
    fwritefast.o(.text) refers to flsbuf.o(.text) for __flsbuf_byte
    fwritefast.o(.text) refers to rt_memcpy.o(.text) for __aeabi_memcpy
    fwritefast_locked.o(.text) refers to stdio.o(.text) for _writebuf
    fwritefast_locked.o(.text) refers to flsbuf.o(.text) for __flsbuf_byte
    fwritefast_locked.o(.text) refers to rt_memcpy.o(.text) for __aeabi_memcpy
    defsig_exit.o(.text) refers to retarget.o(i._sys_exit) for _sys_exit
    defsig_fpe_inner.o(.text) refers to defsig_general.o(.text) for __default_signal_display
    defsig_rtred_inner.o(.text) refers to defsig_general.o(.text) for __default_signal_display
    assert_stdio.o(.text) refers to fputs.o(.text) for fputs
    assert_stdio.o(.text) refers to fflush.o(.text) for fflush
    assert_stdio.o(.text) refers to stdio_streams.o(.bss) for __stderr
    rt_memcpy.o(.text) refers to rt_memcpy.o(.emb_text) for __aeabi_memcpy4
    rtexit2.o(.ARM.Collect$$rtexit$$00000003) refers to libshutdown.o(.ARM.Collect$$libshutdown$$00000000) for __rt_lib_shutdown
    rtexit2.o(.ARM.Collect$$rtexit$$00000004) refers to retarget.o(i._sys_exit) for _sys_exit
    rtexit2.o(.ARM.exidx) refers to rtexit2.o(.ARM.Collect$$rtexit$$00000001) for .ARM.Collect$$rtexit$$00000001
    rtexit2.o(.ARM.exidx) refers to rtexit2.o(.ARM.Collect$$rtexit$$00000003) for .ARM.Collect$$rtexit$$00000003
    rtexit2.o(.ARM.exidx) refers to rtexit2.o(.ARM.Collect$$rtexit$$00000004) for .ARM.Collect$$rtexit$$00000004
    maybetermalloc2.o(.emb_text) refers (Special) to term_alloc.o(.text) for _terminate_alloc
    h1_extend.o(.text) refers to h1_free.o(.text) for free
    h1_extend_mt.o(.text) refers to h1_free_mt.o(.text) for _free_internal
    fflush.o(.text) refers to stdio.o(.text) for _fflush
    fflush.o(.text) refers to fseek.o(.text) for _fseek
    fflush.o(.text) refers to stdio_streams.o(.bss) for __stdin
    fputs.o(.text) refers to fputc.o(i.fputc) for fputc
    ftell.o(.text) refers to rt_errno_addr_intlibspace.o(.text) for __aeabi_errno_addr
    fflush_locked.o(.text) refers to stdio.o(.text) for _fflush
    fflush_locked.o(.text) refers to fseek.o(.text) for _fseek
    fflush_locked.o(.text) refers to fflush.o(.text) for _do_fflush
    fflush_locked.o(.text) refers to streamlock.o(.data) for _stream_list_lock
    fflush_locked.o(.text) refers to stdio_streams.o(.bss) for __stdin
    __raise.o(.text) refers to defsig.o(CL$$defsig) for __default_signal_handler
    defsig_general.o(.text) refers to retarget.o(i._ttywrch) for _ttywrch
    defsig_rtmem_outer.o(.text) refers to defsig_rtmem_inner.o(.text) for __rt_SIGRTMEM_inner
    defsig_rtmem_outer.o(.text) refers to defsig_exit.o(.text) for __sig_exit
    defsig_rtmem_formal.o(.text) refers to rt_raise.o(.text) for __rt_raise
    heapauxa.o(.text) refers to heapauxa.o(.data) for .data
    _get_argv.o(.text) refers (Special) to hrguard.o(.text) for __heap_region$guard
    _get_argv.o(.text) refers to h1_alloc.o(.text) for malloc
    _get_argv.o(.text) refers to defsig_rtmem_outer.o(.text) for __rt_SIGRTMEM
    _get_argv.o(.text) refers to sys_command.o(.text) for _sys_command_string
    _get_argv_nomalloc.o(.text) refers (Special) to hrguard.o(.text) for __heap_region$guard
    _get_argv_nomalloc.o(.text) refers to defsig_rtmem_outer.o(.text) for __rt_SIGRTMEM
    _get_argv_nomalloc.o(.text) refers to sys_command.o(.text) for _sys_command_string
    sys_command.o(.text) refers (Special) to use_no_semi.o(.text) for __I$use$semihosting
    sys_command.o(.text) refers (Special) to indicate_semi.o(.text) for __semihosting_library_function
    rt_errno_addr.o(.text) refers to rt_errno_addr.o(.bss) for __aeabi_errno_addr_data
    rt_errno_addr_intlibspace.o(.text) refers to libspace.o(.bss) for __libspace_start
    term_alloc.o(.text) refers (Special) to libshutdown2.o(.ARM.Collect$$libshutdown$$0000000E) for __rt_lib_shutdown_heap_2
    term_alloc.o(.text) refers to rt_heap_descriptor_intlibspace.o(.text) for __rt_heap_descriptor
    defsig_rtmem_inner.o(.text) refers to defsig_general.o(.text) for __default_signal_display
    defsig.o(CL$$defsig) refers to defsig_fpe_inner.o(.text) for __rt_SIGFPE_inner
    defsig.o(CL$$defsig) refers to defsig_rtred_inner.o(.text) for __rt_SIGRTRED_inner
    defsig.o(CL$$defsig) refers to defsig_rtmem_inner.o(.text) for __rt_SIGRTMEM_inner
    libshutdown.o(.ARM.Collect$$libshutdown$$00000000) refers (Special) to libshutdown2.o(.ARM.Collect$$libshutdown$$00000002) for __rt_lib_shutdown_cpp_1
    libshutdown.o(.ARM.Collect$$libshutdown$$00000000) refers (Special) to libshutdown2.o(.ARM.Collect$$libshutdown$$00000007) for __rt_lib_shutdown_fp_trap_1
    libshutdown.o(.ARM.Collect$$libshutdown$$00000000) refers (Special) to libshutdown2.o(.ARM.Collect$$libshutdown$$0000000F) for __rt_lib_shutdown_heap_1
    libshutdown.o(.ARM.Collect$$libshutdown$$00000000) refers (Special) to libshutdown2.o(.ARM.Collect$$libshutdown$$00000010) for __rt_lib_shutdown_return
    libshutdown.o(.ARM.Collect$$libshutdown$$00000000) refers (Special) to libshutdown2.o(.ARM.Collect$$libshutdown$$0000000A) for __rt_lib_shutdown_signal_1
    libshutdown.o(.ARM.Collect$$libshutdown$$00000000) refers (Special) to libshutdown2.o(.ARM.Collect$$libshutdown$$00000004) for __rt_lib_shutdown_stdio_1
    libshutdown.o(.ARM.Collect$$libshutdown$$00000000) refers (Special) to libshutdown2.o(.ARM.Collect$$libshutdown$$0000000C) for __rt_lib_shutdown_user_alloc_1
    defsig_abrt_inner.o(.text) refers to defsig_general.o(.text) for __default_signal_display
    defsig_stak_inner.o(.text) refers to defsig_general.o(.text) for __default_signal_display
    defsig_pvfn_inner.o(.text) refers to defsig_general.o(.text) for __default_signal_display
    defsig_cppl_inner.o(.text) refers to defsig_general.o(.text) for __default_signal_display
    defsig_segv_inner.o(.text) refers to defsig_general.o(.text) for __default_signal_display
    defsig_other.o(.text) refers to defsig_general.o(.text) for __default_signal_display


==============================================================================

Removing Unused input sections from the image.

    Removing stm32f0xx_it.o(.rev16_text), (4 bytes).
    Removing stm32f0xx_it.o(.revsh_text), (4 bytes).
    Removing stm32f0xx_it.o(.ARM.exidx), (8 bytes).
    Removing stm32f0xx_it.o(.ARM.exidx), (8 bytes).
    Removing stm32f0xx_it.o(.ARM.exidx), (8 bytes).
    Removing stm32f0xx_it.o(.ARM.exidx), (8 bytes).
    Removing stm32f0xx_it.o(.ARM.exidx), (8 bytes).
    Removing retarget.o(.rev16_text), (4 bytes).
    Removing retarget.o(.revsh_text), (4 bytes).
    Removing retarget.o(i.UART_read), (4 bytes).
    Removing retarget.o(i._sys_ensure), (6 bytes).
    Removing retarget.o(i._sys_read), (84 bytes).
    Removing retarget.o(i._sys_tmpnam), (6 bytes).
    Removing retarget.o(.ARM.exidx), (8 bytes).
    Removing retarget.o(.ARM.exidx), (8 bytes).
    Removing retarget.o(.ARM.exidx), (8 bytes).
    Removing retarget.o(.ARM.exidx), (8 bytes).
    Removing retarget.o(.ARM.exidx), (8 bytes).
    Removing retarget.o(.ARM.exidx), (8 bytes).
    Removing retarget.o(.ARM.exidx), (8 bytes).
    Removing retarget.o(.ARM.exidx), (8 bytes).
    Removing retarget.o(.ARM.exidx), (8 bytes).
    Removing retarget.o(.ARM.exidx), (8 bytes).
    Removing retarget.o(.ARM.exidx), (8 bytes).
    Removing retarget.o(.ARM.exidx), (8 bytes).
    Removing retarget.o(.ARM.exidx), (8 bytes).
    Removing main.o(.rev16_text), (4 bytes).
    Removing main.o(.revsh_text), (4 bytes).
    Removing main.o(i._ZN10STM32_TEST8TestGPIOC1Et), (52 bytes).
    Removing main.o(.ARM.exidx), (8 bytes).
    Removing main.o(.ARM.exidx), (8 bytes).
    Removing main.o(.ARM.exidx), (8 bytes).
    Removing main.o(.ARM.exidx), (8 bytes).
    Removing main.o(.ARM.exidx), (8 bytes).
    Removing main.o(.ARM.exidx), (8 bytes).
    Removing main.o(.ARM.exidx), (8 bytes).
    Removing main.o(.ARM.exidx), (8 bytes).
    Removing main.o(.ARM.exidx), (8 bytes).
    Removing main.o(.ARM.exidx), (8 bytes).
    Removing main.o(.ARM.exidx), (8 bytes).
    Removing main.o(.ARM.exidx), (8 bytes).
    Removing system_stm32f0xx.o(.rev16_text), (4 bytes).
    Removing system_stm32f0xx.o(.revsh_text), (4 bytes).
    Removing system_stm32f0xx.o(i.SystemCoreClockUpdate), (180 bytes).
    Removing system_stm32f0xx.o(.ARM.exidx), (8 bytes).
    Removing system_stm32f0xx.o(.ARM.exidx), (8 bytes).
    Removing stm32f0xx_ll_gpio.o(.rev16_text), (4 bytes).
    Removing stm32f0xx_ll_gpio.o(.revsh_text), (4 bytes).
    Removing stm32f0xx_ll_gpio.o(i.LL_GPIO_DeInit), (168 bytes).
    Removing stm32f0xx_ll_gpio.o(i.LL_GPIO_StructInit), (24 bytes).
    Removing stm32f0xx_ll_gpio.o(i._Z23LL_AHB1_GRP1_ForceResetj), (16 bytes).
    Removing stm32f0xx_ll_gpio.o(i._Z25LL_AHB1_GRP1_ReleaseResetj), (16 bytes).
    Removing stm32f0xx_ll_gpio.o(.ARM.exidx), (8 bytes).
    Removing stm32f0xx_ll_gpio.o(.ARM.exidx), (8 bytes).
    Removing stm32f0xx_ll_gpio.o(.ARM.exidx), (8 bytes).
    Removing stm32f0xx_ll_gpio.o(.ARM.exidx), (8 bytes).
    Removing stm32f0xx_ll_gpio.o(.ARM.exidx), (8 bytes).
    Removing stm32f0xx_ll_pwr.o(.rev16_text), (4 bytes).
    Removing stm32f0xx_ll_pwr.o(.revsh_text), (4 bytes).
    Removing stm32f0xx_ll_pwr.o(i.LL_PWR_DeInit), (36 bytes).
    Removing stm32f0xx_ll_pwr.o(.ARM.exidx), (8 bytes).
    Removing stm32f0xx_ll_exti.o(.rev16_text), (4 bytes).
    Removing stm32f0xx_ll_exti.o(.revsh_text), (4 bytes).
    Removing stm32f0xx_ll_exti.o(i.LL_EXTI_DeInit), (36 bytes).
    Removing stm32f0xx_ll_exti.o(i.LL_EXTI_Init), (188 bytes).
    Removing stm32f0xx_ll_exti.o(i.LL_EXTI_StructInit), (14 bytes).
    Removing stm32f0xx_ll_exti.o(i._Z21LL_EXTI_EnableIT_0_31j), (16 bytes).
    Removing stm32f0xx_ll_exti.o(i._Z22LL_EXTI_DisableIT_0_31j), (16 bytes).
    Removing stm32f0xx_ll_exti.o(i._Z24LL_EXTI_EnableEvent_0_31j), (16 bytes).
    Removing stm32f0xx_ll_exti.o(i._Z25LL_EXTI_DisableEvent_0_31j), (16 bytes).
    Removing stm32f0xx_ll_exti.o(i._Z29LL_EXTI_EnableRisingTrig_0_31j), (16 bytes).
    Removing stm32f0xx_ll_exti.o(i._Z30LL_EXTI_EnableFallingTrig_0_31j), (16 bytes).
    Removing stm32f0xx_ll_exti.o(.ARM.exidx), (8 bytes).
    Removing stm32f0xx_ll_exti.o(.ARM.exidx), (8 bytes).
    Removing stm32f0xx_ll_exti.o(.ARM.exidx), (8 bytes).
    Removing stm32f0xx_ll_exti.o(.ARM.exidx), (8 bytes).
    Removing stm32f0xx_ll_exti.o(.ARM.exidx), (8 bytes).
    Removing stm32f0xx_ll_exti.o(.ARM.exidx), (8 bytes).
    Removing stm32f0xx_ll_exti.o(.ARM.exidx), (8 bytes).
    Removing stm32f0xx_ll_exti.o(.ARM.exidx), (8 bytes).
    Removing stm32f0xx_ll_exti.o(.ARM.exidx), (8 bytes).
    Removing stm32f0xx_ll_usart.o(.rev16_text), (4 bytes).
    Removing stm32f0xx_ll_usart.o(.revsh_text), (4 bytes).
    Removing stm32f0xx_ll_usart.o(i.LL_USART_ClockInit), (76 bytes).
    Removing stm32f0xx_ll_usart.o(i.LL_USART_ClockStructInit), (12 bytes).
    Removing stm32f0xx_ll_usart.o(i.LL_USART_DeInit), (140 bytes).
    Removing stm32f0xx_ll_usart.o(i.LL_USART_StructInit), (26 bytes).
    Removing stm32f0xx_ll_usart.o(i._Z23LL_APB1_GRP1_ForceResetj), (16 bytes).
    Removing stm32f0xx_ll_usart.o(i._Z25LL_APB1_GRP1_ReleaseResetj), (16 bytes).
    Removing stm32f0xx_ll_usart.o(.ARM.exidx), (8 bytes).
    Removing stm32f0xx_ll_usart.o(.ARM.exidx), (8 bytes).
    Removing stm32f0xx_ll_usart.o(.ARM.exidx), (8 bytes).
    Removing stm32f0xx_ll_usart.o(.ARM.exidx), (8 bytes).
    Removing stm32f0xx_ll_usart.o(.ARM.exidx), (8 bytes).
    Removing stm32f0xx_ll_usart.o(.ARM.exidx), (8 bytes).
    Removing stm32f0xx_ll_usart.o(.ARM.exidx), (8 bytes).
    Removing stm32f0xx_ll_usart.o(.ARM.exidx), (8 bytes).
    Removing stm32f0xx_ll_rcc.o(.rev16_text), (4 bytes).
    Removing stm32f0xx_ll_rcc.o(.revsh_text), (4 bytes).
    Removing stm32f0xx_ll_rcc.o(i.LL_RCC_DeInit), (264 bytes).
    Removing stm32f0xx_ll_rcc.o(i.LL_RCC_GetCECClockFreq), (68 bytes).
    Removing stm32f0xx_ll_rcc.o(i.LL_RCC_GetI2CClockFreq), (64 bytes).
    Removing stm32f0xx_ll_rcc.o(.ARM.exidx), (8 bytes).
    Removing stm32f0xx_ll_rcc.o(.ARM.exidx), (8 bytes).
    Removing stm32f0xx_ll_rcc.o(.ARM.exidx), (8 bytes).
    Removing stm32f0xx_ll_rcc.o(.ARM.exidx), (8 bytes).
    Removing stm32f0xx_ll_rcc.o(.ARM.exidx), (8 bytes).
    Removing stm32f0xx_ll_rcc.o(.ARM.exidx), (8 bytes).
    Removing stm32f0xx_ll_rcc.o(.ARM.exidx), (8 bytes).
    Removing stm32f0xx_ll_rcc.o(.ARM.exidx), (8 bytes).
    Removing stm32f0xx_ll_rcc.o(.ARM.exidx), (8 bytes).
    Removing stm32f0xx_ll_rcc.o(.ARM.exidx), (8 bytes).
    Removing stm32f0xx_ll_rcc.o(.ARM.exidx), (8 bytes).
    Removing stm32f0xx_ll_rcc.o(.ARM.exidx), (8 bytes).
    Removing stm32f0xx_ll_rcc.o(.ARM.exidx), (8 bytes).
    Removing stm32f0xx_ll_dma.o(.rev16_text), (4 bytes).
    Removing stm32f0xx_ll_dma.o(.revsh_text), (4 bytes).
    Removing stm32f0xx_ll_dma.o(i.LL_DMA_DeInit), (252 bytes).
    Removing stm32f0xx_ll_dma.o(i.LL_DMA_Init), (120 bytes).
    Removing stm32f0xx_ll_dma.o(i.LL_DMA_StructInit), (24 bytes).
    Removing stm32f0xx_ll_dma.o(.ARM.exidx), (8 bytes).
    Removing stm32f0xx_ll_dma.o(.ARM.exidx), (8 bytes).
    Removing stm32f0xx_ll_dma.o(.ARM.exidx), (8 bytes).
    Removing stm32f0xx_ll_dma.o(.constdata), (7 bytes).
    Removing stm32f0xx_ll_utils.o(.rev16_text), (4 bytes).
    Removing stm32f0xx_ll_utils.o(.revsh_text), (4 bytes).
    Removing stm32f0xx_ll_utils.o(i.LL_PLL_ConfigSystemClock_HSE), (148 bytes).
    Removing stm32f0xx_ll_utils.o(i.LL_PLL_ConfigSystemClock_HSI), (100 bytes).
    Removing stm32f0xx_ll_utils.o(i.LL_PLL_ConfigSystemClock_HSI48), (104 bytes).
    Removing stm32f0xx_ll_utils.o(i._Z16UTILS_PLL_IsBusyv), (18 bytes).
    Removing stm32f0xx_ll_utils.o(i._Z18LL_RCC_HSE_IsReadyv), (20 bytes).
    Removing stm32f0xx_ll_utils.o(i._Z18LL_RCC_HSI_IsReadyv), (16 bytes).
    Removing stm32f0xx_ll_utils.o(i._Z18LL_RCC_PLL_IsReadyv), (20 bytes).
    Removing stm32f0xx_ll_utils.o(i._Z20LL_RCC_HSI48_IsReadyv), (20 bytes).
    Removing stm32f0xx_ll_utils.o(i._Z21UTILS_SetFlashLatencyj), (68 bytes).
    Removing stm32f0xx_ll_utils.o(i._Z27LL_RCC_PLL_ConfigDomain_SYSjjj), (40 bytes).
    Removing stm32f0xx_ll_utils.o(i._Z27UTILS_GetPLLOutputFrequencyjP23LL_UTILS_PLLInitTypeDef), (42 bytes).
    Removing stm32f0xx_ll_utils.o(i._Z30UTILS_EnablePLLAndSwitchSystemjP23LL_UTILS_ClkInitTypeDef), (204 bytes).
    Removing stm32f0xx_ll_utils.o(.ARM.exidx), (8 bytes).
    Removing stm32f0xx_ll_utils.o(.ARM.exidx), (8 bytes).
    Removing stm32f0xx_ll_utils.o(.ARM.exidx), (8 bytes).
    Removing stm32f0xx_ll_utils.o(.ARM.exidx), (8 bytes).
    Removing stm32f0xx_ll_utils.o(.ARM.exidx), (8 bytes).
    Removing stm32f0xx_ll_utils.o(.ARM.exidx), (8 bytes).
    Removing stm32f0xx_ll_utils.o(.ARM.exidx), (8 bytes).
    Removing stm32f0xx_ll_utils.o(.ARM.exidx), (8 bytes).
    Removing stm32f0xx_ll_utils.o(.ARM.exidx), (8 bytes).
    Removing stm32f0xx_ll_utils.o(.ARM.exidx), (8 bytes).
    Removing stm32f0xx_ll_utils.o(.ARM.exidx), (8 bytes).
    Removing stm32f0xx_ll_utils.o(.ARM.exidx), (8 bytes).
    Removing stm32f0xx_ll_utils.o(.ARM.exidx), (8 bytes).
    Removing stm32f0xx_ll_utils.o(.ARM.exidx), (8 bytes).
    Removing stm32f0xx_ll_utils.o(.ARM.exidx), (8 bytes).

153 unused section(s) (total 3587 bytes) removed from the image.

==============================================================================

Image Symbol Table

    Local Symbols

    Symbol Name                              Value     Ov Type        Size  Object(Section)

    ../Drivers/STM32F0xx_HAL_Driver/Src/stm32f0xx_ll_dma.c 0x00000000   Number         0  stm32f0xx_ll_dma.o ABSOLUTE
    ../Drivers/STM32F0xx_HAL_Driver/Src/stm32f0xx_ll_exti.c 0x00000000   Number         0  stm32f0xx_ll_exti.o ABSOLUTE
    ../Drivers/STM32F0xx_HAL_Driver/Src/stm32f0xx_ll_gpio.c 0x00000000   Number         0  stm32f0xx_ll_gpio.o ABSOLUTE
    ../Drivers/STM32F0xx_HAL_Driver/Src/stm32f0xx_ll_pwr.c 0x00000000   Number         0  stm32f0xx_ll_pwr.o ABSOLUTE
    ../Drivers/STM32F0xx_HAL_Driver/Src/stm32f0xx_ll_rcc.c 0x00000000   Number         0  stm32f0xx_ll_rcc.o ABSOLUTE
    ../Drivers/STM32F0xx_HAL_Driver/Src/stm32f0xx_ll_usart.c 0x00000000   Number         0  stm32f0xx_ll_usart.o ABSOLUTE
    ../Drivers/STM32F0xx_HAL_Driver/Src/stm32f0xx_ll_utils.c 0x00000000   Number         0  stm32f0xx_ll_utils.o ABSOLUTE
    ../Src/stm32f0xx_it.c                    0x00000000   Number         0  stm32f0xx_it.o ABSOLUTE
    ../Src/system_stm32f0xx.c                0x00000000   Number         0  system_stm32f0xx.o ABSOLUTE
    ../clib/angel/boardlib.s                 0x00000000   Number         0  boardinit3.o ABSOLUTE
    ../clib/angel/boardlib.s                 0x00000000   Number         0  boardinit1.o ABSOLUTE
    ../clib/angel/boardlib.s                 0x00000000   Number         0  boardinit2.o ABSOLUTE
    ../clib/angel/boardlib.s                 0x00000000   Number         0  boardshut.o ABSOLUTE
    ../clib/angel/handlers.s                 0x00000000   Number         0  __scatter_zi.o ABSOLUTE
    ../clib/angel/handlers.s                 0x00000000   Number         0  __scatter_copy.o ABSOLUTE
    ../clib/angel/kernel.s                   0x00000000   Number         0  __rtentry4.o ABSOLUTE
    ../clib/angel/kernel.s                   0x00000000   Number         0  __rtentry2.o ABSOLUTE
    ../clib/angel/kernel.s                   0x00000000   Number         0  __rtentry.o ABSOLUTE
    ../clib/angel/kernel.s                   0x00000000   Number         0  rtexit.o ABSOLUTE
    ../clib/angel/kernel.s                   0x00000000   Number         0  rtexit2.o ABSOLUTE
    ../clib/angel/rt.s                       0x00000000   Number         0  rt_heap_descriptor_intlibspace.o ABSOLUTE
    ../clib/angel/rt.s                       0x00000000   Number         0  rt_raise.o ABSOLUTE
    ../clib/angel/rt.s                       0x00000000   Number         0  rt_errno_addr_intlibspace.o ABSOLUTE
    ../clib/angel/rt.s                       0x00000000   Number         0  rt_errno_addr.o ABSOLUTE
    ../clib/angel/rt.s                       0x00000000   Number         0  rt_div0.o ABSOLUTE
    ../clib/angel/rt.s                       0x00000000   Number         0  aeabi_idiv0_sigfpe.o ABSOLUTE
    ../clib/angel/rt.s                       0x00000000   Number         0  aeabi_idiv0.o ABSOLUTE
    ../clib/angel/rt.s                       0x00000000   Number         0  rt_heap_descriptor.o ABSOLUTE
    ../clib/angel/scatterp.s                 0x00000000   Number         0  __scatter.o ABSOLUTE
    ../clib/angel/startup.s                  0x00000000   Number         0  __main.o ABSOLUTE
    ../clib/angel/sys.s                      0x00000000   Number         0  mutex_dummy.o ABSOLUTE
    ../clib/angel/sys.s                      0x00000000   Number         0  use_no_semi.o ABSOLUTE
    ../clib/angel/sys.s                      0x00000000   Number         0  sys_stackheap_outer.o ABSOLUTE
    ../clib/angel/sys.s                      0x00000000   Number         0  indicate_semi.o ABSOLUTE
    ../clib/angel/sys.s                      0x00000000   Number         0  tempstk.o ABSOLUTE
    ../clib/angel/sys.s                      0x00000000   Number         0  libspace.o ABSOLUTE
    ../clib/angel/sysapp.c                   0x00000000   Number         0  sys_command.o ABSOLUTE
    ../clib/armsys.c                         0x00000000   Number         0  _get_argv.o ABSOLUTE
    ../clib/armsys.c                         0x00000000   Number         0  _get_argv_nomalloc.o ABSOLUTE
    ../clib/armsys.c                         0x00000000   Number         0  no_argv.o ABSOLUTE
    ../clib/armsys.c                         0x00000000   Number         0  argv_veneer.o ABSOLUTE
    ../clib/assert.c                         0x00000000   Number         0  assert_stdio.o ABSOLUTE
    ../clib/division.s                       0x00000000   Number         0  aeabi_sdiv_div0.o ABSOLUTE
    ../clib/division.s                       0x00000000   Number         0  aeabi_sdiv.o ABSOLUTE
    ../clib/heap1.c                          0x00000000   Number         0  h1_free.o ABSOLUTE
    ../clib/heap1.c                          0x00000000   Number         0  h1_extend_mt.o ABSOLUTE
    ../clib/heap1.c                          0x00000000   Number         0  h1_init_mt.o ABSOLUTE
    ../clib/heap1.c                          0x00000000   Number         0  h1_extend.o ABSOLUTE
    ../clib/heap1.c                          0x00000000   Number         0  h1_init.o ABSOLUTE
    ../clib/heap1.c                          0x00000000   Number         0  h1_final.o ABSOLUTE
    ../clib/heap1.c                          0x00000000   Number         0  h1_alloc_mt.o ABSOLUTE
    ../clib/heap1.c                          0x00000000   Number         0  h1_final_mt.o ABSOLUTE
    ../clib/heap1.c                          0x00000000   Number         0  h1_alloc.o ABSOLUTE
    ../clib/heap1.c                          0x00000000   Number         0  h1_free_mt.o ABSOLUTE
    ../clib/heap2.c                          0x00000000   Number         0  fdtree.o ABSOLUTE
    ../clib/heap2.c                          0x00000000   Number         0  heap2.o ABSOLUTE
    ../clib/heap2.c                          0x00000000   Number         0  heap2mt.o ABSOLUTE
    ../clib/heapalloc.c                      0x00000000   Number         0  free.o ABSOLUTE
    ../clib/heapalloc.c                      0x00000000   Number         0  hrguard.o ABSOLUTE
    ../clib/heapalloc.c                      0x00000000   Number         0  hguard.o ABSOLUTE
    ../clib/heapalloc.c                      0x00000000   Number         0  maybetermalloc1.o ABSOLUTE
    ../clib/heapalloc.c                      0x00000000   Number         0  init_alloc.o ABSOLUTE
    ../clib/heapalloc.c                      0x00000000   Number         0  heapstubs.o ABSOLUTE
    ../clib/heapalloc.c                      0x00000000   Number         0  malloc.o ABSOLUTE
    ../clib/heapalloc.c                      0x00000000   Number         0  maybetermalloc1.o ABSOLUTE
    ../clib/heapalloc.c                      0x00000000   Number         0  maybetermalloc2.o ABSOLUTE
    ../clib/heapalloc.c                      0x00000000   Number         0  maybetermalloc2.o ABSOLUTE
    ../clib/heapalloc.c                      0x00000000   Number         0  term_alloc.o ABSOLUTE
    ../clib/heapaux.c                        0x00000000   Number         0  heapauxi.o ABSOLUTE
    ../clib/heapaux.c                        0x00000000   Number         0  heapauxa.o ABSOLUTE
    ../clib/libinit.s                        0x00000000   Number         0  libshutdown2.o ABSOLUTE
    ../clib/libinit.s                        0x00000000   Number         0  libinit2.o ABSOLUTE
    ../clib/libinit.s                        0x00000000   Number         0  libinit.o ABSOLUTE
    ../clib/libinit.s                        0x00000000   Number         0  libshutdown.o ABSOLUTE
    ../clib/memcpset.c                       0x00000000   Number         0  rt_memcpy.o ABSOLUTE
    ../clib/memcpset.c                       0x00000000   Number         0  rt_memcpy.o ABSOLUTE
    ../clib/memcpset.c                       0x00000000   Number         0  rt_memclr.o ABSOLUTE
    ../clib/printf.c                         0x00000000   Number         0  _printf_char_file_locked.o ABSOLUTE
    ../clib/printf.c                         0x00000000   Number         0  noretval__2printf.o ABSOLUTE
    ../clib/printf.c                         0x00000000   Number         0  _printf_char_common.o ABSOLUTE
    ../clib/printf.c                         0x00000000   Number         0  __2printf.o ABSOLUTE
    ../clib/printf.c                         0x00000000   Number         0  __printf_nopercent.o ABSOLUTE
    ../clib/printf.c                         0x00000000   Number         0  _printf_char_file.o ABSOLUTE
    ../clib/signal.c                         0x00000000   Number         0  defsig_fpe_outer.o ABSOLUTE
    ../clib/signal.c                         0x00000000   Number         0  defsig_rtred_outer.o ABSOLUTE
    ../clib/signal.c                         0x00000000   Number         0  defsig_rtred_formal.o ABSOLUTE
    ../clib/signal.c                         0x00000000   Number         0  defsig_other.o ABSOLUTE
    ../clib/signal.c                         0x00000000   Number         0  defsig_segv_inner.o ABSOLUTE
    ../clib/signal.c                         0x00000000   Number         0  defsig_cppl_inner.o ABSOLUTE
    ../clib/signal.c                         0x00000000   Number         0  defsig_pvfn_inner.o ABSOLUTE
    ../clib/signal.c                         0x00000000   Number         0  defsig_stak_inner.o ABSOLUTE
    ../clib/signal.c                         0x00000000   Number         0  defsig_rtred_inner.o ABSOLUTE
    ../clib/signal.c                         0x00000000   Number         0  defsig_fpe_inner.o ABSOLUTE
    ../clib/signal.c                         0x00000000   Number         0  defsig_exit.o ABSOLUTE
    ../clib/signal.c                         0x00000000   Number         0  defsig_abrt_inner.o ABSOLUTE
    ../clib/signal.c                         0x00000000   Number         0  defsig_rtmem_inner.o ABSOLUTE
    ../clib/signal.c                         0x00000000   Number         0  defsig_fpe_formal.o ABSOLUTE
    ../clib/signal.c                         0x00000000   Number         0  __raise.o ABSOLUTE
    ../clib/signal.c                         0x00000000   Number         0  defsig_rtmem_formal.o ABSOLUTE
    ../clib/signal.c                         0x00000000   Number         0  defsig_rtmem_outer.o ABSOLUTE
    ../clib/signal.c                         0x00000000   Number         0  defsig_general.o ABSOLUTE
    ../clib/signal.s                         0x00000000   Number         0  defsig.o ABSOLUTE
    ../clib/stdio.c                          0x00000000   Number         0  fputs_locked.o ABSOLUTE
    ../clib/stdio.c                          0x00000000   Number         0  ftell.o ABSOLUTE
    ../clib/stdio.c                          0x00000000   Number         0  fputs.o ABSOLUTE
    ../clib/stdio.c                          0x00000000   Number         0  fflush.o ABSOLUTE
    ../clib/stdio.c                          0x00000000   Number         0  ferror.o ABSOLUTE
    ../clib/stdio.c                          0x00000000   Number         0  fputc.o ABSOLUTE
    ../clib/stdio.c                          0x00000000   Number         0  initio.o ABSOLUTE
    ../clib/stdio.c                          0x00000000   Number         0  fopen_locked.o ABSOLUTE
    ../clib/stdio.c                          0x00000000   Number         0  ferror_locked.o ABSOLUTE
    ../clib/stdio.c                          0x00000000   Number         0  initio_locked.o ABSOLUTE
    ../clib/stdio.c                          0x00000000   Number         0  flsbuf.o ABSOLUTE
    ../clib/stdio.c                          0x00000000   Number         0  fwritefast_locked.o ABSOLUTE
    ../clib/stdio.c                          0x00000000   Number         0  fwritefast.o ABSOLUTE
    ../clib/stdio.c                          0x00000000   Number         0  stdio.o ABSOLUTE
    ../clib/stdio.c                          0x00000000   Number         0  setvbuf_locked.o ABSOLUTE
    ../clib/stdio.c                          0x00000000   Number         0  setvbuf.o ABSOLUTE
    ../clib/stdio.c                          0x00000000   Number         0  fclose.o ABSOLUTE
    ../clib/stdio.c                          0x00000000   Number         0  streamlock.o ABSOLUTE
    ../clib/stdio.c                          0x00000000   Number         0  fopen.o ABSOLUTE
    ../clib/stdio.c                          0x00000000   Number         0  fflush_locked.o ABSOLUTE
    ../clib/stdio.c                          0x00000000   Number         0  stdio_streams.o ABSOLUTE
    ../clib/stdio.c                          0x00000000   Number         0  fseek.o ABSOLUTE
    ../clib/stdio.c                          0x00000000   Number         0  fputc_locked.o ABSOLUTE
    ../clib/stdlib.c                         0x00000000   Number         0  exit.o ABSOLUTE
    ../clib/wchar.c                          0x00000000   Number         0  flsbuf_fwide.o ABSOLUTE
    ../fplib/cfplib/fpinit.c                 0x00000000   Number         0  fpinit.o ABSOLUTE
    ..\Drivers\STM32F0xx_HAL_Driver\Src\stm32f0xx_ll_dma.c 0x00000000   Number         0  stm32f0xx_ll_dma.o ABSOLUTE
    ..\Drivers\STM32F0xx_HAL_Driver\Src\stm32f0xx_ll_exti.c 0x00000000   Number         0  stm32f0xx_ll_exti.o ABSOLUTE
    ..\Drivers\STM32F0xx_HAL_Driver\Src\stm32f0xx_ll_gpio.c 0x00000000   Number         0  stm32f0xx_ll_gpio.o ABSOLUTE
    ..\Drivers\STM32F0xx_HAL_Driver\Src\stm32f0xx_ll_pwr.c 0x00000000   Number         0  stm32f0xx_ll_pwr.o ABSOLUTE
    ..\Drivers\STM32F0xx_HAL_Driver\Src\stm32f0xx_ll_rcc.c 0x00000000   Number         0  stm32f0xx_ll_rcc.o ABSOLUTE
    ..\Drivers\STM32F0xx_HAL_Driver\Src\stm32f0xx_ll_usart.c 0x00000000   Number         0  stm32f0xx_ll_usart.o ABSOLUTE
    ..\Drivers\STM32F0xx_HAL_Driver\Src\stm32f0xx_ll_utils.c 0x00000000   Number         0  stm32f0xx_ll_utils.o ABSOLUTE
    ..\Src\main.cpp                          0x00000000   Number         0  main.o ABSOLUTE
    ..\Src\retarget.c                        0x00000000   Number         0  retarget.o ABSOLUTE
    ..\Src\stm32f0xx_it.c                    0x00000000   Number         0  stm32f0xx_it.o ABSOLUTE
    ..\Src\system_stm32f0xx.c                0x00000000   Number         0  system_stm32f0xx.o ABSOLUTE
    ..\\Src\\main.cpp                        0x00000000   Number         0  main.o ABSOLUTE
    ..\\Src\\retarget.c                      0x00000000   Number         0  retarget.o ABSOLUTE
    dc.s                                     0x00000000   Number         0  dc.o ABSOLUTE
    startup_stm32f071xb.s                    0x00000000   Number         0  startup_stm32f071xb.o ABSOLUTE
    RESET                                    0x08000000   Section      188  startup_stm32f071xb.o(RESET)
    !!!main                                  0x080000bc   Section        8  __main.o(!!!main)
    !!!scatter                               0x080000c4   Section       60  __scatter.o(!!!scatter)
    !!handler_copy                           0x08000100   Section       26  __scatter_copy.o(!!handler_copy)
    !!handler_zi                             0x0800011c   Section       28  __scatter_zi.o(!!handler_zi)
    .ARM.Collect$$libinit$$00000000          0x08000138   Section        2  libinit.o(.ARM.Collect$$libinit$$00000000)
    .ARM.Collect$$libinit$$00000002          0x0800013a   Section        0  libinit2.o(.ARM.Collect$$libinit$$00000002)
    .ARM.Collect$$libinit$$00000004          0x0800013a   Section        0  libinit2.o(.ARM.Collect$$libinit$$00000004)
    .ARM.Collect$$libinit$$00000005          0x0800013a   Section        8  libinit2.o(.ARM.Collect$$libinit$$00000005)
    .ARM.Collect$$libinit$$0000000A          0x08000142   Section        0  libinit2.o(.ARM.Collect$$libinit$$0000000A)
    .ARM.Collect$$libinit$$0000000C          0x08000142   Section        0  libinit2.o(.ARM.Collect$$libinit$$0000000C)
    .ARM.Collect$$libinit$$0000000E          0x08000142   Section        0  libinit2.o(.ARM.Collect$$libinit$$0000000E)
    .ARM.Collect$$libinit$$00000011          0x08000142   Section        0  libinit2.o(.ARM.Collect$$libinit$$00000011)
    .ARM.Collect$$libinit$$00000013          0x08000142   Section        0  libinit2.o(.ARM.Collect$$libinit$$00000013)
    .ARM.Collect$$libinit$$00000015          0x08000142   Section        0  libinit2.o(.ARM.Collect$$libinit$$00000015)
    .ARM.Collect$$libinit$$00000017          0x08000142   Section        0  libinit2.o(.ARM.Collect$$libinit$$00000017)
    .ARM.Collect$$libinit$$00000019          0x08000142   Section        0  libinit2.o(.ARM.Collect$$libinit$$00000019)
    .ARM.Collect$$libinit$$0000001B          0x08000142   Section        0  libinit2.o(.ARM.Collect$$libinit$$0000001B)
    .ARM.Collect$$libinit$$0000001D          0x08000142   Section        0  libinit2.o(.ARM.Collect$$libinit$$0000001D)
    .ARM.Collect$$libinit$$0000001F          0x08000142   Section        0  libinit2.o(.ARM.Collect$$libinit$$0000001F)
    .ARM.Collect$$libinit$$00000021          0x08000142   Section        0  libinit2.o(.ARM.Collect$$libinit$$00000021)
    .ARM.Collect$$libinit$$00000023          0x08000142   Section        0  libinit2.o(.ARM.Collect$$libinit$$00000023)
    .ARM.Collect$$libinit$$00000024          0x08000142   Section        4  libinit2.o(.ARM.Collect$$libinit$$00000024)
    .ARM.Collect$$libinit$$00000025          0x08000146   Section        0  libinit2.o(.ARM.Collect$$libinit$$00000025)
    .ARM.Collect$$libinit$$0000002C          0x08000146   Section        0  libinit2.o(.ARM.Collect$$libinit$$0000002C)
    .ARM.Collect$$libinit$$0000002E          0x08000146   Section        0  libinit2.o(.ARM.Collect$$libinit$$0000002E)
    .ARM.Collect$$libinit$$00000030          0x08000146   Section        0  libinit2.o(.ARM.Collect$$libinit$$00000030)
    .ARM.Collect$$libinit$$00000032          0x08000146   Section        0  libinit2.o(.ARM.Collect$$libinit$$00000032)
    .ARM.Collect$$libinit$$00000033          0x08000146   Section        2  libinit2.o(.ARM.Collect$$libinit$$00000033)
    .ARM.Collect$$libshutdown$$00000000      0x08000148   Section        2  libshutdown.o(.ARM.Collect$$libshutdown$$00000000)
    .ARM.Collect$$libshutdown$$00000002      0x0800014a   Section        0  libshutdown2.o(.ARM.Collect$$libshutdown$$00000002)
    .ARM.Collect$$libshutdown$$00000003      0x0800014a   Section        4  libshutdown2.o(.ARM.Collect$$libshutdown$$00000003)
    .ARM.Collect$$libshutdown$$00000004      0x0800014e   Section        0  libshutdown2.o(.ARM.Collect$$libshutdown$$00000004)
    .ARM.Collect$$libshutdown$$00000007      0x0800014e   Section        0  libshutdown2.o(.ARM.Collect$$libshutdown$$00000007)
    .ARM.Collect$$libshutdown$$0000000A      0x0800014e   Section        0  libshutdown2.o(.ARM.Collect$$libshutdown$$0000000A)
    .ARM.Collect$$libshutdown$$0000000C      0x0800014e   Section        0  libshutdown2.o(.ARM.Collect$$libshutdown$$0000000C)
    .ARM.Collect$$libshutdown$$0000000F      0x0800014e   Section        0  libshutdown2.o(.ARM.Collect$$libshutdown$$0000000F)
    .ARM.Collect$$libshutdown$$00000010      0x0800014e   Section        2  libshutdown2.o(.ARM.Collect$$libshutdown$$00000010)
    .ARM.Collect$$rtentry$$00000000          0x08000150   Section        0  __rtentry.o(.ARM.Collect$$rtentry$$00000000)
    .ARM.Collect$$rtentry$$00000002          0x08000150   Section        0  __rtentry2.o(.ARM.Collect$$rtentry$$00000002)
    .ARM.Collect$$rtentry$$00000004          0x08000150   Section        6  __rtentry4.o(.ARM.Collect$$rtentry$$00000004)
    .ARM.Collect$$rtentry$$00000009          0x08000156   Section        0  __rtentry2.o(.ARM.Collect$$rtentry$$00000009)
    .ARM.Collect$$rtentry$$0000000A          0x08000156   Section        4  __rtentry2.o(.ARM.Collect$$rtentry$$0000000A)
    .ARM.Collect$$rtentry$$0000000C          0x0800015a   Section        0  __rtentry2.o(.ARM.Collect$$rtentry$$0000000C)
    .ARM.Collect$$rtentry$$0000000D          0x0800015a   Section        8  __rtentry2.o(.ARM.Collect$$rtentry$$0000000D)
    .ARM.Collect$$rtexit$$00000000           0x08000162   Section        2  rtexit.o(.ARM.Collect$$rtexit$$00000000)
    .ARM.Collect$$rtexit$$00000002           0x08000164   Section        0  rtexit2.o(.ARM.Collect$$rtexit$$00000002)
    .ARM.Collect$$rtexit$$00000003           0x08000164   Section        4  rtexit2.o(.ARM.Collect$$rtexit$$00000003)
    .ARM.Collect$$rtexit$$00000004           0x08000168   Section        6  rtexit2.o(.ARM.Collect$$rtexit$$00000004)
    .emb_text                                0x08000170   Section        0  maybetermalloc1.o(.emb_text)
    .text                                    0x08000170   Section       56  startup_stm32f071xb.o(.text)
    .text                                    0x080001a8   Section        0  noretval__2printf.o(.text)
    .text                                    0x080001c4   Section        0  rt_memclr.o(.text)
    .text                                    0x08000204   Section      346  aeabi_sdiv.o(.text)
    .text                                    0x0800035e   Section        0  heapauxi.o(.text)
    .text                                    0x08000364   Section        0  _printf_char_file.o(.text)
    .text                                    0x0800038c   Section        0  _printf_char_common.o(.text)
    _printf_input_char                       0x0800038d   Thumb Code    10  _printf_char_common.o(.text)
    .text                                    0x080003bc   Section        0  ferror.o(.text)
    .text                                    0x080003c4   Section        0  initio.o(.text)
    .text                                    0x08000500   Section       62  sys_stackheap_outer.o(.text)
    .text                                    0x0800053e   Section        0  h1_free.o(.text)
    .text                                    0x0800058a   Section        0  __printf_nopercent.o(.text)
    .text                                    0x080005b0   Section        0  flsbuf.o(.text)
    .text                                    0x080007a0   Section        0  setvbuf.o(.text)
    .text                                    0x080007ec   Section        0  fopen.o(.text)
    _freopen_locked                          0x080007ed   Thumb Code     0  fopen.o(.text)
    .text                                    0x080008d4   Section        0  fclose.o(.text)
    .text                                    0x08000920   Section        0  exit.o(.text)
    .text                                    0x08000930   Section        0  defsig_rtred_outer.o(.text)
    .text                                    0x0800093c   Section        8  libspace.o(.text)
    .text                                    0x08000944   Section        8  rt_heap_descriptor_intlibspace.o(.text)
    .text                                    0x0800094c   Section        0  hguard.o(.text)
    .text                                    0x08000950   Section        0  init_alloc.o(.text)
    .text                                    0x080009d8   Section        0  h1_alloc.o(.text)
    .text                                    0x08000a3c   Section        0  fseek.o(.text)
    .text                                    0x08000b30   Section        0  stdio.o(.text)
    .text                                    0x08000c20   Section        0  defsig_exit.o(.text)
    .text                                    0x08000c2c   Section        0  defsig_rtred_inner.o(.text)
    .text                                    0x08000c60   Section        0  h1_init.o(.text)
    .text                                    0x08000c6e   Section        0  h1_extend.o(.text)
    .text                                    0x08000ca2   Section        0  ftell.o(.text)
    .text                                    0x08000ce4   Section        0  defsig_general.o(.text)
    .text                                    0x08000d18   Section        0  defsig_rtmem_outer.o(.text)
    .text                                    0x08000d24   Section        8  rt_errno_addr_intlibspace.o(.text)
    .text                                    0x08000d2c   Section        0  defsig_rtmem_inner.o(.text)
    i.$Sub$$main                             0x08000d7c   Section        0  main.o(i.$Sub$$main)
    i.Error_Handler                          0x08000d88   Section        0  main.o(i.Error_Handler)
    i.HardFault_Handler                      0x08000d8a   Section        0  stm32f0xx_it.o(i.HardFault_Handler)
    i.LL_GPIO_Init                           0x08000d8e   Section        0  stm32f0xx_ll_gpio.o(i.LL_GPIO_Init)
    i.LL_Init1msTick                         0x08000e88   Section        0  stm32f0xx_ll_utils.o(i.LL_Init1msTick)
    i.LL_RCC_GetSystemClocksFreq             0x08000eb0   Section        0  stm32f0xx_ll_rcc.o(i.LL_RCC_GetSystemClocksFreq)
    i.LL_RCC_GetUSARTClockFreq               0x08000ecc   Section        0  stm32f0xx_ll_rcc.o(i.LL_RCC_GetUSARTClockFreq)
    i.LL_SetSystemCoreClock                  0x08000f90   Section        0  stm32f0xx_ll_utils.o(i.LL_SetSystemCoreClock)
    i.LL_USART_Init                          0x08000f9c   Section        0  stm32f0xx_ll_usart.o(i.LL_USART_Init)
    i.LL_mDelay                              0x080010ac   Section        0  stm32f0xx_ll_utils.o(i.LL_mDelay)
    i.NMI_Handler                            0x080010d8   Section        0  stm32f0xx_it.o(i.NMI_Handler)
    i.PendSV_Handler                         0x080010da   Section        0  stm32f0xx_it.o(i.PendSV_Handler)
    i.SVC_Handler                            0x080010dc   Section        0  stm32f0xx_it.o(i.SVC_Handler)
    i.SysTick_Handler                        0x080010de   Section        0  stm32f0xx_it.o(i.SysTick_Handler)
    i.SystemInit                             0x080010e0   Section        0  system_stm32f0xx.o(i.SystemInit)
    i.UART_write                             0x080010e4   Section        0  retarget.o(i.UART_write)
    i._Z12MX_GPIO_Initv                      0x08001100   Section        0  main.o(i._Z12MX_GPIO_Initv)
    MX_GPIO_Init()                           0x08001101   Thumb Code    48  main.o(i._Z12MX_GPIO_Initv)
    i._Z18LL_RCC_HSI_IsReadyv                0x08001138   Section        0  stm32f0xx_ll_rcc.o(i._Z18LL_RCC_HSI_IsReadyv)
    LL_RCC_HSI_IsReady()                     0x08001139   Thumb Code    12  stm32f0xx_ll_rcc.o(i._Z18LL_RCC_HSI_IsReadyv)
    i._Z18LL_RCC_LSE_IsReadyv                0x08001148   Section        0  stm32f0xx_ll_rcc.o(i._Z18LL_RCC_LSE_IsReadyv)
    LL_RCC_LSE_IsReady()                     0x08001149   Thumb Code    12  stm32f0xx_ll_rcc.o(i._Z18LL_RCC_LSE_IsReadyv)
    i._Z18LL_USART_IsEnabledP13USART_TypeDef 0x08001158   Section        0  stm32f0xx_ll_usart.o(i._Z18LL_USART_IsEnabledP13USART_TypeDef)
    LL_USART_IsEnabled(USART_TypeDef*)       0x08001159   Thumb Code    16  stm32f0xx_ll_usart.o(i._Z18LL_USART_IsEnabledP13USART_TypeDef)
    i._Z18SystemClock_Configv                0x08001168   Section        0  main.o(i._Z18SystemClock_Configv)
    i._Z19MX_USART2_UART_Initv               0x080012b0   Section        0  main.o(i._Z19MX_USART2_UART_Initv)
    MX_USART2_UART_Init()                    0x080012b1   Thumb Code   192  main.o(i._Z19MX_USART2_UART_Initv)
    i._Z20RCC_GetHCLKClockFreqj              0x08001378   Section        0  stm32f0xx_ll_rcc.o(i._Z20RCC_GetHCLKClockFreqj)
    i._Z21RCC_GetPCLK1ClockFreqj             0x0800139c   Section        0  stm32f0xx_ll_rcc.o(i._Z21RCC_GetPCLK1ClockFreqj)
    i._Z22LL_RCC_GetSysClkSourcev            0x080013c0   Section        0  stm32f0xx_ll_rcc.o(i._Z22LL_RCC_GetSysClkSourcev)
    LL_RCC_GetSysClkSource()                 0x080013c1   Thumb Code    10  stm32f0xx_ll_rcc.o(i._Z22LL_RCC_GetSysClkSourcev)
    i._Z22RCC_GetSystemClockFreqv            0x080013d0   Section        0  stm32f0xx_ll_rcc.o(i._Z22RCC_GetSystemClockFreqv)
    i._Z24LL_AHB1_GRP1_EnableClockj          0x08001410   Section        0  main.o(i._Z24LL_AHB1_GRP1_EnableClockj)
    LL_AHB1_GRP1_EnableClock(unsigned)       0x08001411   Thumb Code    22  main.o(i._Z24LL_AHB1_GRP1_EnableClockj)
    i._Z24LL_APB1_GRP1_EnableClockj          0x0800142c   Section        0  main.o(i._Z24LL_APB1_GRP1_EnableClockj)
    LL_APB1_GRP1_EnableClock(unsigned)       0x0800142d   Thumb Code    22  main.o(i._Z24LL_APB1_GRP1_EnableClockj)
    i._Z25RCC_PLL_GetFreqDomain_SYSv         0x08001448   Section        0  stm32f0xx_ll_rcc.o(i._Z25RCC_PLL_GetFreqDomain_SYSv)
    i._Z26LL_RCC_GetUSARTClockSourcej        0x080014b8   Section        0  stm32f0xx_ll_rcc.o(i._Z26LL_RCC_GetUSARTClockSourcej)
    LL_RCC_GetUSARTClockSource(unsigned)     0x080014b9   Thumb Code    18  stm32f0xx_ll_rcc.o(i._Z26LL_RCC_GetUSARTClockSourcej)
    i._ZN10STM32_TEST8TestGPIO7SetGpioEi     0x080014d0   Section        0  main.o(i._ZN10STM32_TEST8TestGPIO7SetGpioEi)
    i._ZN10STM32_TEST8TestGPIO8GPIOINITEv    0x08001514   Section        0  main.o(i._ZN10STM32_TEST8TestGPIO8GPIOINITEv)
    i._ZN10STM32_TEST8TestGPIOC1Ev           0x08001524   Section        0  main.o(i._ZN10STM32_TEST8TestGPIOC1Ev)
    i._sys_close                             0x08001564   Section        0  retarget.o(i._sys_close)
    i._sys_exit                              0x0800156a   Section        0  retarget.o(i._sys_exit)
    i._sys_flen                              0x0800156e   Section        0  retarget.o(i._sys_flen)
    i._sys_istty                             0x08001574   Section        0  retarget.o(i._sys_istty)
    i._sys_open                              0x0800157a   Section        0  retarget.o(i._sys_open)
    i._sys_seek                              0x08001582   Section        0  retarget.o(i._sys_seek)
    i._sys_write                             0x0800158a   Section        0  retarget.o(i._sys_write)
    i._ttywrch                               0x080015b4   Section        0  retarget.o(i._ttywrch)
    i.fputc                                  0x080015c2   Section        0  fputc.o(i.fputc)
    i.main                                   0x080015e0   Section        0  main.o(i.main)
    .constdata                               0x08001630   Section       20  retarget.o(.constdata)
    .constdata                               0x08001644   Section       24  system_stm32f0xx.o(.constdata)
    .data                                    0x20000000   Section        4  system_stm32f0xx.o(.data)
    .data                                    0x20000004   Section        4  stdio_streams.o(.data)
    .data                                    0x20000008   Section        4  stdio_streams.o(.data)
    .data                                    0x2000000c   Section        4  stdio_streams.o(.data)
    .bss                                     0x20000010   Section       84  stdio_streams.o(.bss)
    .bss                                     0x20000064   Section       84  stdio_streams.o(.bss)
    .bss                                     0x200000b8   Section       84  stdio_streams.o(.bss)
    .bss                                     0x2000010c   Section       96  libspace.o(.bss)
    HEAP                                     0x20000170   Section     2048  startup_stm32f071xb.o(HEAP)
    Heap_Mem                                 0x20000170   Data        2048  startup_stm32f071xb.o(HEAP)
    STACK                                    0x20000970   Section     2048  startup_stm32f071xb.o(STACK)
    Stack_Mem                                0x20000970   Data        2048  startup_stm32f071xb.o(STACK)
    __initial_sp                             0x20001170   Data           0  startup_stm32f071xb.o(STACK)

    Global Symbols

    Symbol Name                              Value     Ov Type        Size  Object(Section)

    BuildAttributes$$THM_ISAv3M$S$PE$A:L22$X:L11$S22$IEEE1$IW$USESV6$~STKCKD$USESV7$~SHL$OTIME$ROPI$EBA8$UX$STANDARDLIB$REQ8$PRES8$EABIv2 0x00000000   Number         0  anon$$obj.o ABSOLUTE
    __ARM_use_no_argv                        0x00000000   Number         0  main.o ABSOLUTE
    __ARM_exceptions_init                     - Undefined Weak Reference
    __alloca_initialize                       - Undefined Weak Reference
    __arm_preinit_                            - Undefined Weak Reference
    __cpp_initialize__aeabi_                  - Undefined Weak Reference
    __cxa_finalize                            - Undefined Weak Reference
    __rt_locale                               - Undefined Weak Reference
    __sigvec_lookup                           - Undefined Weak Reference
    __user_heap_extent                        - Undefined Weak Reference
    _atexit_init                              - Undefined Weak Reference
    _call_atexit_fns                          - Undefined Weak Reference
    _clock_init                               - Undefined Weak Reference
    _fp_trap_init                             - Undefined Weak Reference
    _fp_trap_shutdown                         - Undefined Weak Reference
    _get_lc_collate                           - Undefined Weak Reference
    _get_lc_ctype                             - Undefined Weak Reference
    _get_lc_monetary                          - Undefined Weak Reference
    _get_lc_numeric                           - Undefined Weak Reference
    _get_lc_time                              - Undefined Weak Reference
    _getenv_init                              - Undefined Weak Reference
    _handle_redirection                       - Undefined Weak Reference
    _mutex_acquire                            - Undefined Weak Reference
    _mutex_free                               - Undefined Weak Reference
    _mutex_release                            - Undefined Weak Reference
    _rand_init                                - Undefined Weak Reference
    _signal_finish                            - Undefined Weak Reference
    _signal_init                              - Undefined Weak Reference
    __Vectors_Size                           0x000000bc   Number         0  startup_stm32f071xb.o ABSOLUTE
    __Vectors                                0x08000000   Data           4  startup_stm32f071xb.o(RESET)
    __Vectors_End                            0x080000bc   Data           0  startup_stm32f071xb.o(RESET)
    __main                                   0x080000bd   Thumb Code     8  __main.o(!!!main)
    __scatterload                            0x080000c5   Thumb Code     0  __scatter.o(!!!scatter)
    __scatterload_rt2                        0x080000c5   Thumb Code    52  __scatter.o(!!!scatter)
    __scatterload_rt2_thumb_only             0x080000c5   Thumb Code     0  __scatter.o(!!!scatter)
    __scatterload_null                       0x080000d5   Thumb Code     0  __scatter.o(!!!scatter)
    __scatterload_copy                       0x08000101   Thumb Code    26  __scatter_copy.o(!!handler_copy)
    __scatterload_zeroinit                   0x0800011d   Thumb Code    28  __scatter_zi.o(!!handler_zi)
    __rt_lib_init                            0x08000139   Thumb Code     0  libinit.o(.ARM.Collect$$libinit$$00000000)
    __rt_lib_init_fp_1                       0x0800013b   Thumb Code     0  libinit2.o(.ARM.Collect$$libinit$$00000002)
    __rt_lib_init_heap_2                     0x0800013b   Thumb Code     0  libinit2.o(.ARM.Collect$$libinit$$00000005)
    __rt_lib_init_preinit_1                  0x0800013b   Thumb Code     0  libinit2.o(.ARM.Collect$$libinit$$00000004)
    __rt_lib_init_atexit_1                   0x08000143   Thumb Code     0  libinit2.o(.ARM.Collect$$libinit$$0000001B)
    __rt_lib_init_clock_1                    0x08000143   Thumb Code     0  libinit2.o(.ARM.Collect$$libinit$$00000021)
    __rt_lib_init_fp_trap_1                  0x08000143   Thumb Code     0  libinit2.o(.ARM.Collect$$libinit$$0000001F)
    __rt_lib_init_getenv_1                   0x08000143   Thumb Code     0  libinit2.o(.ARM.Collect$$libinit$$00000023)
    __rt_lib_init_heap_1                     0x08000143   Thumb Code     0  libinit2.o(.ARM.Collect$$libinit$$0000000A)
    __rt_lib_init_lc_collate_1               0x08000143   Thumb Code     0  libinit2.o(.ARM.Collect$$libinit$$00000011)
    __rt_lib_init_lc_ctype_1                 0x08000143   Thumb Code     0  libinit2.o(.ARM.Collect$$libinit$$00000013)
    __rt_lib_init_lc_monetary_1              0x08000143   Thumb Code     0  libinit2.o(.ARM.Collect$$libinit$$00000015)
    __rt_lib_init_lc_numeric_1               0x08000143   Thumb Code     0  libinit2.o(.ARM.Collect$$libinit$$00000017)
    __rt_lib_init_lc_time_1                  0x08000143   Thumb Code     0  libinit2.o(.ARM.Collect$$libinit$$00000019)
    __rt_lib_init_rand_1                     0x08000143   Thumb Code     0  libinit2.o(.ARM.Collect$$libinit$$0000000E)
    __rt_lib_init_signal_1                   0x08000143   Thumb Code     0  libinit2.o(.ARM.Collect$$libinit$$0000001D)
    __rt_lib_init_stdio_2                    0x08000143   Thumb Code     0  libinit2.o(.ARM.Collect$$libinit$$00000024)
    __rt_lib_init_user_alloc_1               0x08000143   Thumb Code     0  libinit2.o(.ARM.Collect$$libinit$$0000000C)
    __rt_lib_init_alloca_1                   0x08000147   Thumb Code     0  libinit2.o(.ARM.Collect$$libinit$$0000002E)
    __rt_lib_init_argv_1                     0x08000147   Thumb Code     0  libinit2.o(.ARM.Collect$$libinit$$0000002C)
    __rt_lib_init_cpp_1                      0x08000147   Thumb Code     0  libinit2.o(.ARM.Collect$$libinit$$00000032)
    __rt_lib_init_exceptions_1               0x08000147   Thumb Code     0  libinit2.o(.ARM.Collect$$libinit$$00000030)
    __rt_lib_init_return                     0x08000147   Thumb Code     0  libinit2.o(.ARM.Collect$$libinit$$00000033)
    __rt_lib_init_stdio_1                    0x08000147   Thumb Code     0  libinit2.o(.ARM.Collect$$libinit$$00000025)
    __rt_lib_shutdown                        0x08000149   Thumb Code     0  libshutdown.o(.ARM.Collect$$libshutdown$$00000000)
    __rt_lib_shutdown_cpp_1                  0x0800014b   Thumb Code     0  libshutdown2.o(.ARM.Collect$$libshutdown$$00000002)
    __rt_lib_shutdown_stdio_2                0x0800014b   Thumb Code     0  libshutdown2.o(.ARM.Collect$$libshutdown$$00000003)
    __rt_lib_shutdown_fp_trap_1              0x0800014f   Thumb Code     0  libshutdown2.o(.ARM.Collect$$libshutdown$$00000007)
    __rt_lib_shutdown_heap_1                 0x0800014f   Thumb Code     0  libshutdown2.o(.ARM.Collect$$libshutdown$$0000000F)
    __rt_lib_shutdown_return                 0x0800014f   Thumb Code     0  libshutdown2.o(.ARM.Collect$$libshutdown$$00000010)
    __rt_lib_shutdown_signal_1               0x0800014f   Thumb Code     0  libshutdown2.o(.ARM.Collect$$libshutdown$$0000000A)
    __rt_lib_shutdown_stdio_1                0x0800014f   Thumb Code     0  libshutdown2.o(.ARM.Collect$$libshutdown$$00000004)
    __rt_lib_shutdown_user_alloc_1           0x0800014f   Thumb Code     0  libshutdown2.o(.ARM.Collect$$libshutdown$$0000000C)
    __rt_entry                               0x08000151   Thumb Code     0  __rtentry.o(.ARM.Collect$$rtentry$$00000000)
    __rt_entry_presh_1                       0x08000151   Thumb Code     0  __rtentry2.o(.ARM.Collect$$rtentry$$00000002)
    __rt_entry_sh                            0x08000151   Thumb Code     0  __rtentry4.o(.ARM.Collect$$rtentry$$00000004)
    __rt_entry_li                            0x08000157   Thumb Code     0  __rtentry2.o(.ARM.Collect$$rtentry$$0000000A)
    __rt_entry_postsh_1                      0x08000157   Thumb Code     0  __rtentry2.o(.ARM.Collect$$rtentry$$00000009)
    __rt_entry_main                          0x0800015b   Thumb Code     0  __rtentry2.o(.ARM.Collect$$rtentry$$0000000D)
    __rt_entry_postli_1                      0x0800015b   Thumb Code     0  __rtentry2.o(.ARM.Collect$$rtentry$$0000000C)
    __rt_exit                                0x08000163   Thumb Code     0  rtexit.o(.ARM.Collect$$rtexit$$00000000)
    __rt_exit_ls                             0x08000165   Thumb Code     0  rtexit2.o(.ARM.Collect$$rtexit$$00000003)
    __rt_exit_prels_1                        0x08000165   Thumb Code     0  rtexit2.o(.ARM.Collect$$rtexit$$00000002)
    __rt_exit_exit                           0x08000169   Thumb Code     0  rtexit2.o(.ARM.Collect$$rtexit$$00000004)
    Reset_Handler                            0x08000171   Thumb Code     8  startup_stm32f071xb.o(.text)
    _maybe_terminate_alloc                   0x08000171   Thumb Code     0  maybetermalloc1.o(.emb_text)
    ADC1_COMP_IRQHandler                     0x08000183   Thumb Code     0  startup_stm32f071xb.o(.text)
    CEC_IRQHandler                           0x08000183   Thumb Code     0  startup_stm32f071xb.o(.text)
    DMA1_Channel1_IRQHandler                 0x08000183   Thumb Code     0  startup_stm32f071xb.o(.text)
    DMA1_Channel2_3_IRQHandler               0x08000183   Thumb Code     0  startup_stm32f071xb.o(.text)
    DMA1_Channel4_5_6_7_IRQHandler           0x08000183   Thumb Code     0  startup_stm32f071xb.o(.text)
    EXTI0_1_IRQHandler                       0x08000183   Thumb Code     0  startup_stm32f071xb.o(.text)
    EXTI2_3_IRQHandler                       0x08000183   Thumb Code     0  startup_stm32f071xb.o(.text)
    EXTI4_15_IRQHandler                      0x08000183   Thumb Code     0  startup_stm32f071xb.o(.text)
    FLASH_IRQHandler                         0x08000183   Thumb Code     0  startup_stm32f071xb.o(.text)
    I2C1_IRQHandler                          0x08000183   Thumb Code     0  startup_stm32f071xb.o(.text)
    I2C2_IRQHandler                          0x08000183   Thumb Code     0  startup_stm32f071xb.o(.text)
    PVD_VDDIO2_IRQHandler                    0x08000183   Thumb Code     0  startup_stm32f071xb.o(.text)
    RCC_CRS_IRQHandler                       0x08000183   Thumb Code     0  startup_stm32f071xb.o(.text)
    RTC_IRQHandler                           0x08000183   Thumb Code     0  startup_stm32f071xb.o(.text)
    SPI1_IRQHandler                          0x08000183   Thumb Code     0  startup_stm32f071xb.o(.text)
    SPI2_IRQHandler                          0x08000183   Thumb Code     0  startup_stm32f071xb.o(.text)
    TIM14_IRQHandler                         0x08000183   Thumb Code     0  startup_stm32f071xb.o(.text)
    TIM15_IRQHandler                         0x08000183   Thumb Code     0  startup_stm32f071xb.o(.text)
    TIM16_IRQHandler                         0x08000183   Thumb Code     0  startup_stm32f071xb.o(.text)
    TIM17_IRQHandler                         0x08000183   Thumb Code     0  startup_stm32f071xb.o(.text)
    TIM1_BRK_UP_TRG_COM_IRQHandler           0x08000183   Thumb Code     0  startup_stm32f071xb.o(.text)
    TIM1_CC_IRQHandler                       0x08000183   Thumb Code     0  startup_stm32f071xb.o(.text)
    TIM2_IRQHandler                          0x08000183   Thumb Code     0  startup_stm32f071xb.o(.text)
    TIM3_IRQHandler                          0x08000183   Thumb Code     0  startup_stm32f071xb.o(.text)
    TIM6_DAC_IRQHandler                      0x08000183   Thumb Code     0  startup_stm32f071xb.o(.text)
    TIM7_IRQHandler                          0x08000183   Thumb Code     0  startup_stm32f071xb.o(.text)
    TSC_IRQHandler                           0x08000183   Thumb Code     0  startup_stm32f071xb.o(.text)
    USART1_IRQHandler                        0x08000183   Thumb Code     0  startup_stm32f071xb.o(.text)
    USART2_IRQHandler                        0x08000183   Thumb Code     0  startup_stm32f071xb.o(.text)
    USART3_4_IRQHandler                      0x08000183   Thumb Code     0  startup_stm32f071xb.o(.text)
    WWDG_IRQHandler                          0x08000183   Thumb Code     0  startup_stm32f071xb.o(.text)
    __user_initial_stackheap                 0x08000185   Thumb Code     0  startup_stm32f071xb.o(.text)
    __2printf                                0x080001a9   Thumb Code    22  noretval__2printf.o(.text)
    _memset_w                                0x080001c5   Thumb Code    26  rt_memclr.o(.text)
    _memset                                  0x080001df   Thumb Code    30  rt_memclr.o(.text)
    __aeabi_memclr                           0x080001fd   Thumb Code     4  rt_memclr.o(.text)
    __rt_memclr                              0x080001fd   Thumb Code     0  rt_memclr.o(.text)
    __aeabi_memclr4                          0x08000201   Thumb Code     0  rt_memclr.o(.text)
    __aeabi_memclr8                          0x08000201   Thumb Code     0  rt_memclr.o(.text)
    __rt_memclr_w                            0x08000201   Thumb Code     4  rt_memclr.o(.text)
    __aeabi_uidiv                            0x08000205   Thumb Code     0  aeabi_sdiv.o(.text)
    __aeabi_uidivmod                         0x08000205   Thumb Code    20  aeabi_sdiv.o(.text)
    __aeabi_idiv                             0x08000219   Thumb Code     0  aeabi_sdiv.o(.text)
    __aeabi_idivmod                          0x08000219   Thumb Code   326  aeabi_sdiv.o(.text)
    __use_two_region_memory                  0x0800035f   Thumb Code     2  heapauxi.o(.text)
    __rt_heap_escrow                         0x08000361   Thumb Code     2  heapauxi.o(.text)
    __rt_heap_expand                         0x08000363   Thumb Code     2  heapauxi.o(.text)
    _printf_char_file                        0x08000365   Thumb Code    34  _printf_char_file.o(.text)
    _printf_char_common                      0x08000397   Thumb Code    32  _printf_char_common.o(.text)
    ferror                                   0x080003bd   Thumb Code     8  ferror.o(.text)
    _initio                                  0x080003c5   Thumb Code   216  initio.o(.text)
    _terminateio                             0x0800049d   Thumb Code    56  initio.o(.text)
    __user_setup_stackheap                   0x08000501   Thumb Code    62  sys_stackheap_outer.o(.text)
    free                                     0x0800053f   Thumb Code    76  h1_free.o(.text)
    __printf                                 0x0800058b   Thumb Code    36  __printf_nopercent.o(.text)
    __flsbuf                                 0x080005b1   Thumb Code   486  flsbuf.o(.text)
    __flsbuf_byte                            0x080005b1   Thumb Code     0  flsbuf.o(.text)
    __flsbuf_wide                            0x080005b1   Thumb Code     0  flsbuf.o(.text)
    setvbuf                                  0x080007a1   Thumb Code    72  setvbuf.o(.text)
    freopen                                  0x080007ed   Thumb Code   148  fopen.o(.text)
    fopen                                    0x08000881   Thumb Code    76  fopen.o(.text)
    _fclose_internal                         0x080008d5   Thumb Code    72  fclose.o(.text)
    fclose                                   0x080008d5   Thumb Code     0  fclose.o(.text)
    exit                                     0x08000921   Thumb Code    16  exit.o(.text)
    __rt_SIGRTRED                            0x08000931   Thumb Code    12  defsig_rtred_outer.o(.text)
    __user_libspace                          0x0800093d   Thumb Code     8  libspace.o(.text)
    __user_perproc_libspace                  0x0800093d   Thumb Code     0  libspace.o(.text)
    __user_perthread_libspace                0x0800093d   Thumb Code     0  libspace.o(.text)
    __rt_heap_descriptor                     0x08000945   Thumb Code     8  rt_heap_descriptor_intlibspace.o(.text)
    __use_no_heap                            0x0800094d   Thumb Code     2  hguard.o(.text)
    __heap$guard                             0x0800094f   Thumb Code     2  hguard.o(.text)
    _terminate_user_alloc                    0x08000951   Thumb Code     2  init_alloc.o(.text)
    _init_user_alloc                         0x08000953   Thumb Code     2  init_alloc.o(.text)
    __Heap_Full                              0x08000955   Thumb Code    32  init_alloc.o(.text)
    __Heap_Broken                            0x08000975   Thumb Code    10  init_alloc.o(.text)
    _init_alloc                              0x0800097f   Thumb Code    90  init_alloc.o(.text)
    malloc                                   0x080009d9   Thumb Code    98  h1_alloc.o(.text)
    _fseek                                   0x08000a3d   Thumb Code   240  fseek.o(.text)
    fseek                                    0x08000a3d   Thumb Code     0  fseek.o(.text)
    _seterr                                  0x08000b31   Thumb Code    20  stdio.o(.text)
    _writebuf                                0x08000b45   Thumb Code    76  stdio.o(.text)
    _fflush                                  0x08000b91   Thumb Code    76  stdio.o(.text)
    _deferredlazyseek                        0x08000bdd   Thumb Code    60  stdio.o(.text)
    __sig_exit                               0x08000c21   Thumb Code    12  defsig_exit.o(.text)
    __rt_SIGRTRED_inner                      0x08000c2d   Thumb Code    14  defsig_rtred_inner.o(.text)
    __Heap_Initialize                        0x08000c61   Thumb Code    10  h1_init.o(.text)
    __Heap_DescSize                          0x08000c6b   Thumb Code     4  h1_init.o(.text)
    __Heap_ProvideMemory                     0x08000c6f   Thumb Code    52  h1_extend.o(.text)
    _ftell_internal                          0x08000ca3   Thumb Code    66  ftell.o(.text)
    ftell                                    0x08000ca3   Thumb Code     0  ftell.o(.text)
    __default_signal_display                 0x08000ce5   Thumb Code    52  defsig_general.o(.text)
    __rt_SIGRTMEM                            0x08000d19   Thumb Code    12  defsig_rtmem_outer.o(.text)
    __aeabi_errno_addr                       0x08000d25   Thumb Code     8  rt_errno_addr_intlibspace.o(.text)
    __errno$intlibspace                      0x08000d25   Thumb Code     0  rt_errno_addr_intlibspace.o(.text)
    __rt_errno_addr$intlibspace              0x08000d25   Thumb Code     0  rt_errno_addr_intlibspace.o(.text)
    __rt_SIGRTMEM_inner                      0x08000d2d   Thumb Code    22  defsig_rtmem_inner.o(.text)
    main                                     0x08000d7d   Thumb Code    12  main.o(i.$Sub$$main)
    Error_Handler                            0x08000d89   Thumb Code     2  main.o(i.Error_Handler)
    HardFault_Handler                        0x08000d8b   Thumb Code     4  stm32f0xx_it.o(i.HardFault_Handler)
    LL_GPIO_Init                             0x08000d8f   Thumb Code   250  stm32f0xx_ll_gpio.o(i.LL_GPIO_Init)
    LL_Init1msTick                           0x08000e89   Thumb Code    34  stm32f0xx_ll_utils.o(i.LL_Init1msTick)
    LL_RCC_GetSystemClocksFreq               0x08000eb1   Thumb Code    28  stm32f0xx_ll_rcc.o(i.LL_RCC_GetSystemClocksFreq)
    LL_RCC_GetUSARTClockFreq                 0x08000ecd   Thumb Code   190  stm32f0xx_ll_rcc.o(i.LL_RCC_GetUSARTClockFreq)
    LL_SetSystemCoreClock                    0x08000f91   Thumb Code     6  stm32f0xx_ll_utils.o(i.LL_SetSystemCoreClock)
    LL_USART_Init                            0x08000f9d   Thumb Code   246  stm32f0xx_ll_usart.o(i.LL_USART_Init)
    LL_mDelay                                0x080010ad   Thumb Code    40  stm32f0xx_ll_utils.o(i.LL_mDelay)
    NMI_Handler                              0x080010d9   Thumb Code     2  stm32f0xx_it.o(i.NMI_Handler)
    PendSV_Handler                           0x080010db   Thumb Code     2  stm32f0xx_it.o(i.PendSV_Handler)
    SVC_Handler                              0x080010dd   Thumb Code     2  stm32f0xx_it.o(i.SVC_Handler)
    SysTick_Handler                          0x080010df   Thumb Code     2  stm32f0xx_it.o(i.SysTick_Handler)
    SystemInit                               0x080010e1   Thumb Code     2  system_stm32f0xx.o(i.SystemInit)
    UART_write                               0x080010e5   Thumb Code    22  retarget.o(i.UART_write)
    SystemClock_Config()                     0x08001169   Thumb Code   312  main.o(i._Z18SystemClock_Configv)
    RCC_GetHCLKClockFreq(unsigned)           0x08001379   Thumb Code    26  stm32f0xx_ll_rcc.o(i._Z20RCC_GetHCLKClockFreqj)
    RCC_GetPCLK1ClockFreq(unsigned)          0x0800139d   Thumb Code    26  stm32f0xx_ll_rcc.o(i._Z21RCC_GetPCLK1ClockFreqj)
    RCC_GetSystemClockFreq()                 0x080013d1   Thumb Code    56  stm32f0xx_ll_rcc.o(i._Z22RCC_GetSystemClockFreqv)
    RCC_PLL_GetFreqDomain_SYS()              0x08001449   Thumb Code   100  stm32f0xx_ll_rcc.o(i._Z25RCC_PLL_GetFreqDomain_SYSv)
    STM32_TEST::TestGPIO::SetGpio(int)       0x080014d1   Thumb Code    60  main.o(i._ZN10STM32_TEST8TestGPIO7SetGpioEi)
    STM32_TEST::TestGPIO::GPIOINIT()         0x08001515   Thumb Code    14  main.o(i._ZN10STM32_TEST8TestGPIO8GPIOINITEv)
    STM32_TEST::TestGPIO::TestGPIO()         0x08001525   Thumb Code    14  main.o(i._ZN10STM32_TEST8TestGPIOC1Ev)
    STM32_TEST::TestGPIO::TestGPIO__sub_object() 0x08001525   Thumb Code     0  main.o(i._ZN10STM32_TEST8TestGPIOC1Ev)
    _sys_close                               0x08001565   Thumb Code     6  retarget.o(i._sys_close)
    _sys_exit                                0x0800156b   Thumb Code     4  retarget.o(i._sys_exit)
    _sys_flen                                0x0800156f   Thumb Code     6  retarget.o(i._sys_flen)
    _sys_istty                               0x08001575   Thumb Code     6  retarget.o(i._sys_istty)
    _sys_open                                0x0800157b   Thumb Code     8  retarget.o(i._sys_open)
    _sys_seek                                0x08001583   Thumb Code     8  retarget.o(i._sys_seek)
    _sys_write                               0x0800158b   Thumb Code    42  retarget.o(i._sys_write)
    _ttywrch                                 0x080015b5   Thumb Code    14  retarget.o(i._ttywrch)
    fputc                                    0x080015c3   Thumb Code    30  fputc.o(i.fputc)
    $Super$$main                             0x080015e1   Thumb Code    76  main.o(i.main)
    __stdin_name                             0x08001630   Data           6  retarget.o(.constdata)
    __stdout_name                            0x08001636   Data           7  retarget.o(.constdata)
    __stderr_name                            0x0800163d   Data           7  retarget.o(.constdata)
    AHBPrescTable                            0x08001644   Data          16  system_stm32f0xx.o(.constdata)
    APBPrescTable                            0x08001654   Data           8  system_stm32f0xx.o(.constdata)
    Region$$Table$$Base                      0x0800165c   Number         0  anon$$obj.o(Region$$Table)
    Region$$Table$$Limit                     0x0800167c   Number         0  anon$$obj.o(Region$$Table)
    SystemCoreClock                          0x20000000   Data           4  system_stm32f0xx.o(.data)
    __aeabi_stdin                            0x20000004   Data           4  stdio_streams.o(.data)
    __aeabi_stdout                           0x20000008   Data           4  stdio_streams.o(.data)
    __aeabi_stderr                           0x2000000c   Data           4  stdio_streams.o(.data)
    __stdin                                  0x20000010   Data          84  stdio_streams.o(.bss)
    __stdout                                 0x20000064   Data          84  stdio_streams.o(.bss)
    __stderr                                 0x200000b8   Data          84  stdio_streams.o(.bss)
    __libspace_start                         0x2000010c   Data          96  libspace.o(.bss)
    __temporary_stack_top$libspace           0x2000016c   Data           0  libspace.o(.bss)



==============================================================================

Memory Map of the image

  Image Entry point : 0x080000bd

  Load Region LR_IROM1 (Base: 0x08000000, Size: 0x0000168c, Max: 0x00020000, ABSOLUTE)

    Execution Region ER_IROM1 (Exec base: 0x08000000, Load base: 0x08000000, Size: 0x0000167c, Max: 0x00020000, ABSOLUTE)

    Exec Addr    Load Addr    Size         Type   Attr      Idx    E Section Name        Object

    0x08000000   0x08000000   0x000000bc   Data   RO            3    RESET               startup_stm32f071xb.o
    0x080000bc   0x080000bc   0x00000008   Code   RO          937  * !!!main             c_p.l(__main.o)
    0x080000c4   0x080000c4   0x0000003c   Code   RO         1284    !!!scatter          c_p.l(__scatter.o)
    0x08000100   0x08000100   0x0000001a   Code   RO         1286    !!handler_copy      c_p.l(__scatter_copy.o)
    0x0800011a   0x0800011a   0x00000002   PAD
    0x0800011c   0x0800011c   0x0000001c   Code   RO         1288    !!handler_zi        c_p.l(__scatter_zi.o)
    0x08000138   0x08000138   0x00000002   Code   RO         1076    .ARM.Collect$$libinit$$00000000  c_p.l(libinit.o)
    0x0800013a   0x0800013a   0x00000000   Code   RO         1078    .ARM.Collect$$libinit$$00000002  c_p.l(libinit2.o)
    0x0800013a   0x0800013a   0x00000000   Code   RO         1080    .ARM.Collect$$libinit$$00000004  c_p.l(libinit2.o)
    0x0800013a   0x0800013a   0x00000008   Code   RO         1081    .ARM.Collect$$libinit$$00000005  c_p.l(libinit2.o)
    0x08000142   0x08000142   0x00000000   Code   RO         1083    .ARM.Collect$$libinit$$0000000A  c_p.l(libinit2.o)
    0x08000142   0x08000142   0x00000000   Code   RO         1085    .ARM.Collect$$libinit$$0000000C  c_p.l(libinit2.o)
    0x08000142   0x08000142   0x00000000   Code   RO         1087    .ARM.Collect$$libinit$$0000000E  c_p.l(libinit2.o)
    0x08000142   0x08000142   0x00000000   Code   RO         1090    .ARM.Collect$$libinit$$00000011  c_p.l(libinit2.o)
    0x08000142   0x08000142   0x00000000   Code   RO         1092    .ARM.Collect$$libinit$$00000013  c_p.l(libinit2.o)
    0x08000142   0x08000142   0x00000000   Code   RO         1094    .ARM.Collect$$libinit$$00000015  c_p.l(libinit2.o)
    0x08000142   0x08000142   0x00000000   Code   RO         1096    .ARM.Collect$$libinit$$00000017  c_p.l(libinit2.o)
    0x08000142   0x08000142   0x00000000   Code   RO         1098    .ARM.Collect$$libinit$$00000019  c_p.l(libinit2.o)
    0x08000142   0x08000142   0x00000000   Code   RO         1100    .ARM.Collect$$libinit$$0000001B  c_p.l(libinit2.o)
    0x08000142   0x08000142   0x00000000   Code   RO         1102    .ARM.Collect$$libinit$$0000001D  c_p.l(libinit2.o)
    0x08000142   0x08000142   0x00000000   Code   RO         1104    .ARM.Collect$$libinit$$0000001F  c_p.l(libinit2.o)
    0x08000142   0x08000142   0x00000000   Code   RO         1106    .ARM.Collect$$libinit$$00000021  c_p.l(libinit2.o)
    0x08000142   0x08000142   0x00000000   Code   RO         1108    .ARM.Collect$$libinit$$00000023  c_p.l(libinit2.o)
    0x08000142   0x08000142   0x00000004   Code   RO         1109    .ARM.Collect$$libinit$$00000024  c_p.l(libinit2.o)
    0x08000146   0x08000146   0x00000000   Code   RO         1110    .ARM.Collect$$libinit$$00000025  c_p.l(libinit2.o)
    0x08000146   0x08000146   0x00000000   Code   RO         1114    .ARM.Collect$$libinit$$0000002C  c_p.l(libinit2.o)
    0x08000146   0x08000146   0x00000000   Code   RO         1116    .ARM.Collect$$libinit$$0000002E  c_p.l(libinit2.o)
    0x08000146   0x08000146   0x00000000   Code   RO         1118    .ARM.Collect$$libinit$$00000030  c_p.l(libinit2.o)
    0x08000146   0x08000146   0x00000000   Code   RO         1120    .ARM.Collect$$libinit$$00000032  c_p.l(libinit2.o)
    0x08000146   0x08000146   0x00000002   Code   RO         1121    .ARM.Collect$$libinit$$00000033  c_p.l(libinit2.o)
    0x08000148   0x08000148   0x00000002   Code   RO         1262    .ARM.Collect$$libshutdown$$00000000  c_p.l(libshutdown.o)
    0x0800014a   0x0800014a   0x00000000   Code   RO         1123    .ARM.Collect$$libshutdown$$00000002  c_p.l(libshutdown2.o)
    0x0800014a   0x0800014a   0x00000004   Code   RO         1124    .ARM.Collect$$libshutdown$$00000003  c_p.l(libshutdown2.o)
    0x0800014e   0x0800014e   0x00000000   Code   RO         1125    .ARM.Collect$$libshutdown$$00000004  c_p.l(libshutdown2.o)
    0x0800014e   0x0800014e   0x00000000   Code   RO         1128    .ARM.Collect$$libshutdown$$00000007  c_p.l(libshutdown2.o)
    0x0800014e   0x0800014e   0x00000000   Code   RO         1131    .ARM.Collect$$libshutdown$$0000000A  c_p.l(libshutdown2.o)
    0x0800014e   0x0800014e   0x00000000   Code   RO         1133    .ARM.Collect$$libshutdown$$0000000C  c_p.l(libshutdown2.o)
    0x0800014e   0x0800014e   0x00000000   Code   RO         1136    .ARM.Collect$$libshutdown$$0000000F  c_p.l(libshutdown2.o)
    0x0800014e   0x0800014e   0x00000002   Code   RO         1137    .ARM.Collect$$libshutdown$$00000010  c_p.l(libshutdown2.o)
    0x08000150   0x08000150   0x00000000   Code   RO          939    .ARM.Collect$$rtentry$$00000000  c_p.l(__rtentry.o)
    0x08000150   0x08000150   0x00000000   Code   RO          953    .ARM.Collect$$rtentry$$00000002  c_p.l(__rtentry2.o)
    0x08000150   0x08000150   0x00000006   Code   RO          965    .ARM.Collect$$rtentry$$00000004  c_p.l(__rtentry4.o)
    0x08000156   0x08000156   0x00000000   Code   RO          955    .ARM.Collect$$rtentry$$00000009  c_p.l(__rtentry2.o)
    0x08000156   0x08000156   0x00000004   Code   RO          956    .ARM.Collect$$rtentry$$0000000A  c_p.l(__rtentry2.o)
    0x0800015a   0x0800015a   0x00000000   Code   RO          958    .ARM.Collect$$rtentry$$0000000C  c_p.l(__rtentry2.o)
    0x0800015a   0x0800015a   0x00000008   Code   RO          959    .ARM.Collect$$rtentry$$0000000D  c_p.l(__rtentry2.o)
    0x08000162   0x08000162   0x00000002   Code   RO         1144    .ARM.Collect$$rtexit$$00000000  c_p.l(rtexit.o)
    0x08000164   0x08000164   0x00000000   Code   RO         1202    .ARM.Collect$$rtexit$$00000002  c_p.l(rtexit2.o)
    0x08000164   0x08000164   0x00000004   Code   RO         1203    .ARM.Collect$$rtexit$$00000003  c_p.l(rtexit2.o)
    0x08000168   0x08000168   0x00000006   Code   RO         1204    .ARM.Collect$$rtexit$$00000004  c_p.l(rtexit2.o)
    0x0800016e   0x0800016e   0x00000002   PAD
    0x08000170   0x08000170   0x00000000   Code   RO         1208    .emb_text           c_p.l(maybetermalloc1.o)
    0x08000170   0x08000170   0x00000038   Code   RO            4    .text               startup_stm32f071xb.o
    0x080001a8   0x080001a8   0x0000001c   Code   RO          927    .text               c_p.l(noretval__2printf.o)
    0x080001c4   0x080001c4   0x00000040   Code   RO          929    .text               c_p.l(rt_memclr.o)
    0x08000204   0x08000204   0x0000015a   Code   RO          931    .text               c_p.l(aeabi_sdiv.o)
    0x0800035e   0x0800035e   0x00000006   Code   RO          935    .text               c_p.l(heapauxi.o)
    0x08000364   0x08000364   0x00000028   Code   RO          944    .text               c_p.l(_printf_char_file.o)
    0x0800038c   0x0800038c   0x00000030   Code   RO          969    .text               c_p.l(_printf_char_common.o)
    0x080003bc   0x080003bc   0x00000008   Code   RO          971    .text               c_p.l(ferror.o)
    0x080003c4   0x080003c4   0x0000013c   Code   RO          977    .text               c_p.l(initio.o)
    0x08000500   0x08000500   0x0000003e   Code   RO          987    .text               c_p.l(sys_stackheap_outer.o)
    0x0800053e   0x0800053e   0x0000004c   Code   RO          992    .text               c_p.l(h1_free.o)
    0x0800058a   0x0800058a   0x00000024   Code   RO         1046    .text               c_p.l(__printf_nopercent.o)
    0x080005ae   0x080005ae   0x00000002   PAD
    0x080005b0   0x080005b0   0x000001f0   Code   RO         1048    .text               c_p.l(flsbuf.o)
    0x080007a0   0x080007a0   0x0000004c   Code   RO         1050    .text               c_p.l(setvbuf.o)
    0x080007ec   0x080007ec   0x000000e8   Code   RO         1053    .text               c_p.l(fopen.o)
    0x080008d4   0x080008d4   0x0000004c   Code   RO         1055    .text               c_p.l(fclose.o)
    0x08000920   0x08000920   0x00000010   Code   RO         1061    .text               c_p.l(exit.o)
    0x08000930   0x08000930   0x0000000c   Code   RO         1067    .text               c_p.l(defsig_rtred_outer.o)
    0x0800093c   0x0800093c   0x00000008   Code   RO         1140    .text               c_p.l(libspace.o)
    0x08000944   0x08000944   0x00000008   Code   RO         1151    .text               c_p.l(rt_heap_descriptor_intlibspace.o)
    0x0800094c   0x0800094c   0x00000004   Code   RO         1153    .text               c_p.l(hguard.o)
    0x08000950   0x08000950   0x00000088   Code   RO         1155    .text               c_p.l(init_alloc.o)
    0x080009d8   0x080009d8   0x00000062   Code   RO         1161    .text               c_p.l(h1_alloc.o)
    0x08000a3a   0x08000a3a   0x00000002   PAD
    0x08000a3c   0x08000a3c   0x000000f4   Code   RO         1177    .text               c_p.l(fseek.o)
    0x08000b30   0x08000b30   0x000000f0   Code   RO         1179    .text               c_p.l(stdio.o)
    0x08000c20   0x08000c20   0x0000000c   Code   RO         1185    .text               c_p.l(defsig_exit.o)
    0x08000c2c   0x08000c2c   0x00000034   Code   RO         1189    .text               c_p.l(defsig_rtred_inner.o)
    0x08000c60   0x08000c60   0x0000000e   Code   RO         1210    .text               c_p.l(h1_init.o)
    0x08000c6e   0x08000c6e   0x00000034   Code   RO         1212    .text               c_p.l(h1_extend.o)
    0x08000ca2   0x08000ca2   0x00000042   Code   RO         1222    .text               c_p.l(ftell.o)
    0x08000ce4   0x08000ce4   0x00000034   Code   RO         1230    .text               c_p.l(defsig_general.o)
    0x08000d18   0x08000d18   0x0000000c   Code   RO         1232    .text               c_p.l(defsig_rtmem_outer.o)
    0x08000d24   0x08000d24   0x00000008   Code   RO         1250    .text               c_p.l(rt_errno_addr_intlibspace.o)
    0x08000d2c   0x08000d2c   0x00000050   Code   RO         1256    .text               c_p.l(defsig_rtmem_inner.o)
    0x08000d7c   0x08000d7c   0x0000000c   Code   RO          295    i.$Sub$$main        main.o
    0x08000d88   0x08000d88   0x00000002   Code   RO          296    i.Error_Handler     main.o
    0x08000d8a   0x08000d8a   0x00000004   Code   RO           12    i.HardFault_Handler  stm32f0xx_it.o
    0x08000d8e   0x08000d8e   0x000000fa   Code   RO          439    i.LL_GPIO_Init      stm32f0xx_ll_gpio.o
    0x08000e88   0x08000e88   0x00000028   Code   RO          806    i.LL_Init1msTick    stm32f0xx_ll_utils.o
    0x08000eb0   0x08000eb0   0x0000001c   Code   RO          665    i.LL_RCC_GetSystemClocksFreq  stm32f0xx_ll_rcc.o
    0x08000ecc   0x08000ecc   0x000000c4   Code   RO          666    i.LL_RCC_GetUSARTClockFreq  stm32f0xx_ll_rcc.o
    0x08000f90   0x08000f90   0x0000000c   Code   RO          810    i.LL_SetSystemCoreClock  stm32f0xx_ll_utils.o
    0x08000f9c   0x08000f9c   0x00000110   Code   RO          592    i.LL_USART_Init     stm32f0xx_ll_usart.o
    0x080010ac   0x080010ac   0x0000002c   Code   RO          811    i.LL_mDelay         stm32f0xx_ll_utils.o
    0x080010d8   0x080010d8   0x00000002   Code   RO           13    i.NMI_Handler       stm32f0xx_it.o
    0x080010da   0x080010da   0x00000002   Code   RO           14    i.PendSV_Handler    stm32f0xx_it.o
    0x080010dc   0x080010dc   0x00000002   Code   RO           15    i.SVC_Handler       stm32f0xx_it.o
    0x080010de   0x080010de   0x00000002   Code   RO           16    i.SysTick_Handler   stm32f0xx_it.o
    0x080010e0   0x080010e0   0x00000002   Code   RO          404    i.SystemInit        system_stm32f0xx.o
    0x080010e2   0x080010e2   0x00000002   PAD
    0x080010e4   0x080010e4   0x0000001c   Code   RO          127    i.UART_write        retarget.o
    0x08001100   0x08001100   0x00000038   Code   RO          297    i._Z12MX_GPIO_Initv  main.o
    0x08001138   0x08001138   0x00000010   Code   RO          667    i._Z18LL_RCC_HSI_IsReadyv  stm32f0xx_ll_rcc.o
    0x08001148   0x08001148   0x00000010   Code   RO          668    i._Z18LL_RCC_LSE_IsReadyv  stm32f0xx_ll_rcc.o
    0x08001158   0x08001158   0x00000010   Code   RO          594    i._Z18LL_USART_IsEnabledP13USART_TypeDef  stm32f0xx_ll_usart.o
    0x08001168   0x08001168   0x00000148   Code   RO          298    i._Z18SystemClock_Configv  main.o
    0x080012b0   0x080012b0   0x000000c8   Code   RO          299    i._Z19MX_USART2_UART_Initv  main.o
    0x08001378   0x08001378   0x00000024   Code   RO          669    i._Z20RCC_GetHCLKClockFreqj  stm32f0xx_ll_rcc.o
    0x0800139c   0x0800139c   0x00000024   Code   RO          670    i._Z21RCC_GetPCLK1ClockFreqj  stm32f0xx_ll_rcc.o
    0x080013c0   0x080013c0   0x00000010   Code   RO          671    i._Z22LL_RCC_GetSysClkSourcev  stm32f0xx_ll_rcc.o
    0x080013d0   0x080013d0   0x00000040   Code   RO          672    i._Z22RCC_GetSystemClockFreqv  stm32f0xx_ll_rcc.o
    0x08001410   0x08001410   0x0000001c   Code   RO          300    i._Z24LL_AHB1_GRP1_EnableClockj  main.o
    0x0800142c   0x0800142c   0x0000001c   Code   RO          301    i._Z24LL_APB1_GRP1_EnableClockj  main.o
    0x08001448   0x08001448   0x00000070   Code   RO          673    i._Z25RCC_PLL_GetFreqDomain_SYSv  stm32f0xx_ll_rcc.o
    0x080014b8   0x080014b8   0x00000018   Code   RO          674    i._Z26LL_RCC_GetUSARTClockSourcej  stm32f0xx_ll_rcc.o
    0x080014d0   0x080014d0   0x00000044   Code   RO          302    i._ZN10STM32_TEST8TestGPIO7SetGpioEi  main.o
    0x08001514   0x08001514   0x0000000e   Code   RO          303    i._ZN10STM32_TEST8TestGPIO8GPIOINITEv  main.o
    0x08001522   0x08001522   0x00000002   PAD
    0x08001524   0x08001524   0x00000040   Code   RO          305    i._ZN10STM32_TEST8TestGPIOC1Ev  main.o
    0x08001564   0x08001564   0x00000006   Code   RO          128    i._sys_close        retarget.o
    0x0800156a   0x0800156a   0x00000004   Code   RO          130    i._sys_exit         retarget.o
    0x0800156e   0x0800156e   0x00000006   Code   RO          131    i._sys_flen         retarget.o
    0x08001574   0x08001574   0x00000006   Code   RO          132    i._sys_istty        retarget.o
    0x0800157a   0x0800157a   0x00000008   Code   RO          133    i._sys_open         retarget.o
    0x08001582   0x08001582   0x00000008   Code   RO          135    i._sys_seek         retarget.o
    0x0800158a   0x0800158a   0x0000002a   Code   RO          137    i._sys_write        retarget.o
    0x080015b4   0x080015b4   0x0000000e   Code   RO          138    i._ttywrch          retarget.o
    0x080015c2   0x080015c2   0x0000001e   Code   RO          974    i.fputc             c_p.l(fputc.o)
    0x080015e0   0x080015e0   0x00000050   Code   RO          306    i.main              main.o
    0x08001630   0x08001630   0x00000014   Data   RO          152    .constdata          retarget.o
    0x08001644   0x08001644   0x00000018   Data   RO          407    .constdata          system_stm32f0xx.o
    0x0800165c   0x0800165c   0x00000020   Data   RO         1282    Region$$Table       anon$$obj.o


    Execution Region RW_IRAM1 (Exec base: 0x20000000, Load base: 0x0800167c, Size: 0x00001170, Max: 0x00004000, ABSOLUTE)

    Exec Addr    Load Addr    Size         Type   Attr      Idx    E Section Name        Object

    0x20000000   0x0800167c   0x00000004   Data   RW          408    .data               system_stm32f0xx.o
    0x20000004   0x08001680   0x00000004   Data   RW          949    .data               c_p.l(stdio_streams.o)
    0x20000008   0x08001684   0x00000004   Data   RW          950    .data               c_p.l(stdio_streams.o)
    0x2000000c   0x08001688   0x00000004   Data   RW          951    .data               c_p.l(stdio_streams.o)
    0x20000010        -       0x00000054   Zero   RW          946    .bss                c_p.l(stdio_streams.o)
    0x20000064        -       0x00000054   Zero   RW          947    .bss                c_p.l(stdio_streams.o)
    0x200000b8        -       0x00000054   Zero   RW          948    .bss                c_p.l(stdio_streams.o)
    0x2000010c        -       0x00000060   Zero   RW         1141    .bss                c_p.l(libspace.o)
    0x2000016c   0x0800168c   0x00000004   PAD
    0x20000170        -       0x00000800   Zero   RW            2    HEAP                startup_stm32f071xb.o
    0x20000970        -       0x00000800   Zero   RW            1    STACK               startup_stm32f071xb.o


==============================================================================

Image component sizes


      Code (inc. data)   RO Data    RW Data    ZI Data      Debug   Object Name

       880        106          0          0          0      47725   main.o
       122          6         20          0          0     252642   retarget.o
        56         26        188          0       4096        624   startup_stm32f071xb.o
        12          0          0          0          0     262211   stm32f0xx_it.o
       250          0          0          0          0       6839   stm32f0xx_ll_gpio.o
       544         66          0          0          0      19140   stm32f0xx_ll_rcc.o
       288         26          0          0          0      21448   stm32f0xx_ll_usart.o
        96         16          0          0          0       5721   stm32f0xx_ll_utils.o
         2          0         24          4          0       1103   system_stm32f0xx.o

    ----------------------------------------------------------------------
      2254        246        264          4       4096     617453   Object Totals
         0          0         32          0          0          0   (incl. Generated)
         4          0          0          0          0          0   (incl. Padding)

    ----------------------------------------------------------------------

      Code (inc. data)   RO Data    RW Data    ZI Data      Debug   Library Member Name

         8          0          0          0          0         68   __main.o
        36          0          0          0          0         76   __printf_nopercent.o
         0          0          0          0          0          0   __rtentry.o
        12          0          0          0          0          0   __rtentry2.o
         6          0          0          0          0          0   __rtentry4.o
        60          8          0          0          0          0   __scatter.o
        26          0          0          0          0          0   __scatter_copy.o
        28          0          0          0          0          0   __scatter_zi.o
        48          6          0          0          0         88   _printf_char_common.o
        40          6          0          0          0         72   _printf_char_file.o
       346          0          0          0          0         92   aeabi_sdiv.o
        12          0          0          0          0         68   defsig_exit.o
        52          0          0          0          0         72   defsig_general.o
        80         58          0          0          0         68   defsig_rtmem_inner.o
        12          0          0          0          0         68   defsig_rtmem_outer.o
        52         38          0          0          0         68   defsig_rtred_inner.o
        12          0          0          0          0         68   defsig_rtred_outer.o
        16          0          0          0          0         68   exit.o
        76          4          0          0          0         76   fclose.o
         8          0          0          0          0         60   ferror.o
       496         10          0          0          0         76   flsbuf.o
       232          8          0          0          0        108   fopen.o
        30          0          0          0          0         68   fputc.o
       244          4          0          0          0         76   fseek.o
        66          0          0          0          0         68   ftell.o
        98          0          0          0          0         72   h1_alloc.o
        52          0          0          0          0         68   h1_extend.o
        76          0          0          0          0         72   h1_free.o
        14          0          0          0          0         76   h1_init.o
         6          0          0          0          0        136   heapauxi.o
         4          0          0          0          0        120   hguard.o
       136          0          0          0          0        160   init_alloc.o
       316         44          0          0          0         96   initio.o
         2          0          0          0          0          0   libinit.o
        14          0          0          0          0          0   libinit2.o
         2          0          0          0          0          0   libshutdown.o
         6          0          0          0          0          0   libshutdown2.o
         8          4          0          0         96         68   libspace.o
         0          0          0          0          0          0   maybetermalloc1.o
        28          6          0          0          0         84   noretval__2printf.o
         8          4          0          0          0         68   rt_errno_addr_intlibspace.o
         8          4          0          0          0         68   rt_heap_descriptor_intlibspace.o
        64          0          0          0          0        108   rt_memclr.o
         2          0          0          0          0          0   rtexit.o
        10          0          0          0          0          0   rtexit2.o
        76          4          0          0          0         72   setvbuf.o
       240          8          0          0          0        144   stdio.o
         0          0          0         12        252          0   stdio_streams.o
        62          0          0          0          0         80   sys_stackheap_outer.o

    ----------------------------------------------------------------------
      3238        216          0         12        352       2900   Library Totals
         8          0          0          0          4          0   (incl. Padding)

    ----------------------------------------------------------------------

      Code (inc. data)   RO Data    RW Data    ZI Data      Debug   Library Name

      3230        216          0         12        348       2900   c_p.l

    ----------------------------------------------------------------------
      3238        216          0         12        352       2900   Library Totals

    ----------------------------------------------------------------------

==============================================================================


      Code (inc. data)   RO Data    RW Data    ZI Data      Debug   

      5492        462        264         16       4448     617297   Grand Totals
      5492        462        264         16       4448     617297   ELF Image Totals
      5492        462        264         16          0          0   ROM Totals

==============================================================================

    Total RO  Size (Code + RO Data)                 5756 (   5.62kB)
    Total RW  Size (RW Data + ZI Data)              4464 (   4.36kB)
    Total ROM Size (Code + RO Data + RW Data)       5772 (   5.64kB)

==============================================================================

