Component: ARM Compiler 5.06 update 6 (build 750) Tool: armlink [4d35ed]

==============================================================================

Section Cross References

    startup_stm32f071xb.o(STACK) refers (Special) to heapauxi.o(.text) for __use_two_region_memory
    startup_stm32f071xb.o(HEAP) refers (Special) to heapauxi.o(.text) for __use_two_region_memory
    startup_stm32f071xb.o(RESET) refers (Special) to heapauxi.o(.text) for __use_two_region_memory
    startup_stm32f071xb.o(RESET) refers to startup_stm32f071xb.o(STACK) for __initial_sp
    startup_stm32f071xb.o(RESET) refers to startup_stm32f071xb.o(.text) for Reset_Handler
    startup_stm32f071xb.o(RESET) refers to stm32f0xx_it.o(i.NMI_Handler) for NMI_Handler
    startup_stm32f071xb.o(RESET) refers to stm32f0xx_it.o(i.HardFault_Handler) for HardFault_Handler
    startup_stm32f071xb.o(RESET) refers to stm32f0xx_it.o(i.SVC_Handler) for SVC_Handler
    startup_stm32f071xb.o(RESET) refers to stm32f0xx_it.o(i.PendSV_Handler) for PendSV_Handler
    startup_stm32f071xb.o(RESET) refers to stm32f0xx_it.o(i.SysTick_Handler) for SysTick_Handler
    startup_stm32f071xb.o(.text) refers (Special) to heapauxi.o(.text) for __use_two_region_memory
    startup_stm32f071xb.o(.text) refers to system_stm32f0xx.o(i.SystemInit) for SystemInit
    startup_stm32f071xb.o(.text) refers to __main.o(!!!main) for __main
    startup_stm32f071xb.o(.text) refers to startup_stm32f071xb.o(HEAP) for Heap_Mem
    startup_stm32f071xb.o(.text) refers to startup_stm32f071xb.o(STACK) for Stack_Mem
    stm32f0xx_it.o(.ARM.exidx) refers to stm32f0xx_it.o(i.NMI_Handler) for i.NMI_Handler
    stm32f0xx_it.o(.ARM.exidx) refers to stm32f0xx_it.o(i.HardFault_Handler) for i.HardFault_Handler
    stm32f0xx_it.o(.ARM.exidx) refers to stm32f0xx_it.o(i.SVC_Handler) for i.SVC_Handler
    stm32f0xx_it.o(.ARM.exidx) refers to stm32f0xx_it.o(i.PendSV_Handler) for i.PendSV_Handler
    stm32f0xx_it.o(.ARM.exidx) refers to stm32f0xx_it.o(i.SysTick_Handler) for i.SysTick_Handler
    retarget.o(i._sys_read) refers to retarget.o(i.UART_read) for UART_read
    retarget.o(i._sys_read) refers to retarget.o(i.UART_write) for UART_write
    retarget.o(i._sys_write) refers to retarget.o(i.UART_write) for UART_write
    retarget.o(i._ttywrch) refers to retarget.o(i.UART_write) for UART_write
    retarget.o(.ARM.exidx) refers to retarget.o(i.UART_read) for i.UART_read
    retarget.o(.ARM.exidx) refers to retarget.o(i.UART_write) for i.UART_write
    retarget.o(.ARM.exidx) refers to retarget.o(i._sys_open) for i._sys_open
    retarget.o(.ARM.exidx) refers to retarget.o(i._sys_close) for i._sys_close
    retarget.o(.ARM.exidx) refers to retarget.o(i._sys_write) for i._sys_write
    retarget.o(.ARM.exidx) refers to retarget.o(i._sys_read) for i._sys_read
    retarget.o(.ARM.exidx) refers to retarget.o(i._ttywrch) for i._ttywrch
    retarget.o(.ARM.exidx) refers to retarget.o(i._sys_istty) for i._sys_istty
    retarget.o(.ARM.exidx) refers to retarget.o(i._sys_seek) for i._sys_seek
    retarget.o(.ARM.exidx) refers to retarget.o(i._sys_ensure) for i._sys_ensure
    retarget.o(.ARM.exidx) refers to retarget.o(i._sys_flen) for i._sys_flen
    retarget.o(.ARM.exidx) refers to retarget.o(i._sys_tmpnam) for i._sys_tmpnam
    retarget.o(.ARM.exidx) refers to retarget.o(i._sys_exit) for i._sys_exit
    main.o(i._Z12MX_GPIO_Initv) refers to main.o(i._Z24LL_AHB1_GRP1_EnableClockj) for LL_AHB1_GRP1_EnableClock(unsigned)
    main.o(i._Z18SystemClock_Configv) refers to main.o(i.Error_Handler) for Error_Handler
    main.o(i._Z18SystemClock_Configv) refers to stm32f0xx_ll_utils.o(i.LL_Init1msTick) for LL_Init1msTick
    main.o(i._Z18SystemClock_Configv) refers to stm32f0xx_ll_utils.o(i.LL_SetSystemCoreClock) for LL_SetSystemCoreClock
    main.o(i._Z19MX_USART2_UART_Initv) refers to rt_memclr.o(.text) for __aeabi_memclr4
    main.o(i._Z19MX_USART2_UART_Initv) refers to main.o(i._Z24LL_APB1_GRP1_EnableClockj) for LL_APB1_GRP1_EnableClock(unsigned)
    main.o(i._Z19MX_USART2_UART_Initv) refers to main.o(i._Z24LL_AHB1_GRP1_EnableClockj) for LL_AHB1_GRP1_EnableClock(unsigned)
    main.o(i._Z19MX_USART2_UART_Initv) refers to stm32f0xx_ll_gpio.o(i.LL_GPIO_Init) for LL_GPIO_Init
    main.o(i._Z19MX_USART2_UART_Initv) refers to stm32f0xx_ll_usart.o(i.LL_USART_Init) for LL_USART_Init
    main.o(i._ZN10STM32_TEST8TestGPIO8GPIOINITEv) refers to main.o(i._Z12MX_GPIO_Initv) for MX_GPIO_Init()
    main.o(i._ZN10STM32_TEST8TestGPIO8GPIOINITEv) refers to main.o(i._Z19MX_USART2_UART_Initv) for MX_USART2_UART_Init()
    main.o(i._ZN10STM32_TEST8TestGPIOC1Et) refers to main.o(t._ZStlsISt11char_traitsIcEERSt13basic_ostreamIcT_ES5_PKc) for std::basic_ostream<char, T1>& std::operator <<<std::char_traits<char>>(std::basic_ostream<char, T1>&, const char*)
[...]
    vtable for std::basic_streambuf<wchar_t, std::char_traits<wchar_t>> 0x080083f8   Data          64  ios.o(.constdata__ZTVSt15basic_streambufIwSt11char_traitsIwEE)
    vtable for std::ctype<char>              0x08008438   Data          52  char.o(.constdata__ZTVSt5ctypeIcE)
    vtable for std::ctype<wchar_t>           0x0800846c   Data          68  ios.o(.constdata__ZTVSt5ctypeIwE)
    vtable for std::codecvt<char, char, std::__mbstate_t> 0x080084b0   Data          48  ios.o(.constdata__ZTVSt7codecvtIccSt11__mbstate_tE)
    vtable for std::codecvt<wchar_t, char, std::__mbstate_t> 0x080084e0   Data          48  ios.o(.constdata__ZTVSt7codecvtIwcSt11__mbstate_tE)
    vtable for std::ios_base                 0x08008510   Data          16  ios.o(.constdata__ZTVSt8ios_base)
    vtable for std::messages<char>           0x08008520   Data          32  rwstdexcept.o(.constdata__ZTVSt8messagesIcE)
    vtable for std::basic_ios<char, std::char_traits<char>> 0x08008540   Data          16  ios.o(.constdata__ZTVSt9basic_iosIcSt11char_traitsIcEE)
    vtable for std::basic_ios<wchar_t, std::char_traits<wchar_t>> 0x08008550   Data          16  ios.o(.constdata__ZTVSt9basic_iosIwSt11char_traitsIwEE)
    vtable for std::exception                0x08008560   Data          20  exception_dtor.o(.constdata__ZTVSt9exception)
    T1* __rw::__rw_create_native_facet<std::ctype<wchar_t>>(T1*)::string 0x08008574   Data           1  ios.o(.constdata__ZZN4__rw24__rw_create_native_facetISt5ctypeIwEEEPT_S4_Es)
    T1* __rw::__rw_create_native_facet<std::codecvt<char, char, std::__mbstate_t>>(T1*)::string 0x08008575   Data           1  ios.o(.constdata__ZZN4__rw24__rw_create_native_facetISt7codecvtIccSt11__mbstate_tEEEPT_S5_Es)
    T1* __rw::__rw_create_native_facet<std::codecvt<wchar_t, char, std::__mbstate_t>>(T1*)::string 0x08008576   Data           1  ios.o(.constdata__ZZN4__rw24__rw_create_native_facetISt7codecvtIwcSt11__mbstate_tEEEPT_S5_Es)
    __rw::__rw_locale_imp::_C_category_name(int) const::string 0x08008577   Data           1  locale.o(.constdata__ZZNK4__rw15__rw_locale_imp16_C_category_nameEiEs)
    std::basic_string<char, std::char_traits<char>, std::allocator<char>>::replace(unsigned, unsigned, const char*, unsigned, unsigned, unsigned)::string 0x08008578   Data           1  main.o(.constdata__ZZNSs7replaceEjjPKcjjjEs)
    std::basic_string<char, std::char_traits<char>, std::allocator<char>>::_C_getRep(unsigned, unsigned)::string 0x08008579   Data           1  main.o(.constdata__ZZNSs9_C_getRepEjjEs)
    std::messages<char>::messages(unsigned)::string 0x0800857a   Data           2  rwstdexcept.o(.constdata__ZZNSt8messagesIcEC1EjEs)
    Region$$Table$$Base                      0x080087f0   Number         0  anon$$obj.o(Region$$Table)
    Region$$Table$$Limit                     0x08008810   Number         0  anon$$obj.o(Region$$Table)
    __aeabi_HUGE_VAL                         0x08008810   Data           0  fpconst.o(c$$dinf)
    __aeabi_HUGE_VALL                        0x08008810   Data           0  fpconst.o(c$$dinf)
    __aeabi_INFINITY                         0x08008810   Data           0  fpconst.o(c$$dinf)
    __dInf                                   0x08008810   Data           0  fpconst.o(c$$dinf)
    __huge_val                               0x08008810   Data           0  fpconst.o(c$$dinf)
    __dbl_max                                0x08008818   Data           0  fpconst.o(c$$dmax)
    __ctype                                  0x0800882d   Data           0  lc_ctype_c.o(locale$$data)
    __lcnull_start                           0x0800893c   Data           4  null_locale.o(locale$$data)
    SHT$$INIT_ARRAY$$Base                    0x0800895c   Number         0  main.o(.init_array)
    SHT$$INIT_ARRAY$$Limit                   0x0800896c   Number         0  rwcats.o(.init_array)
    SystemCoreClock                          0x20000004   Data           4  system_stm32f0xx.o(.data)
    __aeabi_stdin                            0x20000008   Data           4  stdio_streams.o(.data)
    __aeabi_stdout                           0x2000000c   Data           4  stdio_streams.o(.data)
    __aeabi_stderr                           0x20000010   Data           4  stdio_streams.o(.data)
    std::ctype<char>::id                     0x20000014   Data           4  char.o(.data)
    std::ctype<wchar_t>::id                  0x20000018   Data           4  char.o(.data)
    std::ios_base::_C_sync_with_stdio        0x2000001c   Data           1  ios.o(.data)
    std::ios_base::Init::_C_initcnt          0x20000020   Data           4  ios.o(.data)
    std::cout                                0x2000002c   Data           4  ios.o(.data)
    std::locale::_C_classic                  0x20000038   Data           4  locale.o(.data)
    std::locale::_C_native                   0x2000003c   Data           4  locale.o(.data)
    std::locale::_C_global                   0x20000040   Data           4  locale.o(.data)
    std::codecvt<char, char, std::__mbstate_t>::id 0x20000044   Data           4  locale.o(.data)
    std::codecvt<wchar_t, char, std::__mbstate_t>::id 0x20000048   Data           4  locale.o(.data)
    __rw::__rw_synchronized::_C_mutex        0x20000063   Data           1  rwstdexcept.o(.data)
    __rw_throw_proc                          0x20000064   Data           4  rwthrowproc_noex.o(.data)
    std::locale::id::_C_init() const::_C_id_gen 0x20000070   Data           4  locale.o(.data__ZZNKSt6locale2id7_C_initEvE9_C_id_gen)
    guard variable for std::__rw_get_cats()::__open_cats 0x20000074   Data           4  messages.o(.data__ZZSt13__rw_get_catsvE11__open_cats)
    std::__rw_get_cats()::__open_cats        0x20000078   Data           8  messages.o(.data__ZZSt13__rw_get_catsvE11__open_cats)
    __stdin                                  0x20000080   Data          84  stdio_streams.o(.bss)
    __stdout                                 0x200000d4   Data          84  stdio_streams.o(.bss)
    __stderr                                 0x20000128   Data          84  stdio_streams.o(.bss)
    std::__rw_cin_databuf                    0x20000180   Data         512  ios.o(.bss)
    std::__rw_cin_buffer                     0x20000380   Data          88  ios.o(.bss)
    std::__rw_indestructible_cin             0x200003d8   Data          80  ios.o(.bss)
    std::__rw_cout_databuf                   0x20000428   Data         512  ios.o(.bss)
    std::__rw_cout_buffer                    0x20000628   Data          88  ios.o(.bss)
    std::__rw_indestructible_cout            0x20000680   Data          72  ios.o(.bss)
    std::__rw_cerr_databuf                   0x200006c8   Data         512  ios.o(.bss)
    std::__rw_cerr_buffer                    0x200008c8   Data          88  ios.o(.bss)
    std::__rw_indestructible_cerr            0x20000920   Data          72  ios.o(.bss)
    std::__rw_clog_databuf                   0x20000968   Data         512  ios.o(.bss)
    std::__rw_clog_buffer                    0x20000b68   Data          88  ios.o(.bss)
    std::__rw_indestructible_clog            0x20000bc0   Data          72  ios.o(.bss)
    std::__rw_wcin_databuf                   0x20000c08   Data        1024  ios.o(.bss)
    std::__rw_wcin_buffer                    0x20001008   Data          88  ios.o(.bss)
    std::__rw_indestructible_wcin            0x20001060   Data          80  ios.o(.bss)
    std::__rw_wcout_databuf                  0x200010b0   Data        1024  ios.o(.bss)
    std::__rw_wcout_buffer                   0x200014b0   Data          88  ios.o(.bss)
    std::__rw_indestructible_wcout           0x20001508   Data          72  ios.o(.bss)
    std::__rw_wcerr_databuf                  0x20001550   Data        1024  ios.o(.bss)
    std::__rw_wcerr_buffer                   0x20001950   Data          88  ios.o(.bss)
    std::__rw_indestructible_wcerr           0x200019a8   Data          72  ios.o(.bss)
    std::__rw_wclog_databuf                  0x200019f0   Data        1024  ios.o(.bss)
    std::__rw_wclog_buffer                   0x20001df0   Data          88  ios.o(.bss)
    std::__rw_indestructible_wclog           0x20001e48   Data          72  ios.o(.bss)
    std::__rw_std_streams                    0x20001e90   Data          32  ios.o(.bss)
    __libspace_start                         0x20001ef4   Data          96  libspace.o(.bss)
    std::basic_string<char, std::char_traits<char>, std::allocator<char>>::__nullref 0x20001f54   Data          16  vendor.o(.bss__ZNSs9__nullrefE)
    __temporary_stack_top$libspace           0x20001f54   Data           0  libspace.o(.bss)



==============================================================================

Memory Map of the image

  Image Entry point : 0x080000bd

  Load Region LR_IROM1 (Base: 0x08000000, Size: 0x000089ec, Max: 0x00020000, ABSOLUTE)

    Execution Region ER_IROM1 (Exec base: 0x08000000, Load base: 0x08000000, Size: 0x0000896c, Max: 0x00020000, ABSOLUTE)

    Exec Addr    Load Addr    Size         Type   Attr      Idx    E Section Name        Object

    0x08000000   0x08000000   0x000000bc   Data   RO            3    RESET               startup_stm32f071xb.o
    0x080000bc   0x080000bc   0x00000008   Code   RO         1764  * !!!main             c_p.l(__main.o)
    0x080000c4   0x080000c4   0x0000003c   Code   RO         4228    !!!scatter          c_p.l(__scatter.o)
    0x08000100   0x08000100   0x0000001a   Code   RO         4230    !!handler_copy      c_p.l(__scatter_copy.o)
    0x0800011a   0x0800011a   0x00000002   PAD
    0x0800011c   0x0800011c   0x0000001c   Code   RO         4232    !!handler_zi        c_p.l(__scatter_zi.o)
    0x08000138   0x08000138   0x00000002   Code   RO         3783    .ARM.Collect$$_printf_percent$$00000000  c_p.l(_printf_percent.o)
    0x0800013a   0x0800013a   0x0000000a   Code   RO         3772    .ARM.Collect$$_printf_percent$$00000001  c_p.l(_printf_n.o)
    0x08000144   0x08000144   0x0000000a   Code   RO         3774    .ARM.Collect$$_printf_percent$$00000002  c_p.l(_printf_p.o)
    0x0800014e   0x0800014e   0x0000000a   Code   RO         3779    .ARM.Collect$$_printf_percent$$00000003  c_p.l(_printf_f.o)
    0x08000158   0x08000158   0x0000000a   Code   RO         3780    .ARM.Collect$$_printf_percent$$00000004  c_p.l(_printf_e.o)
    0x08000162   0x08000162   0x0000000a   Code   RO         3781    .ARM.Collect$$_printf_percent$$00000005  c_p.l(_printf_g.o)
    0x0800016c   0x0800016c   0x0000000a   Code   RO         3782    .ARM.Collect$$_printf_percent$$00000006  c_p.l(_printf_a.o)
    0x08000176   0x08000176   0x0000000a   Code   RO         3787    .ARM.Collect$$_printf_percent$$00000007  c_p.l(_printf_ll.o)
    0x08000180   0x08000180   0x0000000a   Code   RO         3776    .ARM.Collect$$_printf_percent$$00000008  c_p.l(_printf_i.o)
    0x0800018a   0x0800018a   0x0000000a   Code   RO         3777    .ARM.Collect$$_printf_percent$$00000009  c_p.l(_printf_d.o)
    0x08000194   0x08000194   0x0000000a   Code   RO         3778    .ARM.Collect$$_printf_percent$$0000000A  c_p.l(_printf_u.o)
    0x0800019e   0x0800019e   0x0000000a   Code   RO         3775    .ARM.Collect$$_printf_percent$$0000000B  c_p.l(_printf_o.o)
    0x080001a8   0x080001a8   0x0000000a   Code   RO         3773    .ARM.Collect$$_printf_percent$$0000000C  c_p.l(_printf_x.o)
    0x080001b2   0x080001b2   0x0000000a   Code   RO         3784    .ARM.Collect$$_printf_percent$$0000000D  c_p.l(_printf_lli.o)
    0x080001bc   0x080001bc   0x0000000a   Code   RO         3785    .ARM.Collect$$_printf_percent$$0000000E  c_p.l(_printf_lld.o)
    0x080001c6   0x080001c6   0x0000000a   Code   RO         3786    .ARM.Collect$$_printf_percent$$0000000F  c_p.l(_printf_llu.o)
    0x080001d0   0x080001d0   0x0000000a   Code   RO         3791    .ARM.Collect$$_printf_percent$$00000010  c_p.l(_printf_llo.o)
    0x080001da   0x080001da   0x0000000a   Code   RO         3792    .ARM.Collect$$_printf_percent$$00000011  c_p.l(_printf_llx.o)
    0x080001e4   0x080001e4   0x0000000a   Code   RO         3788    .ARM.Collect$$_printf_percent$$00000012  c_p.l(_printf_l.o)
    0x080001ee   0x080001ee   0x0000000a   Code   RO         3770    .ARM.Collect$$_printf_percent$$00000013  c_p.l(_printf_c.o)
    0x080001f8   0x080001f8   0x0000000a   Code   RO         3771    .ARM.Collect$$_printf_percent$$00000014  c_p.l(_printf_s.o)
    0x08000202   0x08000202   0x0000000a   Code   RO         3789    .ARM.Collect$$_printf_percent$$00000015  c_p.l(_printf_lc.o)
    0x0800020c   0x0800020c   0x0000000a   Code   RO         3790    .ARM.Collect$$_printf_percent$$00000016  c_p.l(_printf_ls.o)
    0x08000216   0x08000216   0x00000004   Code   RO         3988    .ARM.Collect$$_printf_percent$$00000017  c_p.l(_printf_percent_end.o)
    0x0800021a   0x0800021a   0x00000002   Code   RO         4040    .ARM.Collect$$libinit$$00000000  c_p.l(libinit.o)
    0x0800021c   0x0800021c   0x00000000   Code   RO         3400    .ARM.Collect$$libinit$$00000002  c_p.l(libinit2.o)
    0x0800021c   0x0800021c   0x00000000   Code   RO         3402    .ARM.Collect$$libinit$$00000004  c_p.l(libinit2.o)
    0x0800021c   0x0800021c   0x00000008   Code   RO         3403    .ARM.Collect$$libinit$$00000005  c_p.l(libinit2.o)
    0x08000224   0x08000224   0x00000000   Code   RO         3405    .ARM.Collect$$libinit$$0000000A  c_p.l(libinit2.o)
    0x08000224   0x08000224   0x00000000   Code   RO         3407    .ARM.Collect$$libinit$$0000000C  c_p.l(libinit2.o)
    0x08000224   0x08000224   0x00000000   Code   RO         3409    .ARM.Collect$$libinit$$0000000E  c_p.l(libinit2.o)
    0x08000224   0x08000224   0x00000006   Code   RO         3410    .ARM.Collect$$libinit$$0000000F  c_p.l(libinit2.o)
    0x0800022a   0x0800022a   0x00000000   Code   RO         3412    .ARM.Collect$$libinit$$00000011  c_p.l(libinit2.o)
    0x0800022a   0x0800022a   0x0000000c   Code   RO         3413    .ARM.Collect$$libinit$$00000012  c_p.l(libinit2.o)
    0x08000236   0x08000236   0x00000000   Code   RO         3414    .ARM.Collect$$libinit$$00000013  c_p.l(libinit2.o)
    0x08000236   0x08000236   0x00000000   Code   RO         3416    .ARM.Collect$$libinit$$00000015  c_p.l(libinit2.o)
    0x08000236   0x08000236   0x0000000a   Code   RO         3417    .ARM.Collect$$libinit$$00000016  c_p.l(libinit2.o)
    0x08000240   0x08000240   0x00000000   Code   RO         3418    .ARM.Collect$$libinit$$00000017  c_p.l(libinit2.o)
    0x08000240   0x08000240   0x00000000   Code   RO         3420    .ARM.Collect$$libinit$$00000019  c_p.l(libinit2.o)
    0x08000240   0x08000240   0x00000000   Code   RO         3422    .ARM.Collect$$libinit$$0000001B  c_p.l(libinit2.o)
    0x08000240   0x08000240   0x00000000   Code   RO         3424    .ARM.Collect$$libinit$$0000001D  c_p.l(libinit2.o)
    0x08000240   0x08000240   0x00000000   Code   RO         3426    .ARM.Collect$$libinit$$0000001F  c_p.l(libinit2.o)
    0x08000240   0x08000240   0x00000000   Code   RO         3428    .ARM.Collect$$libinit$$00000021  c_p.l(libinit2.o)
    0x08000240   0x08000240   0x00000000   Code   RO         3430    .ARM.Collect$$libinit$$00000023  c_p.l(libinit2.o)
    0x08000240   0x08000240   0x00000004   Code   RO         3431    .ARM.Collect$$libinit$$00000024  c_p.l(libinit2.o)
    0x08000244   0x08000244   0x00000000   Code   RO         3432    .ARM.Collect$$libinit$$00000025  c_p.l(libinit2.o)
    0x08000244   0x08000244   0x00000000   Code   RO         3436    .ARM.Collect$$libinit$$0000002C  c_p.l(libinit2.o)
    0x08000244   0x08000244   0x00000000   Code   RO         3438    .ARM.Collect$$libinit$$0000002E  c_p.l(libinit2.o)
    0x08000244   0x08000244   0x00000000   Code   RO         3440    .ARM.Collect$$libinit$$00000030  c_p.l(libinit2.o)
    0x08000244   0x08000244   0x00000004   Code   RO         3441    .ARM.Collect$$libinit$$00000031  c_p.l(libinit2.o)
    0x08000248   0x08000248   0x00000000   Code   RO         3442    .ARM.Collect$$libinit$$00000032  c_p.l(libinit2.o)
    0x08000248   0x08000248   0x00000002   Code   RO         3443    .ARM.Collect$$libinit$$00000033  c_p.l(libinit2.o)
    0x0800024a   0x0800024a   0x00000002   Code   RO         4190    .ARM.Collect$$libshutdown$$00000000  c_p.l(libshutdown.o)
    0x0800024c   0x0800024c   0x00000006   Code   RO         3859    .ARM.Collect$$libshutdown$$00000001  c_p.l(libshutdown2.o)
    0x08000252   0x08000252   0x00000000   Code   RO         3860    .ARM.Collect$$libshutdown$$00000002  c_p.l(libshutdown2.o)
    0x08000252   0x08000252   0x00000004   Code   RO         3861    .ARM.Collect$$libshutdown$$00000003  c_p.l(libshutdown2.o)
    0x08000256   0x08000256   0x00000000   Code   RO         3862    .ARM.Collect$$libshutdown$$00000004  c_p.l(libshutdown2.o)
    0x08000256   0x08000256   0x00000000   Code   RO         3865    .ARM.Collect$$libshutdown$$00000007  c_p.l(libshutdown2.o)
    0x08000256   0x08000256   0x00000000   Code   RO         3868    .ARM.Collect$$libshutdown$$0000000A  c_p.l(libshutdown2.o)
    0x08000256   0x08000256   0x00000000   Code   RO         3870    .ARM.Collect$$libshutdown$$0000000C  c_p.l(libshutdown2.o)
    0x08000256   0x08000256   0x00000000   Code   RO         3873    .ARM.Collect$$libshutdown$$0000000F  c_p.l(libshutdown2.o)
    0x08000256   0x08000256   0x00000002   Code   RO         3874    .ARM.Collect$$libshutdown$$00000010  c_p.l(libshutdown2.o)
    0x08000258   0x08000258   0x00000000   Code   RO         3246    .ARM.Collect$$rtentry$$00000000  c_p.l(__rtentry.o)
    0x08000258   0x08000258   0x00000000   Code   RO         3643    .ARM.Collect$$rtentry$$00000002  c_p.l(__rtentry2.o)
    0x08000258   0x08000258   0x00000006   Code   RO         3655    .ARM.Collect$$rtentry$$00000004  c_p.l(__rtentry4.o)
    0x0800025e   0x0800025e   0x00000000   Code   RO         3645    .ARM.Collect$$rtentry$$00000009  c_p.l(__rtentry2.o)
    0x0800025e   0x0800025e   0x00000004   Code   RO         3646    .ARM.Collect$$rtentry$$0000000A  c_p.l(__rtentry2.o)
    0x08000262   0x08000262   0x00000000   Code   RO         3648    .ARM.Collect$$rtentry$$0000000C  c_p.l(__rtentry2.o)
    0x08000262   0x08000262   0x00000008   Code   RO         3649    .ARM.Collect$$rtentry$$0000000D  c_p.l(__rtentry2.o)
    0x0800026a   0x0800026a   0x00000002   Code   RO         4071    .ARM.Collect$$rtexit$$00000000  c_p.l(rtexit.o)
    0x0800026c   0x0800026c   0x00000000   Code   RO         4144    .ARM.Collect$$rtexit$$00000002  c_p.l(rtexit2.o)
    0x0800026c   0x0800026c   0x00000004   Code   RO         4145    .ARM.Collect$$rtexit$$00000003  c_p.l(rtexit2.o)
    0x08000270   0x08000270   0x00000006   Code   RO         4146    .ARM.Collect$$rtexit$$00000004  c_p.l(rtexit2.o)
    0x08000276   0x08000276   0x00000002   PAD
    0x08000278   0x08000278   0x00000038   Code   RO         1750    .emb_text           c_p.l(rt_memcpy.o)
    0x080002b0   0x080002b0   0x00000000   Code   RO         3963    .emb_text           c_p.l(maybetermalloc1.o)
    0x080002b0   0x080002b0   0x00000038   Code   RO            4    .text               startup_stm32f071xb.o
    0x080002e8   0x080002e8   0x0000001c   Code   RO         1728    .text               c_p.l(__2printf.o)
    0x08000304   0x08000304   0x00000068   Code   RO         1732    .text               c_p.l(fflush.o)
    0x0800036c   0x0800036c   0x0000002a   Code   RO         1745    .text               c_p.l(aeabi_atexit.o)
    0x08000396   0x08000396   0x00000002   PAD
    0x08000398   0x08000398   0x00000044   Code   RO         1748    .text               c_p.l(strlen.o)
    0x080003dc   0x080003dc   0x00000082   Code   RO         1751    .text               c_p.l(rt_memcpy.o)
    0x0800045e   0x0800045e   0x00000096   Code   RO         1754    .text               c_p.l(rt_memmove.o)
    0x080004f4   0x080004f4   0x00000040   Code   RO         1756    .text               c_p.l(rt_memclr.o)
    0x08000534   0x08000534   0x0000015a   Code   RO         1758    .text               c_p.l(aeabi_sdiv.o)
    0x0800068e   0x0800068e   0x00000006   Code   RO         1762    .text               c_p.l(heapauxi.o)
    0x08000694   0x08000694   0x00000024   Code   RO         1769    .text               c_p.l(init_aeabi.o)
    0x080006b8   0x080006b8   0x0000000c   Code   RO         3241    .text               cpprt_p.l(aeabi_vec_delete_noexceptions.o)
    0x080006c4   0x080006c4   0x00000010   Code   RO         3247    .text               c_p.l(rt_ctype_table.o)
    0x080006d4   0x080006d4   0x00000008   Code   RO         3256    .text               c_p.l(rt_new_handler_addr_intlibspace.o)
    0x080006dc   0x080006dc   0x00000008   Code   RO         3261    .text               c_p.l(rt_ddtor_pointer_addr_intlibspace.o)
    0x080006e4   0x080006e4   0x00000062   Code   RO         3267    .text               c_p.l(h1_alloc.o)
    0x08000746   0x08000746   0x0000004c   Code   RO         3269    .text               c_p.l(h1_free.o)
    0x08000792   0x08000792   0x00000016   Code   RO         3325    .text               c_p.l(fprintf.o)
    0x080007a8   0x080007a8   0x00000038   Code   RO         3327    .text               c_p.l(vsnprintf.o)
    0x080007e0   0x080007e0   0x00000028   Code   RO         3329    .text               c_p.l(_printf_char_file.o)
    0x08000808   0x08000808   0x00000040   Code   RO         3331    .text               c_p.l(sscanf.o)
    0x08000848   0x08000848   0x00000008   Code   RO         3335    .text               c_p.l(ferror.o)
    0x08000850   0x08000850   0x000000f4   Code   RO         3337    .text               c_p.l(fseek.o)
    0x08000944   0x08000944   0x00000042   Code   RO         3339    .text               c_p.l(ftell.o)
    0x08000986   0x08000986   0x00000002   PAD
    0x08000988   0x08000988   0x000000f0   Code   RO         3343    .text               c_p.l(stdio.o)
    0x08000a78   0x08000a78   0x0000013c   Code   RO         3348    .text               c_p.l(initio.o)
    0x08000bb4   0x08000bb4   0x0000004c   Code   RO         3350    .text               c_p.l(fclose.o)
    0x08000c00   0x08000c00   0x00000014   Code   RO         3364    .text               c_p.l(locale.o)
    0x08000c14   0x08000c14   0x00000012   Code   RO         3370    .text               c_p.l(mbsinit.o)
    0x08000c26   0x08000c26   0x00000014   Code   RO         3378    .text               c_p.l(abort.o)
    0x08000c3a   0x08000c3a   0x00000042   Code   RO         3380    .text               c_p.l(cxa_finalize.o)
    0x08000c7c   0x08000c7c   0x0000004c   Code   RO         3387    .text               c_p.l(strcpy.o)
    0x08000cc8   0x08000cc8   0x00000016   Code   RO         3389    .text               c_p.l(strrchr.o)
    0x08000cde   0x08000cde   0x0000000a   Code   RO         3391    .text               c_p.l(wmemmove.o)
    0x08000ce8   0x08000ce8   0x00000018   Code   RO         3393    .text               c_p.l(strcat.o)
    0x08000d00   0x08000d00   0x0000000c   Code   RO         3395    .text               c_p.l(memcpy.o)
    0x08000d0c   0x08000d0c   0x00000088   Code   RO         3397    .text               c_p.l(strcmp.o)
    0x08000d94   0x08000d94   0x00000008   Code   RO         3568    .text               cpprt_p.l(arm_newhandler_noexceptions.o)
    0x08000d9c   0x08000d9c   0x00000002   Code   RO         3571    .text               cpprt_p.l(arm_rethrow_noexceptions.o)
    0x08000d9e   0x08000d9e   0x00000002   PAD
    0x08000da0   0x08000da0   0x00000008   Code   RO         3637    .text               c_p.l(libspace.o)
    0x08000da8   0x08000da8   0x00000008   Code   RO         3662    .text               c_p.l(rt_heap_descriptor_intlibspace.o)
    0x08000db0   0x08000db0   0x00000008   Code   RO         3667    .text               c_p.l(rt_locale_intlibspace.o)
    0x08000db8   0x08000db8   0x00000008   Code   RO         3672    .text               c_p.l(rt_errno_addr_intlibspace.o)
    0x08000dc0   0x08000dc0   0x00000004   Code   RO         3674    .text               c_p.l(hguard.o)
    0x08000dc4   0x08000dc4   0x00000088   Code   RO         3676    .text               c_p.l(init_alloc.o)
    0x08000e4c   0x08000e4c   0x0000000e   Code   RO         3680    .text               c_p.l(h1_init.o)
    0x08000e5a   0x08000e5a   0x0000004e   Code   RO         3702    .text               c_p.l(_printf_pad.o)
    0x08000ea8   0x08000ea8   0x00000024   Code   RO         3704    .text               c_p.l(_printf_truncate.o)
    0x08000ecc   0x08000ecc   0x00000052   Code   RO         3706    .text               c_p.l(_printf_str.o)
    0x08000f1e   0x08000f1e   0x00000002   PAD
    0x08000f20   0x08000f20   0x0000006c   Code   RO         3708    .text               c_p.l(_printf_dec.o)
    0x08000f8c   0x08000f8c   0x00000026   Code   RO         3710    .text               c_p.l(_printf_charcount.o)
    0x08000fb2   0x08000fb2   0x00000002   PAD
    0x08000fb4   0x08000fb4   0x00000030   Code   RO         3712    .text               c_p.l(_printf_char_common.o)
    0x08000fe4   0x08000fe4   0x0000000a   Code   RO         3714    .text               c_p.l(_sputc.o)
    0x08000fee   0x08000fee   0x00000010   Code   RO         3716    .text               c_p.l(_snputc.o)
    0x08000ffe   0x08000ffe   0x00000002   PAD
    0x08001000   0x08001000   0x000000bc   Code   RO         3718    .text               c_p.l(_printf_wctomb.o)
    0x080010bc   0x080010bc   0x00000070   Code   RO         3721    .text               c_p.l(_printf_longlong_dec.o)
    0x0800112c   0x0800112c   0x00000070   Code   RO         3727    .text               c_p.l(_printf_oct_int_ll.o)
    0x0800119c   0x0800119c   0x00000098   Code   RO         3747    .text               c_p.l(_printf_hex_int_ll_ptr.o)
    0x08001234   0x08001234   0x00000188   Code   RO         3767    .text               c_p.l(__printf_flags_ss_wp.o)
    0x080013bc   0x080013bc   0x0000014a   Code   RO         3793    .text               c_p.l(_scanf_longlong.o)
    0x08001506   0x08001506   0x0000014a   Code   RO         3795    .text               c_p.l(_scanf_int.o)
    0x08001650   0x08001650   0x000000e8   Code   RO         3797    .text               c_p.l(_scanf_str.o)
    0x08001738   0x08001738   0x00000030   Code   RO         3799    .text               c_p.l(scanf_char.o)
    0x08001768   0x08001768   0x00000044   Code   RO         3801    .text               c_p.l(_sgetc.o)
    0x080017ac   0x080017ac   0x0000011e   Code   RO         3805    .text               c_p.l(_scanf_mbtowc.o)
    0x080018ca   0x080018ca   0x000000e6   Code   RO         3807    .text               c_p.l(_scanf_wctomb.o)
    0x080019b0   0x080019b0   0x000000d0   Code   RO         3809    .text               c_p.l(_scanf_wstr.o)
    0x08001a80   0x08001a80   0x0000004c   Code   RO         3819    .text               c_p.l(setvbuf.o)
    0x08001acc   0x08001acc   0x000000e8   Code   RO         3821    .text               c_p.l(fopen.o)
    0x08001bb4   0x08001bb4   0x000001c4   Code   RO         3833    .text               c_p.l(locale_r.o)
    0x08001d78   0x08001d78   0x0000003c   Code   RO         3835    .text               c_p.l(_mbrtowc.o)
    0x08001db4   0x08001db4   0x00000040   Code   RO         3837    .text               c_p.l(_wcrtomb.o)
    0x08001df4   0x08001df4   0x0000000c   Code   RO         3845    .text               c_p.l(defsig_abrt_outer.o)
    0x08001e00   0x08001e00   0x0000000c   Code   RO         3849    .text               c_p.l(defsig_rtred_outer.o)
    0x08001e0c   0x08001e0c   0x0000000c   Code   RO         3853    .text               c_p.l(memmove.o)
    0x08001e18   0x08001e18   0x00000022   Code   RO         3911    .text               cpprt_p.l(aeabi_vec_dtor_noexceptions.o)
    0x08001e3a   0x08001e3a   0x0000001c   Code   RO         3917    .text               cpprt_p.l(arm_exceptions_terminate.o)
    0x08001e56   0x08001e56   0x00000002   PAD
    0x08001e58   0x08001e58   0x00000054   Code   RO         3927    .text               cpprt_p.l(arm_exceptions_globs.o)
    0x08001eac   0x08001eac   0x0000003e   Code   RO         3951    .text               c_p.l(sys_stackheap_outer.o)
    0x08001eea   0x08001eea   0x00000002   PAD
    0x08001eec   0x08001eec   0x00000008   Code   RO         3959    .text               c_p.l(rt_eh_globals_addr_intlibspace.o)
    0x08001ef4   0x08001ef4   0x00000034   Code   RO         3965    .text               c_p.l(h1_extend.o)
    0x08001f28   0x08001f28   0x00000030   Code   RO         3969    .text               c_p.l(llmul.o)
    0x08001f58   0x08001f58   0x0000007a   Code   RO         3971    .text               c_p.l(lludiv10.o)
    0x08001fd2   0x08001fd2   0x00000012   Code   RO         3973    .text               c_p.l(isspace.o)
    0x08001fe4   0x08001fe4   0x000000b0   Code   RO         3975    .text               c_p.l(_printf_intcommon.o)
    0x08002094   0x08002094   0x00000418   Code   RO         3977    .text               c_p.l(_printf_fp_dec.o)
    0x080024ac   0x080024ac   0x000002d8   Code   RO         3979    .text               c_p.l(_printf_fp_hex.o)
    0x08002784   0x08002784   0x0000002e   Code   RO         3984    .text               c_p.l(_printf_char.o)
    0x080027b2   0x080027b2   0x0000002e   Code   RO         3986    .text               c_p.l(_printf_wchar.o)
    0x080027e0   0x080027e0   0x0000001e   Code   RO         3989    .text               c_p.l(_chval.o)
    0x080027fe   0x080027fe   0x00000002   PAD
    0x08002800   0x08002800   0x00000380   Code   RO         3991    .text               c_p.l(_scanf.o)
    0x08002b80   0x08002b80   0x00000520   Code   RO         3993    .text               c_p.l(scanf_fp.o)
    0x080030a0   0x080030a0   0x00000020   Code   RO         3997    .text               c_p.l(_scanf_wcharmap.o)
    0x080030c0   0x080030c0   0x000001f0   Code   RO         4001    .text               c_p.l(flsbuf.o)
    0x080032b0   0x080032b0   0x00000010   Code   RO         4010    .text               c_p.l(exit.o)
    0x080032c0   0x080032c0   0x0000000c   Code   RO         4012    .text               c_p.l(defsig_exit.o)
    0x080032cc   0x080032cc   0x00000030   Code   RO         4014    .text               c_p.l(defsig_abrt_inner.o)
    0x080032fc   0x080032fc   0x00000034   Code   RO         4020    .text               c_p.l(defsig_rtred_inner.o)
    0x08003330   0x08003330   0x0000000c   Code   RO         4022    .text               c_p.l(defsig_rtmem_outer.o)
    0x0800333c   0x0800333c   0x00000028   Code   RO         4026    .text               c_p.l(rtudiv10.o)
    0x08003364   0x08003364   0x00000042   Code   RO         4054    .text               cpprt_p.l(arm_exceptions_mem.o)
    0x080033a6   0x080033a6   0x00000002   PAD
    0x080033a8   0x080033a8   0x00000090   Code   RO         4064    .text               fz_ps.l(dcmpin.o)
    0x08003438   0x08003438   0x00000088   Code   RO         4075    .text               c_p.l(_printf_fp_infnan.o)
    0x080034c0   0x080034c0   0x000000d8   Code   RO         4081    .text               c_p.l(bigflt0.o)
    0x08003598   0x08003598   0x00000580   Code   RO         4084    .text               c_p.l(btod.o)
    0x08003b18   0x08003b18   0x000000c8   Code   RO         4092    .text               c_p.l(fwritefast.o)
    0x08003be0   0x08003be0   0x00000034   Code   RO         4108    .text               c_p.l(defsig_general.o)
    0x08003c14   0x08003c14   0x00000050   Code   RO         4112    .text               c_p.l(defsig_rtmem_inner.o)
    0x08003c64   0x08003c64   0x00000018   Code   RO         4116    .text               cpprt_p.l(ARM_vec_cleanup_noexceptions.o)
    0x08003c7c   0x08003c7c   0x0000002e   Code   RO         4119    .text               fz_ps.l(cmpret.o)
    0x08003caa   0x08003caa   0x00000002   PAD
    0x08003cac   0x08003cac   0x00000014   Code   RO         4121    .text               fz_ps.l(dnan2.o)
    0x08003cc0   0x08003cc0   0x00000016   Code   RO         4154    .text               c_p.l(_rserrno.o)
    0x08003cd6   0x08003cd6   0x00000002   PAD
    0x08003cd8   0x08003cd8   0x00000334   Code   RO         4156    .text               c_p.l(scanf_hexfp.o)
    0x0800400c   0x0800400c   0x0000013c   Code   RO         4158    .text               c_p.l(scanf_infnan.o)
    0x08004148   0x08004148   0x0000007c   Code   RO         4166    .text               fz_ps.l(d2f.o)
    0x080041c4   0x080041c4   0x0000005e   Code   RO         4170    .text               fz_ps.l(retnan.o)
    0x08004222   0x08004222   0x00000020   Code   RO         4176    .text               c_p.l(llshl.o)
    0x08004242   0x08004242   0x00000002   PAD
    0x08004244   0x08004244   0x00000060   Code   RO         4191    .text               fz_ps.l(dscalbn.o)
    0x080042a4   0x080042a4   0x00000014   Code   RO         2874    i.<Func5>           cpp_ps.l(locale.o)
    0x080042b8   0x080042b8   0x00000002   Code   RO          295    i.Error_Handler     main.o
    0x080042ba   0x080042ba   0x00000004   Code   RO           12    i.HardFault_Handler  stm32f0xx_it.o
    0x080042be   0x080042be   0x000000fa   Code   RO         1242    i.LL_GPIO_Init      stm32f0xx_ll_gpio.o
    0x080043b8   0x080043b8   0x00000028   Code   RO         1609    i.LL_Init1msTick    stm32f0xx_ll_utils.o
    0x080043e0   0x080043e0   0x0000001c   Code   RO         1468    i.LL_RCC_GetSystemClocksFreq  stm32f0xx_ll_rcc.o
    0x080043fc   0x080043fc   0x000000c4   Code   RO         1469    i.LL_RCC_GetUSARTClockFreq  stm32f0xx_ll_rcc.o
    0x080044c0   0x080044c0   0x0000000c   Code   RO         1613    i.LL_SetSystemCoreClock  stm32f0xx_ll_utils.o
    0x080044cc   0x080044cc   0x00000110   Code   RO         1395    i.LL_USART_Init     stm32f0xx_ll_usart.o
    0x080045dc   0x080045dc   0x0000002c   Code   RO         1614    i.LL_mDelay         stm32f0xx_ll_utils.o
    0x08004608   0x08004608   0x00000002   Code   RO           13    i.NMI_Handler       stm32f0xx_it.o
    0x0800460a   0x0800460a   0x00000002   Code   RO           14    i.PendSV_Handler    stm32f0xx_it.o
    0x0800460c   0x0800460c   0x00000002   Code   RO           15    i.SVC_Handler       stm32f0xx_it.o
    0x0800460e   0x0800460e   0x00000002   Code   RO           16    i.SysTick_Handler   stm32f0xx_it.o
    0x08004610   0x08004610   0x00000002   Code   RO         1207    i.SystemInit        system_stm32f0xx.o
    0x08004612   0x08004612   0x00000002   PAD
    0x08004614   0x08004614   0x0000001c   Code   RO          127    i.UART_write        retarget.o
    0x08004630   0x08004630   0x00000038   Code   RO          296    i._Z12MX_GPIO_Initv  main.o
    0x08004668   0x08004668   0x00000010   Code   RO         1470    i._Z18LL_RCC_HSI_IsReadyv  stm32f0xx_ll_rcc.o
    0x08004678   0x08004678   0x00000010   Code   RO         1471    i._Z18LL_RCC_LSE_IsReadyv  stm32f0xx_ll_rcc.o
    0x08004688   0x08004688   0x00000010   Code   RO         1397    i._Z18LL_USART_IsEnabledP13USART_TypeDef  stm32f0xx_ll_usart.o
    0x08004698   0x08004698   0x00000148   Code   RO          297    i._Z18SystemClock_Configv  main.o
    0x080047e0   0x080047e0   0x000000c8   Code   RO          298    i._Z19MX_USART2_UART_Initv  main.o
    0x080048a8   0x080048a8   0x00000024   Code   RO         1472    i._Z20RCC_GetHCLKClockFreqj  stm32f0xx_ll_rcc.o
    0x080048cc   0x080048cc   0x00000024   Code   RO         1473    i._Z21RCC_GetPCLK1ClockFreqj  stm32f0xx_ll_rcc.o
    0x080048f0   0x080048f0   0x00000010   Code   RO         1474    i._Z22LL_RCC_GetSysClkSourcev  stm32f0xx_ll_rcc.o
    0x08004900   0x08004900   0x00000040   Code   RO         1475    i._Z22RCC_GetSystemClockFreqv  stm32f0xx_ll_rcc.o
    0x08004940   0x08004940   0x0000001c   Code   RO          299    i._Z24LL_AHB1_GRP1_EnableClockj  main.o
    0x0800495c   0x0800495c   0x0000001c   Code   RO          300    i._Z24LL_APB1_GRP1_EnableClockj  main.o
    0x08004978   0x08004978   0x00000070   Code   RO         1476    i._Z25RCC_PLL_GetFreqDomain_SYSv  stm32f0xx_ll_rcc.o
    0x080049e8   0x080049e8   0x00000018   Code   RO         1477    i._Z26LL_RCC_GetUSARTClockSourcej  stm32f0xx_ll_rcc.o
    0x08004a00   0x08004a00   0x00000020   Code   RO         3875    i._Z7catgetsPN4__rw8__rw_catEiiPKc  cpp_ps.l(rwcats.o)
    0x08004a20   0x08004a20   0x00000022   Code   RO         3876    i._Z7catopenPKci    cpp_ps.l(rwcats.o)
    0x08004a42   0x08004a42   0x00000002   PAD
    0x08004a44   0x08004a44   0x00000044   Code   RO          301    i._ZN10STM32_TEST8TestGPIO7SetGpioEi  main.o
    0x08004a88   0x08004a88   0x0000000e   Code   RO          302    i._ZN10STM32_TEST8TestGPIO8GPIOINITEv  main.o
    0x08004a96   0x08004a96   0x00000002   PAD
    0x08004a98   0x08004a98   0x00000058   Code   RO          304    i._ZN10STM32_TEST8TestGPIOC1Ev  main.o
    0x08004af0   0x08004af0   0x00000056   Code   RO         3043    i._ZN37_INTERNAL_15_rwstdexcept_cpp_8697b68a4__rw13__rw_vfmatstrEPcjPKcSt9__va_list  cpp_ps.l(rwstdexcept.o)
    0x08004b46   0x08004b46   0x00000002   PAD
    0x08004b48   0x08004b48   0x0000014c   Code   RO         3044    i._ZN37_INTERNAL_15_rwstdexcept_cpp_8697b68a4__rw13__rw_vfmatstrEPcjiSt9__va_list  cpp_ps.l(rwstdexcept.o)
    0x08004c94   0x08004c94   0x00000060   Code   RO         3046    i._ZN4__rw10__rw_throwEiz  cpp_ps.l(rwstdexcept.o)
    0x08004cf4   0x08004cf4   0x0000002c   Code   RO         2350    i._ZN4__rw11__rw_file_t11_C_get_modeEPSt6__FILE  cpp_ps.l(ios.o)
    0x08004d20   0x08004d20   0x0000001c   Code   RO         2551    i._ZN4__rw11__rw_file_t7_C_seekEli  cpp_ps.l(ios.o)
    0x08004d3c   0x08004d3c   0x00000020   Code   RO         2460    i._ZN4__rw11__rw_file_t8_C_writeEPKvjj  cpp_ps.l(ios.o)
    0x08004d5c   0x08004d5c   0x00000022   Code   RO         3035    i._ZN4__rw13__rw_allocateEji  cpp_ps.l(rwalloc.o)
    0x08004d7e   0x08004d7e   0x00000008   Code   RO         3036    i._ZN4__rw15__rw_deallocateEPvji  cpp_ps.l(rwalloc.o)
    0x08004d86   0x08004d86   0x00000002   Code   RO         1967    i._ZN4__rw15__rw_facet_base12_C_initfacetERKSt6locale  cpp_ps.l(char.o)
    0x08004d88   0x08004d88   0x000000f4   Code   RO         2977    i._ZN4__rw15__rw_locale_impC1EPKcjj  cpp_ps.l(locale.o)
    0x08004e7c   0x08004e7c   0x0000001a   Code   RO         2303    i._ZN4__rw15__rw_locale_impD1Ev  cpp_ps.l(ios.o)
    0x08004e96   0x08004e96   0x00000038   Code   RO         2875    i._ZN4__rw21__rw_use_c_lib_localeC1EPKci  cpp_ps.l(locale.o)
    0x08004ece   0x08004ece   0x0000001a   Code   RO         1937    i._ZN4__rw21__rw_use_c_lib_localeD1Ev  cpp_ps.l(char.o)
    0x08004ee8   0x08004ee8   0x00000098   Code   RO         3899    i._ZN4__rw25__rw_throw_exception_noexEiPc  cpp_ps.l(rwthrowproc_impl_noex.o)
    0x08004f80   0x08004f80   0x00000034   Code   RO         3879    i._ZN4__rw9__catfindEPNS_8__rw_catE  cpp_ps.l(rwcats.o)
    0x08004fb4   0x08004fb4   0x0000000a   Code   RO         2539    i._ZNK4__rw11__rw_file_t10_C_is_openEv  cpp_ps.l(ios.o)
    0x08004fbe   0x08004fbe   0x00000002   PAD
    0x08004fc0   0x08004fc0   0x00000020   Code   RO          540    i._ZNKSo10_C_is_coutEv  main.o
    0x08004fe0   0x08004fe0   0x00000048   Code   RO          407    i._ZNKSo9_C_is_stdEv  main.o
    0x08005028   0x08005028   0x00000004   Code   RO         3125    i._ZNKSt14__rw_exception4whatEv  cpp_ps.l(rwstdexcept.o)
    0x0800502c   0x0800502c   0x0000006e   Code   RO         3444    i._ZNKSt18__rw_messages_base11_C_cat_openERKSsRKSt6locale  cpp_ps.l(messages.o)
    0x0800509a   0x0800509a   0x0000001e   Code   RO         3447    i._ZNKSt18__rw_messages_base13_C_get_localeEi  cpp_ps.l(messages.o)
    0x080050b8   0x080050b8   0x00000036   Code   RO         3448    i._ZNKSt18__rw_messages_base14_C_get_messageEiii  cpp_ps.l(messages.o)
    0x080050ee   0x080050ee   0x0000000e   Code   RO         1907    i._ZNKSt5ctypeIcE2isENSt10ctype_base4maskEc  cpp_ps.l(char.o)
    0x080050fc   0x080050fc   0x00000004   Code   RO         1925    i._ZNKSt5ctypeIcE8do_widenEc  cpp_ps.l(char.o)
    0x08005100   0x08005100   0x00000004   Code   RO         2659    i._ZNKSt5ctypeIwE8do_widenEc  cpp_ps.l(ios.o)
    0x08005104   0x08005104   0x0000002a   Code   RO         2097    i._ZNKSt6locale12_C_use_facetERKNS_2idEbiPFPN4__rw15__rw_facet_baseEiPKcjE  cpp_ps.l(ios.o)
    0x0800512e   0x0800512e   0x00000002   PAD
    0x08005130   0x08005130   0x00000108   Code   RO         2880    i._ZNKSt6locale13_C_make_facetERKNS_2idEbiPFPN4__rw15__rw_facet_baseEiPKcjE  cpp_ps.l(locale.o)
    0x08005238   0x08005238   0x00000080   Code   RO         2882    i._ZNKSt6locale16_C_install_facetEPN4__rw15__rw_facet_baseERKNS_2idE  cpp_ps.l(locale.o)
    0x080052b8   0x080052b8   0x00000034   Code   RO         2883    i._ZNKSt6locale4nameEv  cpp_ps.l(locale.o)
    0x080052ec   0x080052ec   0x00000008   Code   RO         2710    i._ZNKSt7codecvtIccSt11__mbstate_tE10do_unshiftERS0_PcS3_RS3_  cpp_ps.l(ios.o)
    0x080052f4   0x080052f4   0x00000004   Code   RO         2713    i._ZNKSt7codecvtIccSt11__mbstate_tE11do_encodingEv  cpp_ps.l(ios.o)
    0x080052f8   0x080052f8   0x0000000a   Code   RO         2394    i._ZNKSt7codecvtIccSt11__mbstate_tE13always_noconvEv  cpp_ps.l(ios.o)
    0x08005302   0x08005302   0x00000004   Code   RO         2716    i._ZNKSt7codecvtIccSt11__mbstate_tE16do_always_noconvEv  cpp_ps.l(ios.o)
    0x08005306   0x08005306   0x00000018   Code   RO         2385    i._ZNKSt7codecvtIccSt11__mbstate_tE3outERS0_PKcS4_RS4_PcS6_RS6_  cpp_ps.l(ios.o)
    0x0800531e   0x0800531e   0x0000000e   Code   RO         2704    i._ZNKSt7codecvtIccSt11__mbstate_tE6do_outERS0_PKcS4_RS4_PcS6_RS6_  cpp_ps.l(ios.o)
    0x0800532c   0x0800532c   0x0000000a   Code   RO         2389    i._ZNKSt7codecvtIccSt11__mbstate_tE8encodingEv  cpp_ps.l(ios.o)
    0x08005336   0x08005336   0x00000004   Code   RO         2743    i._ZNKSt7codecvtIwcSt11__mbstate_tE11do_encodingEv  cpp_ps.l(ios.o)
    0x0800533a   0x0800533a   0x0000000a   Code   RO         2416    i._ZNKSt7codecvtIwcSt11__mbstate_tE13always_noconvEv  cpp_ps.l(ios.o)
    0x08005344   0x08005344   0x00000004   Code   RO         2740    i._ZNKSt7codecvtIwcSt11__mbstate_tE16do_always_noconvEv  cpp_ps.l(ios.o)
    0x08005348   0x08005348   0x00000018   Code   RO         2407    i._ZNKSt7codecvtIwcSt11__mbstate_tE3outERS0_PKwS4_RS4_PcS6_RS6_  cpp_ps.l(ios.o)
    0x08005360   0x08005360   0x0000002e   Code   RO         2731    i._ZNKSt7codecvtIwcSt11__mbstate_tE6do_outERS0_PKwS4_RS4_PcS6_RS6_  cpp_ps.l(ios.o)
    0x0800538e   0x0800538e   0x0000000a   Code   RO         2411    i._ZNKSt7codecvtIwcSt11__mbstate_tE8encodingEv  cpp_ps.l(ios.o)
    0x08005398   0x08005398   0x00000010   Code   RO         2520    i._ZNSt11char_traitsIcE11eq_int_typeERKiS2_  cpp_ps.l(ios.o)
    0x080053a8   0x080053a8   0x0000000c   Code   RO         1885    i._ZNSt11char_traitsIcE4copyEPcPKcj  cpp_ps.l(char.o)
    0x080053b4   0x080053b4   0x0000000c   Code   RO         2281    i._ZNSt11char_traitsIcE4moveEPcPKcj  cpp_ps.l(ios.o)
    0x080053c0   0x080053c0   0x0000001e   Code   RO         2284    i._ZNSt11char_traitsIcE7not_eofERKi  cpp_ps.l(ios.o)
    0x080053de   0x080053de   0x00000010   Code   RO         2523    i._ZNSt11char_traitsIwE11eq_int_typeERKiS2_  cpp_ps.l(ios.o)
    0x080053ee   0x080053ee   0x0000000c   Code   RO         2290    i._ZNSt11char_traitsIwE4moveEPwPKwj  cpp_ps.l(ios.o)
    0x080053fa   0x080053fa   0x0000001e   Code   RO         2293    i._ZNSt11char_traitsIwE7not_eofERKi  cpp_ps.l(ios.o)
    0x08005418   0x08005418   0x000000c8   Code   RO         1776    i._ZNSt12ctype_bynameIcE17_C_get_mask_tableEPKc  cpp_ps.l(char.o)
    0x080054e0   0x080054e0   0x00000130   Code   RO         1778    i._ZNSt12ctype_bynameIcEC1EPKcj  cpp_ps.l(char.o)
    0x08005610   0x08005610   0x0000000c   Code   RO         1998    i._ZNSt12ctype_bynameIcED0Ev  cpp_ps.l(char.o)
    0x0800561c   0x0800561c   0x00000008   Code   RO         1995    i._ZNSt12ctype_bynameIcED1Ev  cpp_ps.l(char.o)
    0x08005624   0x08005624   0x00000088   Code   RO         3049    i._ZNSt14__rw_exception10_C_vformatEiSt9__va_list  cpp_ps.l(rwstdexcept.o)
    0x080056ac   0x080056ac   0x00000014   Code   RO         3096    i._ZNSt14__rw_exceptionC1Ev  cpp_ps.l(rwstdexcept.o)
    0x080056c0   0x080056c0   0x0000001c   Code   RO         3119    i._ZNSt14__rw_exceptionD1Ev  cpp_ps.l(rwstdexcept.o)
    0x080056dc   0x080056dc   0x00000008   Code   RO         3093    i._ZNSt18__rw_messages_baseD1Ev  cpp_ps.l(rwstdexcept.o)
    0x080056e4   0x080056e4   0x0000001a   Code   RO         3484    i._ZNSt18__rw_open_cat_dataC1Ev  cpp_ps.l(messages.o)
    0x080056fe   0x080056fe   0x0000000c   Code   RO         3481    i._ZNSt18__rw_open_cat_dataD1Ev  cpp_ps.l(messages.o)
    0x0800570a   0x0800570a   0x00000012   Code   RO         3487    i._ZNSt18__rw_open_cat_dataaSERKS_  cpp_ps.l(messages.o)
    0x0800571c   0x0800571c   0x0000010a   Code   RO         1780    i._ZNSt5ctypeIcE12_C_initfacetERKSt6locale  cpp_ps.l(char.o)
    0x08005826   0x08005826   0x00000002   PAD
    0x08005828   0x08005828   0x00000124   Code   RO         1782    i._ZNSt5ctypeIcEC1EPKNSt10ctype_base4maskEbj  cpp_ps.l(char.o)
    0x0800594c   0x0800594c   0x0000000c   Code   RO         1910    i._ZNSt5ctypeIcED0Ev  cpp_ps.l(char.o)
    0x08005958   0x08005958   0x0000002c   Code   RO         1843    i._ZNSt5ctypeIcED1Ev  cpp_ps.l(char.o)
    0x08005984   0x08005984   0x00000018   Code   RO         2324    i._ZNSt5ctypeIwEC1Ej  cpp_ps.l(ios.o)
    0x0800599c   0x0800599c   0x0000000c   Code   RO         2671    i._ZNSt5ctypeIwED0Ev  cpp_ps.l(ios.o)
    0x080059a8   0x080059a8   0x00000008   Code   RO         2668    i._ZNSt5ctypeIwED1Ev  cpp_ps.l(ios.o)
    0x080059b0   0x080059b0   0x00000014   Code   RO         2533    i._ZNSt6locale5facetC1Eji  cpp_ps.l(ios.o)
    0x080059c4   0x080059c4   0x0000000c   Code   RO         2626    i._ZNSt6locale5facetD0Ev  cpp_ps.l(ios.o)
    0x080059d0   0x080059d0   0x00000088   Code   RO         2886    i._ZNSt6locale7_C_initEv  cpp_ps.l(locale.o)
    0x08005a58   0x08005a58   0x00000048   Code   RO         2888    i._ZNSt6locale7classicEv  cpp_ps.l(locale.o)
    0x08005aa0   0x08005aa0   0x00000024   Code   RO         3011    i._ZNSt6localeC1EPN4__rw15__rw_locale_impE  cpp_ps.l(locale.o)
    0x08005ac4   0x08005ac4   0x0000000c   Code   RO         2300    i._ZNSt6localeC1ERKS_  cpp_ps.l(ios.o)
    0x08005ad0   0x08005ad0   0x00000024   Code   RO         2296    i._ZNSt6localeC1Ev  cpp_ps.l(ios.o)
    0x08005af4   0x08005af4   0x00000024   Code   RO         2094    i._ZNSt6localeD1Ev  cpp_ps.l(ios.o)
    0x08005b18   0x08005b18   0x00000034   Code   RO         2896    i._ZNSt6localeaSERKS_  cpp_ps.l(locale.o)
    0x08005b4c   0x08005b4c   0x00000014   Code   RO         2382    i._ZNSt7codecvtIccSt11__mbstate_tEC1Ej  cpp_ps.l(ios.o)
    0x08005b60   0x08005b60   0x0000000c   Code   RO         2728    i._ZNSt7codecvtIccSt11__mbstate_tED0Ev  cpp_ps.l(ios.o)
    0x08005b6c   0x08005b6c   0x00000008   Code   RO         2725    i._ZNSt7codecvtIccSt11__mbstate_tED1Ev  cpp_ps.l(ios.o)
    0x08005b74   0x08005b74   0x00000014   Code   RO         2404    i._ZNSt7codecvtIwcSt11__mbstate_tEC1Ej  cpp_ps.l(ios.o)
    0x08005b88   0x08005b88   0x0000000c   Code   RO         2755    i._ZNSt7codecvtIwcSt11__mbstate_tED0Ev  cpp_ps.l(ios.o)
    0x08005b94   0x08005b94   0x00000008   Code   RO         2752    i._ZNSt7codecvtIwcSt11__mbstate_tED1Ev  cpp_ps.l(ios.o)
    0x08005b9c   0x08005b9c   0x000000f0   Code   RO         2008    i._ZNSt8ios_base15_C_unsafe_clearEii  cpp_ps.l(ios.o)
    0x08005c8c   0x08005c8c   0x00000318   Code   RO         2010    i._ZNSt8ios_base4InitC1Ev  cpp_ps.l(ios.o)
    0x08005fa4   0x08005fa4   0x000000a8   Code   RO         2012    i._ZNSt8ios_base4InitD1Ev  cpp_ps.l(ios.o)
    0x0800604c   0x0800604c   0x00000024   Code   RO         2112    i._ZNSt8ios_baseC1Ev  cpp_ps.l(ios.o)
    0x08006070   0x08006070   0x0000000c   Code   RO         3105    i._ZNSt8messagesIcED0Ev  cpp_ps.l(rwstdexcept.o)
    0x0800607c   0x0800607c   0x00000010   Code   RO         3090    i._ZNSt8messagesIcED1Ev  cpp_ps.l(rwstdexcept.o)
    0x0800608c   0x0800608c   0x0000000c   Code   RO         3596    i._ZNSt9exceptionC1Ev  cpprt_p.l(exception_ctor.o)
    0x08006098   0x08006098   0x00000040   Code   RO         3465    i._ZSt13__rw_get_catsv  cpp_ps.l(messages.o)
    0x080060d8   0x080060d8   0x00000008   Code   RO         3128    i._ZdaPv            cpprt_p.l(array_del.o)
    0x080060e0   0x080060e0   0x00000008   Code   RO         3131    i._ZdlPv            cpprt_p.l(delete.o)
    0x080060e8   0x080060e8   0x00000008   Code   RO         3555    i._Znaj             cpprt_p.l(array_new.o)
    0x080060f0   0x080060f0   0x00000028   Code   RO         3134    i._Znwj             cpprt_p.l(new.o)
    0x08006118   0x08006118   0x000000a2   Code   RO         4045    i.__ARM_array_new_general  cpprt_p.l(array_new_general.o)
    0x080061ba   0x080061ba   0x00000030   Code   RO         4086    i.__ARM_common_ll_muluu  c_p.l(btod.o)
    0x080061ea   0x080061ea   0x0000001a   Code   RO         2871    i.__ARM_common_switch8  cpp_ps.l(ios.o)
    0x08006204   0x08006204   0x0000002c   Code   RO         4135    i.__ARM_fpclassify  m_ps.l(fpclassify.o)
    0x08006230   0x08006230   0x00000012   Code   RO         3622    i.__aeabi_vec_dtor_cookie  cpprt_p.l(aeabi_vec_dtor_cookie.o)
    0x08006242   0x08006242   0x00000014   Code   RO         3619    i.__aeabi_vec_new_cookie  cpprt_p.l(aeabi_vec_new_cookie.o)
    0x08006256   0x08006256   0x00000012   Code   RO         3587    i.__cxa_guard_acquire  cpprt_p.l(cxa_guard_acquire.o)
    0x08006268   0x08006268   0x00000018   Code   RO         3905    i.__cxa_vec_new     cpprt_p.l(cxa_vec_new.o)
    0x08006280   0x08006280   0x00000014   Code   RO         4209    i.__mathlib_dbl_overflow  m_ps.l(dunder.o)
    0x08006294   0x08006294   0x00000014   Code   RO         4211    i.__mathlib_dbl_underflow  m_ps.l(dunder.o)
    0x080062a8   0x080062a8   0x00000010   Code   RO         4137    i.__mathlib_narrow  m_ps.l(narrow.o)
    0x080062b8   0x080062b8   0x000000c8   Code   RO         4138    i.__mathlib_tofloat  m_ps.l(narrow.o)
    0x08006380   0x08006380   0x00000010   Code   RO         2897    i.__sti___10_locale_cpp_ff99fc7b  cpp_ps.l(locale.o)
    0x08006390   0x08006390   0x0000003c   Code   RO         3880    i.__sti___10_rwcats_cpp_64e8068e  cpp_ps.l(rwcats.o)
    0x080063cc   0x080063cc   0x00000010   Code   RO         1784    i.__sti___8_char_cpp_a3dc957a  cpp_ps.l(char.o)
    0x080063dc   0x080063dc   0x00000020   Code   RO          305    i.__sti___8_main_cpp_4c8b4d0d  main.o
    0x080063fc   0x080063fc   0x00000014   Code   RO         4194    i.__support_ldexp   m_ps.l(ldexp.o)
    0x08006410   0x08006410   0x0000000e   Code   RO         3760    i._is_digit         c_p.l(__printf_wp.o)
    0x0800641e   0x0800641e   0x00000006   Code   RO          128    i._sys_close        retarget.o
    0x08006424   0x08006424   0x00000004   Code   RO          130    i._sys_exit         retarget.o
    0x08006428   0x08006428   0x00000006   Code   RO          131    i._sys_flen         retarget.o
    0x0800642e   0x0800642e   0x00000006   Code   RO          132    i._sys_istty        retarget.o
    0x08006434   0x08006434   0x00000008   Code   RO          133    i._sys_open         retarget.o
    0x0800643c   0x0800643c   0x00000008   Code   RO          135    i._sys_seek         retarget.o
    0x08006444   0x08006444   0x0000002a   Code   RO          137    i._sys_write        retarget.o
    0x0800646e   0x0800646e   0x0000000e   Code   RO          138    i._ttywrch          retarget.o
    0x0800647c   0x0800647c   0x0000001e   Code   RO         3816    i.fputc             c_p.l(fputc.o)
    0x0800649a   0x0800649a   0x00000002   PAD
    0x0800649c   0x0800649c   0x00000058   Code   RO         4173    i.frexp             m_ps.l(frexp.o)
    0x080064f4   0x080064f4   0x00000070   Code   RO         4195    i.ldexp             m_ps.l(ldexp.o)
    0x08006564   0x08006564   0x00000050   Code   RO          306    i.main              main.o
    0x080065b4   0x080065b4   0x0000002c   Code   RO         3840    locale$$code        c_p.l(lc_ctype_c.o)
    0x080065e0   0x080065e0   0x0000002c   Code   RO         4008    locale$$code        c_p.l(lc_numeric_c.o)
    0x0800660c   0x0800660c   0x00000118   Code   RO          432    t._ZN4__rw11__rw_insertIcSt11char_traitsIcEcEERSt13basic_ostreamIT_T0_ES7_PT1_ll  main.o
    0x08006724   0x08006724   0x00000014   Code   RO          595    t._ZN4__rw12__string_refIcSt11char_traitsIcESaIcEE10_C_inc_refEv  main.o
    0x08006738   0x08006738   0x00000048   Code   RO         2356    t._ZN4__rw16__rw_facet_makerISt5ctypeIcEE13_C_maker_funcEiPKcj  cpp_ps.l(ios.o)
    0x08006780   0x08006780   0x00000034   Code   RO         2329    t._ZN4__rw16__rw_facet_makerISt5ctypeIwEE13_C_maker_funcEiPKcj  cpp_ps.l(ios.o)
    0x080067b4   0x080067b4   0x00000034   Code   RO         2545    t._ZN4__rw16__rw_facet_makerISt7codecvtIccSt11__mbstate_tEE13_C_maker_funcEiPKcj  cpp_ps.l(ios.o)
    0x080067e8   0x080067e8   0x00000034   Code   RO         2554    t._ZN4__rw16__rw_facet_makerISt7codecvtIwcSt11__mbstate_tEE13_C_maker_funcEiPKcj  cpp_ps.l(ios.o)
    0x0800681c   0x0800681c   0x00000054   Code   RO         2993    t._ZN4__rw18__rw_locale_vectorIPNS_15__rw_facet_baseEE6resizeEjRKS2_  cpp_ps.l(locale.o)
    0x08006870   0x08006870   0x0000000e   Code   RO         2526    t._ZN4__rw18__rw_locale_vectorIPNS_15__rw_facet_baseEED1Ev  cpp_ps.l(ios.o)
    0x0800687e   0x0800687e   0x00000008   Code   RO         3008    t._ZN4__rw18__rw_locale_vectorIPNS_15__rw_facet_baseEEixEj  cpp_ps.l(locale.o)
    0x08006886   0x08006886   0x0000000e   Code   RO         3896    t._ZN4__rw18__rw_locale_vectorIPNS_8__rw_catEED1Ev  cpp_ps.l(rwcats.o)
    0x08006894   0x08006894   0x00000014   Code   RO         2529    t._ZN4__rw18__rw_locale_vectorISsED1Ev  cpp_ps.l(ios.o)
    0x080068a8   0x080068a8   0x00000008   Code   RO         3005    t._ZN4__rw18__rw_locale_vectorISsEixEj  cpp_ps.l(locale.o)
    0x080068b0   0x080068b0   0x00000090   Code   RO         3471    t._ZN4__rw18__rw_locale_vectorISt18__rw_open_cat_dataE6resizeEj  cpp_ps.l(messages.o)
    0x08006940   0x08006940   0x00000014   Code   RO         3477    t._ZN4__rw18__rw_locale_vectorISt18__rw_open_cat_dataED1Ev  cpp_ps.l(messages.o)
    0x08006954   0x08006954   0x00000016   Code   RO         2115    t._ZN4__rw23__rw_create_named_facetISt5ctypeIwEEEPT_S4_PKcj  cpp_ps.l(ios.o)
    0x0800696a   0x0800696a   0x00000016   Code   RO         2176    t._ZN4__rw23__rw_create_named_facetISt7codecvtIccSt11__mbstate_tEEEPT_S5_PKcj  cpp_ps.l(ios.o)
    0x08006980   0x08006980   0x00000016   Code   RO         2229    t._ZN4__rw23__rw_create_named_facetISt7codecvtIwcSt11__mbstate_tEEEPT_S5_PKcj  cpp_ps.l(ios.o)
    0x08006996   0x08006996   0x0000000a   Code   RO         2466    t._ZNKSt13basic_filebufIcSt11char_traitsIcEE7is_openEv  cpp_ps.l(ios.o)
    0x080069a0   0x080069a0   0x0000000a   Code   RO         2507    t._ZNKSt13basic_filebufIwSt11char_traitsIwEE7is_openEv  cpp_ps.l(ios.o)
    0x080069aa   0x080069aa   0x00000014   Code   RO         2433    t._ZNKSt15basic_streambufIcSt11char_traitsIcEE9_C_is_eofEi  cpp_ps.l(ios.o)
    0x080069be   0x080069be   0x00000014   Code   RO         2495    t._ZNKSt15basic_streambufIwSt11char_traitsIwEE9_C_is_eofEi  cpp_ps.l(ios.o)
    0x080069d2   0x080069d2   0x00000010   Code   RO         2454    t._ZNKSt4fposISt11__mbstate_tEeqERKS1_  cpp_ps.l(ios.o)
    0x080069e2   0x080069e2   0x0000000c   Code   RO         2457    t._ZNKSt4fposISt11__mbstate_tEneERKS1_  cpp_ps.l(ios.o)
    0x080069ee   0x080069ee   0x0000001c   Code   RO         2451    t._ZNKSt4fposISt11__mbstate_tEplEl  cpp_ps.l(ios.o)
    0x08006a0a   0x08006a0a   0x00000002   PAD
    0x08006a0c   0x08006a0c   0x0000008c   Code   RO         3084    t._ZNKSt8messagesIcE6do_getEiiiRKSs  cpp_ps.l(rwstdexcept.o)
    0x08006a98   0x08006a98   0x0000000a   Code   RO         3099    t._ZNKSt8messagesIcE7do_openERKSsRKSt6locale  cpp_ps.l(rwstdexcept.o)
    0x08006aa2   0x08006aa2   0x00000006   Code   RO          527    t._ZNKSt9basic_iosIcSt11char_traitsIcEE5rdbufEv  main.o
    0x08006aa8   0x08006aa8   0x00000058   Code   RO          634    t._ZNKSt9basic_iosIcSt11char_traitsIcEE5widenEc  main.o
    0x08006b00   0x08006b00   0x00000040   Code   RO          419    t._ZNSo5flushEv     main.o
    0x08006b40   0x08006b40   0x00000056   Code   RO          413    t._ZNSo6_C_padEl    main.o
    0x08006b96   0x08006b96   0x00000002   PAD
    0x08006b98   0x08006b98   0x00000078   Code   RO          559    t._ZNSo6sentryC1ERSo  main.o
    0x08006c10   0x08006c10   0x000000c0   Code   RO          425    t._ZNSo7_C_opfxEv   main.o
    0x08006cd0   0x08006cd0   0x00000034   Code   RO         2153    t._ZNSoC1EPSt15basic_streambufIcSt11char_traitsIcEE  cpp_ps.l(ios.o)
    0x08006d04   0x08006d04   0x0000000c   Code   RO          571    t._ZNSolsEPFRSoS_E  main.o
    0x08006d10   0x08006d10   0x00000032   Code   RO         2965    t._ZNSs11_C_allocateEjjj  cpp_ps.l(locale.o)
    0x08006d42   0x08006d42   0x00000018   Code   RO         3002    t._ZNSs7replaceEjjPKcj  cpp_ps.l(locale.o)
    0x08006d5a   0x08006d5a   0x00000002   PAD
    0x08006d5c   0x08006d5c   0x00000180   Code   RO         1834    t._ZNSs7replaceEjjPKcjjj  cpp_ps.l(char.o)
    0x08006edc   0x08006edc   0x00000080   Code   RO         1822    t._ZNSs9_C_getRepEjj  cpp_ps.l(char.o)
    0x08006f5c   0x08006f5c   0x00000048   Code   RO         1831    t._ZNSs9_C_unlinkEv  cpp_ps.l(char.o)
    0x08006fa4   0x08006fa4   0x00000038   Code   RO         2968    t._ZNSsC1EPKcRKSaIcE  cpp_ps.l(locale.o)
    0x08006fdc   0x08006fdc   0x00000010   Code   RO         2999    t._ZNSsC1ERKSaIcE   cpp_ps.l(locale.o)
    0x08006fec   0x08006fec   0x0000003c   Code   RO         1825    t._ZNSsC1ERKSs      cpp_ps.l(char.o)
    0x08007028   0x08007028   0x0000000c   Code   RO         1900    t._ZNSsD1Ev         cpp_ps.l(char.o)
    0x08007034   0x08007034   0x00000050   Code   RO         2974    t._ZNSsaSEPKc       cpp_ps.l(locale.o)
    0x08007084   0x08007084   0x0000003c   Code   RO         2971    t._ZNSsaSERKSs      cpp_ps.l(locale.o)
    0x080070c0   0x080070c0   0x00000074   Code   RO         2182    t._ZNSt13basic_filebufIcSt11char_traitsIcEE10_C_unshiftEv  cpp_ps.l(ios.o)
    0x08007134   0x08007134   0x0000001e   Code   RO         2476    t._ZNSt13basic_filebufIcSt11char_traitsIcEE12_C_file_seekEli  cpp_ps.l(ios.o)
    0x08007152   0x08007152   0x00000126   Code   RO         2218    t._ZNSt13basic_filebufIcSt11char_traitsIcEE4syncEv  cpp_ps.l(ios.o)
    0x08007278   0x08007278   0x00000072   Code   RO         2159    t._ZNSt13basic_filebufIcSt11char_traitsIcEE6setbufEPcl  cpp_ps.l(ios.o)
    0x080072ea   0x080072ea   0x00000060   Code   RO         2222    t._ZNSt13basic_filebufIcSt11char_traitsIcEE6xsputnEPKcl  cpp_ps.l(ios.o)
    0x0800734a   0x0800734a   0x000000b4   Code   RO         2210    t._ZNSt13basic_filebufIcSt11char_traitsIcEE7seekoffElNSt8ios_base10_C_seekdirEi  cpp_ps.l(ios.o)
    0x080073fe   0x080073fe   0x00000176   Code   RO         2203    t._ZNSt13basic_filebufIcSt11char_traitsIcEE8overflowEi  cpp_ps.l(ios.o)
    0x08007574   0x08007574   0x00000070   Code   RO         2163    t._ZNSt13basic_filebufIcSt11char_traitsIcEEC1EPSt6__FILEPcl  cpp_ps.l(ios.o)
    0x080075e4   0x080075e4   0x0000001e   Code   RO         2517    t._ZNSt13basic_filebufIwSt11char_traitsIwEE12_C_file_seekEli  cpp_ps.l(ios.o)
    0x08007602   0x08007602   0x0000012e   Code   RO         2271    t._ZNSt13basic_filebufIwSt11char_traitsIwEE4syncEv  cpp_ps.l(ios.o)
    0x08007730   0x08007730   0x0000006e   Code   RO         2135    t._ZNSt13basic_filebufIwSt11char_traitsIwEE6setbufEPwl  cpp_ps.l(ios.o)
    0x0800779e   0x0800779e   0x0000017a   Code   RO         2256    t._ZNSt13basic_filebufIwSt11char_traitsIwEE8overflowEi  cpp_ps.l(ios.o)
    0x08007918   0x08007918   0x00000070   Code   RO         2139    t._ZNSt13basic_filebufIwSt11char_traitsIwEEC1EPSt6__FILEPwl  cpp_ps.l(ios.o)
    0x08007988   0x08007988   0x00000034   Code   RO         2129    t._ZNSt13basic_ostreamIwSt11char_traitsIwEEC1EPSt15basic_streambufIwS1_E  cpp_ps.l(ios.o)
    0x080079bc   0x080079bc   0x00000016   Code   RO         2371    t._ZNSt15basic_streambufIcSt11char_traitsIcEE10_C_own_bufEb  cpp_ps.l(ios.o)
    0x080079d2   0x080079d2   0x00000012   Code   RO         2439    t._ZNSt15basic_streambufIcSt11char_traitsIcEE11_C_out_lastEb  cpp_ps.l(ios.o)
    0x080079e4   0x080079e4   0x00000012   Code   RO         2368    t._ZNSt15basic_streambufIcSt11char_traitsIcEE17_C_set_unbufferedEb  cpp_ps.l(ios.o)
    0x080079f6   0x080079f6   0x00000004   Code   RO         2801    t._ZNSt15basic_streambufIcSt11char_traitsIcEE4syncEv  cpp_ps.l(ios.o)
    0x080079fa   0x080079fa   0x0000002a   Code   RO         2169    t._ZNSt15basic_streambufIcSt11char_traitsIcEE5sputcEc  cpp_ps.l(ios.o)
    0x08007a24   0x08007a24   0x00000002   Code   RO         2773    t._ZNSt15basic_streambufIcSt11char_traitsIcEE6setbufEPcl  cpp_ps.l(ios.o)
    0x08007a26   0x08007a26   0x0000002c   Code   RO         2798    t._ZNSt15basic_streambufIcSt11char_traitsIcEE6xsputnEPKcl  cpp_ps.l(ios.o)
    0x08007a52   0x08007a52   0x0000000e   Code   RO          533    t._ZNSt15basic_streambufIcSt11char_traitsIcEE7pubsyncEv  main.o
    0x08007a60   0x08007a60   0x0000000c   Code   RO         2776    t._ZNSt15basic_streambufIcSt11char_traitsIcEE7seekoffElNSt8ios_base10_C_seekdirEi  cpp_ps.l(ios.o)
    0x08007a6c   0x08007a6c   0x00000006   Code   RO         2792    t._ZNSt15basic_streambufIcSt11char_traitsIcEE8overflowEi  cpp_ps.l(ios.o)
    0x08007a72   0x08007a72   0x00000006   Code   RO         2378    t._ZNSt15basic_streambufIcSt11char_traitsIcEE9pubsetbufEPcl  cpp_ps.l(ios.o)
    0x08007a78   0x08007a78   0x00000016   Code   RO         2344    t._ZNSt15basic_streambufIwSt11char_traitsIwEE10_C_own_bufEb  cpp_ps.l(ios.o)
    0x08007a8e   0x08007a8e   0x00000012   Code   RO         2501    t._ZNSt15basic_streambufIwSt11char_traitsIwEE11_C_out_lastEb  cpp_ps.l(ios.o)
    0x08007aa0   0x08007aa0   0x00000012   Code   RO         2341    t._ZNSt15basic_streambufIwSt11char_traitsIwEE17_C_set_unbufferedEb  cpp_ps.l(ios.o)
    0x08007ab2   0x08007ab2   0x0000002c   Code   RO         2225    t._ZNSt15basic_streambufIwSt11char_traitsIwEE5sputcEw  cpp_ps.l(ios.o)
    0x08007ade   0x08007ade   0x00000002   Code   RO         2819    t._ZNSt15basic_streambufIwSt11char_traitsIwEE6setbufEPwl  cpp_ps.l(ios.o)
    0x08007ae0   0x08007ae0   0x00000006   Code   RO         2838    t._ZNSt15basic_streambufIwSt11char_traitsIwEE8overflowEi  cpp_ps.l(ios.o)
    0x08007ae6   0x08007ae6   0x00000006   Code   RO         2374    t._ZNSt15basic_streambufIwSt11char_traitsIwEE9pubsetbufEPwl  cpp_ps.l(ios.o)
    0x08007aec   0x08007aec   0x0000000e   Code   RO         2442    t._ZNSt4fposISt11__mbstate_tEC1ERKS1_  cpp_ps.l(ios.o)
    0x08007afa   0x08007afa   0x0000000a   Code   RO         2347    t._ZNSt4fposISt11__mbstate_tEC1El  cpp_ps.l(ios.o)
    0x08007b04   0x08007b04   0x00000012   Code   RO         2445    t._ZNSt4fposISt11__mbstate_tEaSERKS1_  cpp_ps.l(ios.o)
    0x08007b16   0x08007b16   0x00000008   Code   RO         2536    t._ZNSt4fposISt11__mbstate_tEpLEl  cpp_ps.l(ios.o)
    0x08007b1e   0x08007b1e   0x00000002   PAD
    0x08007b20   0x08007b20   0x00000060   Code   RO         2145    t._ZNSt9basic_iosIcSt11char_traitsIcEE4initEPSt15basic_streambufIcS1_E  cpp_ps.l(ios.o)
    0x08007b80   0x08007b80   0x0000002a   Code   RO          389    t._ZNSt9basic_iosIcSt11char_traitsIcEE5clearEii  main.o
    0x08007baa   0x08007baa   0x0000001e   Code   RO          395    t._ZNSt9basic_iosIcSt11char_traitsIcEE8setstateEi  main.o
    0x08007bc8   0x08007bc8   0x00000010   Code   RO         2362    t._ZNSt9basic_iosIcSt11char_traitsIcEEC1Ev  cpp_ps.l(ios.o)
    0x08007bd8   0x08007bd8   0x00000060   Code   RO         2121    t._ZNSt9basic_iosIwSt11char_traitsIwEE4initEPSt15basic_streambufIwS1_E  cpp_ps.l(ios.o)
    0x08007c38   0x08007c38   0x00000010   Code   RO         2335    t._ZNSt9basic_iosIwSt11char_traitsIwEEC1Ev  cpp_ps.l(ios.o)
    0x08007c48   0x08007c48   0x0000000c   Code   RO         1894    t._ZSt3maxIjERKT_S2_S2_  cpp_ps.l(char.o)
    0x08007c54   0x08007c54   0x00000032   Code   RO          565    t._ZSt4endlIcSt11char_traitsIcEERSt13basic_ostreamIT_T0_ES6_  main.o
    0x08007c86   0x08007c86   0x00000002   PAD
    0x08007c88   0x08007c88   0x0000001c   Code   RO         2463    t._ZSt9use_facetISt7codecvtIccSt11__mbstate_tEERKT_RKSt6locale  cpp_ps.l(ios.o)
    0x08007ca4   0x08007ca4   0x0000001c   Code   RO         2504    t._ZSt9use_facetISt7codecvtIwcSt11__mbstate_tEERKT_RKSt6locale  cpp_ps.l(ios.o)
    0x08007cc0   0x08007cc0   0x00000062   Code   RO          439    t._ZStlsISt11char_traitsIcEERSt13basic_ostreamIcT_ES5_PKc  main.o
    0x08007d22   0x08007d22   0x00000002   PAD
    0x08007d24   0x08007d24   0x00000064   Code   RO         3933    x$fpl$deqf          fz_ps.l(deqf.o)
    0x08007d88   0x08007d88   0x00000068   Code   RO         4168    x$fpl$drleqf        fz_ps.l(drlef.o)
    0x08007df0   0x08007df0   0x00000010   Code   RO         3939    x$fpl$printf1       fz_ps.l(printf1.o)
    0x08007e00   0x08007e00   0x00000010   Code   RO         3941    x$fpl$printf2       fz_ps.l(printf2.o)
    0x08007e10   0x08007e10   0x00000010   Code   RO         3947    x$fpl$scanf1        fz_ps.l(scanf1.o)
    0x08007e20   0x08007e20   0x00000020   Code   RO         4129    x$fpl$scanf2        fz_ps.l(scanf2.o)
    0x08007e40   0x08007e40   0x00000000   Code   RO         4066    x$fpl$usenofp       fz_ps.l(usenofp.o)
    0x08007e40   0x08007e40   0x00000014   Data   RO          152    .constdata          retarget.o
    0x08007e54   0x08007e54   0x00000018   Data   RO         1210    .constdata          system_stm32f0xx.o
    0x08007e6c   0x08007e6c   0x00000200   Data   RO         1804    .constdata          cpp_ps.l(char.o)
    0x0800806c   0x0800806c   0x00000058   Data   RO         2067    .constdata          cpp_ps.l(ios.o)
    0x080080c4   0x080080c4   0x0000005c   Data   RO         3069    .constdata          cpp_ps.l(rwstdexcept.o)
    0x08008120   0x08008120   0x00000008   Data   RO         3719    .constdata          c_p.l(_printf_wctomb.o)
    0x08008128   0x08008128   0x00000028   Data   RO         3748    .constdata          c_p.l(_printf_hex_int_ll_ptr.o)
    0x08008150   0x08008150   0x00000011   Data   RO         3768    .constdata          c_p.l(__printf_flags_ss_wp.o)
    0x08008161   0x08008161   0x00000026   Data   RO         3980    .constdata          c_p.l(_printf_fp_hex.o)
    0x08008187   0x08008187   0x00000001   PAD
    0x08008188   0x08008188   0x00000094   Data   RO         4082    .constdata          c_p.l(bigflt0.o)
    0x0800821c   0x0800821c   0x00000014   Data   RO         2561    .constdata__ZTVNSt6locale5facetE  cpp_ps.l(ios.o)
    0x08008230   0x08008230   0x00000008   Data   RO         2576    .constdata__ZTVSi   cpp_ps.l(ios.o)
    0x08008238   0x08008238   0x00000028   Data   RO         2578    .constdata__ZTVSi   cpp_ps.l(ios.o)
    0x08008260   0x08008260   0x00000008   Data   RO         2579    .constdata__ZTVSo   cpp_ps.l(ios.o)
    0x08008268   0x08008268   0x00000028   Data   RO         2581    .constdata__ZTVSo   cpp_ps.l(ios.o)
    0x08008290   0x08008290   0x00000034   Data   RO         1978    .constdata__ZTVSt12ctype_bynameIcE  cpp_ps.l(char.o)
    0x080082c4   0x080082c4   0x00000040   Data   RO         2088    .constdata__ZTVSt13basic_filebufIcSt11char_traitsIcEE  cpp_ps.l(ios.o)
    0x08008304   0x08008304   0x00000040   Data   RO         2090    .constdata__ZTVSt13basic_filebufIwSt11char_traitsIwEE  cpp_ps.l(ios.o)
    0x08008344   0x08008344   0x00000008   Data   RO         2584    .constdata__ZTVSt13basic_istreamIwSt11char_traitsIwEE  cpp_ps.l(ios.o)
    0x0800834c   0x0800834c   0x00000028   Data   RO         2586    .constdata__ZTVSt13basic_istreamIwSt11char_traitsIwEE  cpp_ps.l(ios.o)
    0x08008374   0x08008374   0x00000008   Data   RO         2587    .constdata__ZTVSt13basic_ostreamIwSt11char_traitsIwEE  cpp_ps.l(ios.o)
    0x0800837c   0x0800837c   0x00000028   Data   RO         2589    .constdata__ZTVSt13basic_ostreamIwSt11char_traitsIwEE  cpp_ps.l(ios.o)
    0x080083a4   0x080083a4   0x00000014   Data   RO         3109    .constdata__ZTVSt14__rw_exception  cpp_ps.l(rwstdexcept.o)
    0x080083b8   0x080083b8   0x00000040   Data   RO         2575    .constdata__ZTVSt15basic_streambufIcSt11char_traitsIcEE  cpp_ps.l(ios.o)
    0x080083f8   0x080083f8   0x00000040   Data   RO         2583    .constdata__ZTVSt15basic_streambufIwSt11char_traitsIwEE  cpp_ps.l(ios.o)
    0x08008438   0x08008438   0x00000034   Data   RO         1815    .constdata__ZTVSt5ctypeIcE  cpp_ps.l(char.o)
    0x0800846c   0x0800846c   0x00000044   Data   RO         2565    .constdata__ZTVSt5ctypeIwE  cpp_ps.l(ios.o)
    0x080084b0   0x080084b0   0x00000030   Data   RO         2571    .constdata__ZTVSt7codecvtIccSt11__mbstate_tE  cpp_ps.l(ios.o)
    0x080084e0   0x080084e0   0x00000030   Data   RO         2573    .constdata__ZTVSt7codecvtIwcSt11__mbstate_tE  cpp_ps.l(ios.o)
    0x08008510   0x08008510   0x00000010   Data   RO         2563    .constdata__ZTVSt8ios_base  cpp_ps.l(ios.o)
    0x08008520   0x08008520   0x00000020   Data   RO         3082    .constdata__ZTVSt8messagesIcE  cpp_ps.l(rwstdexcept.o)
    0x08008540   0x08008540   0x00000010   Data   RO         2567    .constdata__ZTVSt9basic_iosIcSt11char_traitsIcEE  cpp_ps.l(ios.o)
    0x08008550   0x08008550   0x00000010   Data   RO         2569    .constdata__ZTVSt9basic_iosIwSt11char_traitsIwEE  cpp_ps.l(ios.o)
    0x08008560   0x08008560   0x00000014   Data   RO         3606    .constdata__ZTVSt9exception  cpprt_p.l(exception_dtor.o)
    0x08008574   0x08008574   0x00000001   Data   RO         2091    .constdata__ZZN4__rw24__rw_create_native_facetISt5ctypeIwEEEPT_S4_Es  cpp_ps.l(ios.o)
    0x08008575   0x08008575   0x00000001   Data   RO         2092    .constdata__ZZN4__rw24__rw_create_native_facetISt7codecvtIccSt11__mbstate_tEEEPT_S5_Es  cpp_ps.l(ios.o)
    0x08008576   0x08008576   0x00000001   Data   RO         2093    .constdata__ZZN4__rw24__rw_create_native_facetISt7codecvtIwcSt11__mbstate_tEEEPT_S5_Es  cpp_ps.l(ios.o)
    0x08008577   0x08008577   0x00000001   Data   RO         2962    .constdata__ZZNK4__rw15__rw_locale_imp16_C_category_nameEiEs  cpp_ps.l(locale.o)
    0x08008578   0x08008578   0x00000001   Data   RO          381    .constdata__ZZNSs7replaceEjjPKcjjjEs  main.o
    0x08008579   0x08008579   0x00000001   Data   RO          382    .constdata__ZZNSs9_C_getRepEjjEs  main.o
    0x0800857a   0x0800857a   0x00000002   Data   RO         3083    .constdata__ZZNSt8messagesIcEC1EjEs  cpp_ps.l(rwstdexcept.o)
    0x0800857c   0x0800857c   0x00000272   Data   RO         3070    .conststring        cpp_ps.l(rwstdexcept.o)
    0x080087ee   0x080087ee   0x00000002   PAD
    0x080087f0   0x080087f0   0x00000020   Data   RO         4227    Region$$Table       anon$$obj.o
    0x08008810   0x08008810   0x00000008   Data   RO         4123    c$$dinf             fz_ps.l(fpconst.o)
    0x08008818   0x08008818   0x00000008   Data   RO         4126    c$$dmax             fz_ps.l(fpconst.o)
    0x08008820   0x08008820   0x00000110   Data   RO         3839    locale$$data        c_p.l(lc_ctype_c.o)
    0x08008930   0x08008930   0x00000010   Data   RO         4003    locale$$data        c_p.l(null_locale.o)
    0x08008940   0x08008940   0x0000001c   Data   RO         4007    locale$$data        c_p.l(lc_numeric_c.o)
    0x0800895c   0x0800895c   0x00000004   Data   RO          320    .init_array         main.o
    0x08008960   0x0800895c   0x00000000   Data   RO         1767    .init_array         c_p.l(init_aeabi.o)
    0x08008960   0x0800895c   0x00000004   Data   RO         1806    .init_array         cpp_ps.l(char.o)
    0x08008964   0x0800895c   0x00000004   Data   RO         2945    .init_array         cpp_ps.l(locale.o)
    0x08008968   0x0800895c   0x00000004   Data   RO         3890    .init_array         cpp_ps.l(rwcats.o)


    Execution Region RW_IRAM1 (Exec base: 0x20000000, Load base: 0x0800896c, Size: 0x00002f68, Max: 0x00004000, ABSOLUTE)

    Exec Addr    Load Addr    Size         Type   Attr      Idx    E Section Name        Object

    0x20000000   0x0800896c   0x00000001   Data   RW          319    .data               main.o
    0x20000001   0x0800896d   0x00000003   PAD
    0x20000004   0x08008970   0x00000004   Data   RW         1211    .data               system_stm32f0xx.o
    0x20000008   0x08008974   0x00000004   Data   RW         1737    .data               c_p.l(stdio_streams.o)
    0x2000000c   0x08008978   0x00000004   Data   RW         1738    .data               c_p.l(stdio_streams.o)
    0x20000010   0x0800897c   0x00000004   Data   RW         1739    .data               c_p.l(stdio_streams.o)
    0x20000014   0x08008980   0x00000008   Data   RW         1805    .data               cpp_ps.l(char.o)
    0x2000001c   0x08008988   0x00000001   Data   RW         2069    .data               cpp_ps.l(ios.o)
    0x2000001d   0x08008989   0x00000003   PAD
    0x20000020   0x0800898c   0x0000000c   Data   RW         2070    .data               cpp_ps.l(ios.o)
    0x2000002c   0x08008998   0x00000004   Data   RW         2072    .data               cpp_ps.l(ios.o)
    0x20000030   0x0800899c   0x0000001c   Data   RW         2944    .data               cpp_ps.l(locale.o)
    0x2000004c   0x080089b8   0x00000017   Data   RW         3071    .data               cpp_ps.l(rwstdexcept.o)
    0x20000063   0x080089cf   0x00000001   Data   RW         3072    .data               cpp_ps.l(rwstdexcept.o)
    0x20000064   0x080089d0   0x00000004   Data   RW         3492    .data               cpp_ps.l(rwthrowproc_noex.o)
    0x20000068   0x080089d4   0x00000008   Data   RW         3889    .data               cpp_ps.l(rwcats.o)
    0x20000070   0x080089dc   0x00000004   Data   RW         3032    .data__ZZNKSt6locale2id7_C_initEvE9_C_id_gen  cpp_ps.l(locale.o)
    0x20000074   0x080089e0   0x0000000c   Data   RW         3490    .data__ZZSt13__rw_get_catsvE11__open_cats  cpp_ps.l(messages.o)
    0x20000080        -       0x00000054   Zero   RW         1734    .bss                c_p.l(stdio_streams.o)
    0x200000d4        -       0x00000054   Zero   RW         1735    .bss                c_p.l(stdio_streams.o)
    0x20000128        -       0x00000054   Zero   RW         1736    .bss                c_p.l(stdio_streams.o)
    0x2000017c   0x080089ec   0x00000004   PAD
    0x20000180        -       0x00001d30   Zero   RW         2030    .bss                cpp_ps.l(ios.o)
    0x20001eb0        -       0x00000018   Zero   RW         3068    .bss                cpp_ps.l(rwstdexcept.o)
    0x20001ec8        -       0x0000002a   Zero   RW         3365    .bss                c_p.l(locale.o)
    0x20001ef2   0x080089ec   0x00000002   PAD
    0x20001ef4        -       0x00000060   Zero   RW         3638    .bss                c_p.l(libspace.o)
    0x20001f54        -       0x00000010   Zero   RW         3554    .bss__ZNSs9__nullrefE  cpp_ps.l(vendor.o)
    0x20001f64   0x080089ec   0x00000004   PAD
    0x20001f68        -       0x00000800   Zero   RW            2    HEAP                startup_stm32f071xb.o
    0x20002768        -       0x00000800   Zero   RW            1    STACK               startup_stm32f071xb.o


==============================================================================

Image component sizes


      Code (inc. data)   RO Data    RW Data    ZI Data      Debug   Object Name

      2130        174          6          1          0     133981   main.o
       122          6         20          0          0     252642   retarget.o
        56         26        188          0       4096        624   startup_stm32f071xb.o
        12          0          0          0          0     262211   stm32f0xx_it.o
       250          0          0          0          0       6839   stm32f0xx_ll_gpio.o
       544         66          0          0          0      19140   stm32f0xx_ll_rcc.o
       288         26          0          0          0      21448   stm32f0xx_ll_usart.o
        96         16          0          0          0       5721   stm32f0xx_ll_utils.o
         2          0         24          4          0       1103   system_stm32f0xx.o

    ----------------------------------------------------------------------
      3510        314        270          8       4096     703709   Object Totals
         0          0         32          0          0          0   (incl. Generated)
        10          0          0          3          0          0   (incl. Padding)

    ----------------------------------------------------------------------

      Code (inc. data)   RO Data    RW Data    ZI Data      Debug   Library Member Name

        28          6          0          0          0         84   __2printf.o
         8          0          0          0          0         68   __main.o
       392          6         17          0          0         76   __printf_flags_ss_wp.o
        14          0          0          0          0         60   __printf_wp.o
         0          0          0          0          0          0   __rtentry.o
        12          0          0          0          0          0   __rtentry2.o
         6          0          0          0          0          0   __rtentry4.o
        60          8          0          0          0          0   __scatter.o
        26          0          0          0          0          0   __scatter_copy.o
        28          0          0          0          0          0   __scatter_zi.o
        30          0          0          0          0         60   _chval.o
        60          0          0          0          0         72   _mbrtowc.o
        10          0          0          0          0          0   _printf_a.o
        10          0          0          0          0          0   _printf_c.o
        46          0          0          0          0        100   _printf_char.o
        48          6          0          0          0         88   _printf_char_common.o
        40          6          0          0          0         72   _printf_char_file.o
        38          0          0          0          0         60   _printf_charcount.o
        10          0          0          0          0          0   _printf_d.o
       108         18          0          0          0         76   _printf_dec.o
        10          0          0          0          0          0   _printf_e.o
        10          0          0          0          0          0   _printf_f.o
      1048         14          0          0          0        176   _printf_fp_dec.o
       728         10         38          0          0         84   _printf_fp_hex.o
       136         16          0          0          0         76   _printf_fp_infnan.o
        10          0          0          0          0          0   _printf_g.o
       152          4         40          0          0        148   _printf_hex_int_ll_ptr.o
        10          0          0          0          0          0   _printf_i.o
       176          0          0          0          0         84   _printf_intcommon.o
        10          0          0          0          0          0   _printf_l.o
        10          0          0          0          0          0   _printf_lc.o
        10          0          0          0          0          0   _printf_ll.o
        10          0          0          0          0          0   _printf_lld.o
        10          0          0          0          0          0   _printf_lli.o
        10          0          0          0          0          0   _printf_llo.o
        10          0          0          0          0          0   _printf_llu.o
        10          0          0          0          0          0   _printf_llx.o
       112         18          0          0          0         76   _printf_longlong_dec.o
        10          0          0          0          0          0   _printf_ls.o
        10          0          0          0          0          0   _printf_n.o
        10          0          0          0          0          0   _printf_o.o
       112         10          0          0          0        112   _printf_oct_int_ll.o
        10          0          0          0          0          0   _printf_p.o
        78          0          0          0          0        100   _printf_pad.o
         2          0          0          0          0          0   _printf_percent.o
         4          0          0          0          0          0   _printf_percent_end.o
        10          0          0          0          0          0   _printf_s.o
        82          0          0          0          0         72   _printf_str.o
        36          0          0          0          0         76   _printf_truncate.o
        10          0          0          0          0          0   _printf_u.o
        46          0          0          0          0        100   _printf_wchar.o
       188          6          8          0          0         80   _printf_wctomb.o
        10          0          0          0          0          0   _printf_x.o
        22          0          0          0          0         92   _rserrno.o
       896         16          0          0          0         84   _scanf.o
       330          0          0          0          0         84   _scanf_int.o
       330          0          0          0          0         84   _scanf_longlong.o
       286          0          0          0          0         84   _scanf_mbtowc.o
       232          0          0          0          0         84   _scanf_str.o
        32          0          0          0          0         68   _scanf_wcharmap.o
       230          0          0          0          0         84   _scanf_wctomb.o
       208          0          0          0          0         84   _scanf_wstr.o
        68          0          0          0          0         76   _sgetc.o
        16          0          0          0          0         60   _snputc.o
        10          0          0          0          0         60   _sputc.o
        64          0          0          0          0         72   _wcrtomb.o
        20          0          0          0          0         68   abort.o
        42          0          0          0          0         76   aeabi_atexit.o
       346          0          0          0          0         92   aeabi_sdiv.o
       216          6        148          0          0         80   bigflt0.o
      1456         30          0          0          0        336   btod.o
        66          0          0          0          0         76   cxa_finalize.o
        48         34          0          0          0         68   defsig_abrt_inner.o
        12          0          0          0          0         68   defsig_abrt_outer.o
        12          0          0          0          0         68   defsig_exit.o
        52          0          0          0          0         72   defsig_general.o
        80         58          0          0          0         68   defsig_rtmem_inner.o
        12          0          0          0          0         68   defsig_rtmem_outer.o
        52         38          0          0          0         68   defsig_rtred_inner.o
        12          0          0          0          0         68   defsig_rtred_outer.o
        16          0          0          0          0         68   exit.o
        76          4          0          0          0         76   fclose.o
         8          0          0          0          0         60   ferror.o
       104          4          0          0          0        100   fflush.o
       496         10          0          0          0         76   flsbuf.o
       232          8          0          0          0        108   fopen.o
        22          0          0          0          0         84   fprintf.o
        30          0          0          0          0         68   fputc.o
       244          4          0          0          0         76   fseek.o
        66          0          0          0          0         68   ftell.o
       200          0          0          0          0         84   fwritefast.o
        98          0          0          0          0         72   h1_alloc.o
        52          0          0          0          0         68   h1_extend.o
        76          0          0          0          0         72   h1_free.o
        14          0          0          0          0         76   h1_init.o
         6          0          0          0          0        136   heapauxi.o
         4          0          0          0          0        120   hguard.o
        36         10          0          0          0         72   init_aeabi.o
       136          0          0          0          0        160   init_alloc.o
       316         44          0          0          0         96   initio.o
        18          0          0          0          0         68   isspace.o
        44         10        272          0          0         76   lc_ctype_c.o
        44         10         28          0          0         76   lc_numeric_c.o
         2          0          0          0          0          0   libinit.o
        46          0          0          0          0          0   libinit2.o
         2          0          0          0          0          0   libshutdown.o
        12          0          0          0          0          0   libshutdown2.o
         8          4          0          0         96         68   libspace.o
        48          0          0          0          0         72   llmul.o
        32          0          0          0          0         68   llshl.o
       122          0          0          0          0         72   lludiv10.o
        20          6          0          0         42         68   locale.o
       452         10          0          0          0        160   locale_r.o
         0          0          0          0          0          0   maybetermalloc1.o
        18          0          0          0          0         60   mbsinit.o
        12          0          0          0          0         68   memcpy.o
        12          0          0          0          0         68   memmove.o
         0          0         16          0          0          0   null_locale.o
        16          4          0          0          0         76   rt_ctype_table.o
         8          4          0          0          0         68   rt_ddtor_pointer_addr_intlibspace.o
         8          4          0          0          0         68   rt_eh_globals_addr_intlibspace.o
         8          4          0          0          0         68   rt_errno_addr_intlibspace.o
         8          4          0          0          0         68   rt_heap_descriptor_intlibspace.o
         8          4          0          0          0         68   rt_locale_intlibspace.o
        64          0          0          0          0        108   rt_memclr.o
       186          0          0          0          0        144   rt_memcpy.o
       150          0          0          0          0        104   rt_memmove.o
         8          4          0          0          0         68   rt_new_handler_addr_intlibspace.o
         2          0          0          0          0          0   rtexit.o
        10          0          0          0          0          0   rtexit2.o
        40          0          0          0          0         60   rtudiv10.o
        48          8          0          0          0         84   scanf_char.o
      1312         24          0          0          0        124   scanf_fp.o
       820         14          0          0          0         84   scanf_hexfp.o
       316         16          0          0          0         84   scanf_infnan.o
        76          4          0          0          0         72   setvbuf.o
        64         10          0          0          0         84   sscanf.o
       240          8          0          0          0        144   stdio.o
         0          0          0         12        252          0   stdio_streams.o
        24          0          0          0          0         60   strcat.o
       136          4          0          0          0         72   strcmp.o
        76          6          0          0          0         72   strcpy.o
        68          6          0          0          0         72   strlen.o
        22          0          0          0          0         60   strrchr.o
        62          0          0          0          0         80   sys_stackheap_outer.o
        56          6          0          0          0         72   vsnprintf.o
        10          0          0          0          0         68   wmemmove.o
      1880         68        620          8          0       1384   char.o
      5392        384        771         17       7472       7028   ios.o
      1462         88          5         32          0       1428   locale.o
       478         36          0         12          0        640   messages.o
        42          0          0          0          0        136   rwalloc.o
       192         22          4          8          0        352   rwcats.o
       888         68        772         24         24        888   rwstdexcept.o
       152         92          0          0          0         64   rwthrowproc_impl_noex.o
         0          0          0          4          0          0   rwthrowproc_noex.o
         0          0          0          0         16          0   vendor.o
        24          0          0          0          0         76   ARM_vec_cleanup_noexceptions.o
        12          0          0          0          0         68   aeabi_vec_delete_noexceptions.o
        18          0          0          0          0         68   aeabi_vec_dtor_cookie.o
        34          0          0          0          0         76   aeabi_vec_dtor_noexceptions.o
        20          0          0          0          0         72   aeabi_vec_new_cookie.o
        84         12          0          0          0         96   arm_exceptions_globs.o
        66          0          0          0          0        100   arm_exceptions_mem.o
        28          0          0          0          0         68   arm_exceptions_terminate.o
         8          0          0          0          0         68   arm_newhandler_noexceptions.o
         2          0          0          0          0         60   arm_rethrow_noexceptions.o
         8          0          0          0          0         68   array_del.o
         8          0          0          0          0         68   array_new.o
       162          0          0          0          0         84   array_new_general.o
        18          0          0          0          0         60   cxa_guard_acquire.o
        24          6          0          0          0         76   cxa_vec_new.o
         8          0          0          0          0         68   delete.o
        12          6          0          0          0         60   exception_ctor.o
         0          0         20          0          0          0   exception_dtor.o
        40          4          0          0          0         68   new.o
        46          0          0          0          0         60   cmpret.o
       124          4          0          0          0         72   d2f.o
       144          4          0          0          0         76   dcmpin.o
       100          4          0          0          0         92   deqf.o
        20          6          0          0          0         68   dnan2.o
       104          4          0          0          0        104   drlef.o
        96         12          0          0          0         72   dscalbn.o
         0          0         16          0          0          0   fpconst.o
        16          4          0          0          0         76   printf1.o
        16          4          0          0          0         76   printf2.o
        94          0          0          0          0         68   retnan.o
        16          4          0          0          0         76   scanf1.o
        32          8          0          0          0        100   scanf2.o
         0          0          0          0          0          0   usenofp.o
        40         10          0          0          0        136   dunder.o
        44          4          0          0          0         60   fpclassify.o
        88         16          0          0          0         72   frexp.o
       132          0          0          0          0        140   ldexp.o
       216         10          0          0          0        144   narrow.o

    ----------------------------------------------------------------------
     28622       1448       2778        120       7912      23804   Library Totals
        48          0          3          3         10          0   (incl. Padding)

    ----------------------------------------------------------------------

      Code (inc. data)   RO Data    RW Data    ZI Data      Debug   Library Name

     16184        568        567         12        390       9088   c_p.l
     10486        758       2172        105       7512      11920   cpp_ps.l
       576         28         20          0          0       1304   cpprt_p.l
       808         54         16          0          0        940   fz_ps.l
       520         40          0          0          0        552   m_ps.l

    ----------------------------------------------------------------------
     28622       1448       2778        120       7912      23804   Library Totals

    ----------------------------------------------------------------------

==============================================================================


      Code (inc. data)   RO Data    RW Data    ZI Data      Debug   

     32132       1762       3048        128      12008     711057   Grand Totals
     32132       1762       3048        128      12008     711057   ELF Image Totals
     32132       1762       3048        128          0          0   ROM Totals

==============================================================================

    Total RO  Size (Code + RO Data)                35180 (  34.36kB)
    Total RW  Size (RW Data + ZI Data)             12136 (  11.85kB)
    Total ROM Size (Code + RO Data + RW Data)      35308 (  34.48kB)

==============================================================================

